Archive member included to satisfy reference by file (symbol)

C:/ST/STM32CubeIDE_1.16.0/STM32CubeIDE/plugins/com.st.stm32cube.ide.mcu.externaltools.gnu-tools-for-stm32.13.3.rel1.win32_1.0.0.202411081344/tools/bin/../lib/gcc/arm-none-eabi/13.3.1/../../../../arm-none-eabi/lib/thumb/v7e-m/nofp\libc_nano.a(libc_a-exit.o)
                              C:/ST/STM32CubeIDE_1.16.0/STM32CubeIDE/plugins/com.st.stm32cube.ide.mcu.externaltools.gnu-tools-for-stm32.13.3.rel1.win32_1.0.0.202411081344/tools/bin/../lib/gcc/arm-none-eabi/13.3.1/../../../../arm-none-eabi/lib/thumb/v7e-m/nofp/crt0.o (exit)
C:/ST/STM32CubeIDE_1.16.0/STM32CubeIDE/plugins/com.st.stm32cube.ide.mcu.externaltools.gnu-tools-for-stm32.13.3.rel1.win32_1.0.0.202411081344/tools/bin/../lib/gcc/arm-none-eabi/13.3.1/../../../../arm-none-eabi/lib/thumb/v7e-m/nofp\libc_nano.a(libc_a-findfp.o)
                              C:/ST/STM32CubeIDE_1.16.0/STM32CubeIDE/plugins/com.st.stm32cube.ide.mcu.externaltools.gnu-tools-for-stm32.13.3.rel1.win32_1.0.0.202411081344/tools/bin/../lib/gcc/arm-none-eabi/13.3.1/../../../../arm-none-eabi/lib/thumb/v7e-m/nofp\libc_nano.a(libc_a-exit.o) (__stdio_exit_handler)
C:/ST/STM32CubeIDE_1.16.0/STM32CubeIDE/plugins/com.st.stm32cube.ide.mcu.externaltools.gnu-tools-for-stm32.13.3.rel1.win32_1.0.0.202411081344/tools/bin/../lib/gcc/arm-none-eabi/13.3.1/../../../../arm-none-eabi/lib/thumb/v7e-m/nofp\libc_nano.a(libc_a-fwalk.o)
                              C:/ST/STM32CubeIDE_1.16.0/STM32CubeIDE/plugins/com.st.stm32cube.ide.mcu.externaltools.gnu-tools-for-stm32.13.3.rel1.win32_1.0.0.202411081344/tools/bin/../lib/gcc/arm-none-eabi/13.3.1/../../../../arm-none-eabi/lib/thumb/v7e-m/nofp\libc_nano.a(libc_a-findfp.o) (_fwalk_sglue)
C:/ST/STM32CubeIDE_1.16.0/STM32CubeIDE/plugins/com.st.stm32cube.ide.mcu.externaltools.gnu-tools-for-stm32.13.3.rel1.win32_1.0.0.202411081344/tools/bin/../lib/gcc/arm-none-eabi/13.3.1/../../../../arm-none-eabi/lib/thumb/v7e-m/nofp\libc_nano.a(libc_a-stdio.o)
                              C:/ST/STM32CubeIDE_1.16.0/STM32CubeIDE/plugins/com.st.stm32cube.ide.mcu.externaltools.gnu-tools-for-stm32.13.3.rel1.win32_1.0.0.202411081344/tools/bin/../lib/gcc/arm-none-eabi/13.3.1/../../../../arm-none-eabi/lib/thumb/v7e-m/nofp\libc_nano.a(libc_a-findfp.o) (__sread)
C:/ST/STM32CubeIDE_1.16.0/STM32CubeIDE/plugins/com.st.stm32cube.ide.mcu.externaltools.gnu-tools-for-stm32.13.3.rel1.win32_1.0.0.202411081344/tools/bin/../lib/gcc/arm-none-eabi/13.3.1/../../../../arm-none-eabi/lib/thumb/v7e-m/nofp\libc_nano.a(libc_a-memset.o)
                              C:/ST/STM32CubeIDE_1.16.0/STM32CubeIDE/plugins/com.st.stm32cube.ide.mcu.externaltools.gnu-tools-for-stm32.13.3.rel1.win32_1.0.0.202411081344/tools/bin/../lib/gcc/arm-none-eabi/13.3.1/../../../../arm-none-eabi/lib/thumb/v7e-m/nofp/crt0.o (memset)
C:/ST/STM32CubeIDE_1.16.0/STM32CubeIDE/plugins/com.st.stm32cube.ide.mcu.externaltools.gnu-tools-for-stm32.13.3.rel1.win32_1.0.0.202411081344/tools/bin/../lib/gcc/arm-none-eabi/13.3.1/../../../../arm-none-eabi/lib/thumb/v7e-m/nofp\libc_nano.a(libc_a-closer.o)
                              C:/ST/STM32CubeIDE_1.16.0/STM32CubeIDE/plugins/com.st.stm32cube.ide.mcu.externaltools.gnu-tools-for-stm32.13.3.rel1.win32_1.0.0.202411081344/tools/bin/../lib/gcc/arm-none-eabi/13.3.1/../../../../arm-none-eabi/lib/thumb/v7e-m/nofp\libc_nano.a(libc_a-stdio.o) (_close_r)
C:/ST/STM32CubeIDE_1.16.0/STM32CubeIDE/plugins/com.st.stm32cube.ide.mcu.externaltools.gnu-tools-for-stm32.13.3.rel1.win32_1.0.0.202411081344/tools/bin/../lib/gcc/arm-none-eabi/13.3.1/../../../../arm-none-eabi/lib/thumb/v7e-m/nofp\libc_nano.a(libc_a-reent.o)
                              C:/ST/STM32CubeIDE_1.16.0/STM32CubeIDE/plugins/com.st.stm32cube.ide.mcu.externaltools.gnu-tools-for-stm32.13.3.rel1.win32_1.0.0.202411081344/tools/bin/../lib/gcc/arm-none-eabi/13.3.1/../../../../arm-none-eabi/lib/thumb/v7e-m/nofp\libc_nano.a(libc_a-closer.o) (errno)
C:/ST/STM32CubeIDE_1.16.0/STM32CubeIDE/plugins/com.st.stm32cube.ide.mcu.externaltools.gnu-tools-for-stm32.13.3.rel1.win32_1.0.0.202411081344/tools/bin/../lib/gcc/arm-none-eabi/13.3.1/../../../../arm-none-eabi/lib/thumb/v7e-m/nofp\libc_nano.a(libc_a-impure.o)
                              C:/ST/STM32CubeIDE_1.16.0/STM32CubeIDE/plugins/com.st.stm32cube.ide.mcu.externaltools.gnu-tools-for-stm32.13.3.rel1.win32_1.0.0.202411081344/tools/bin/../lib/gcc/arm-none-eabi/13.3.1/../../../../arm-none-eabi/lib/thumb/v7e-m/nofp\libc_nano.a(libc_a-reent.o) (_impure_ptr)
C:/ST/STM32CubeIDE_1.16.0/STM32CubeIDE/plugins/com.st.stm32cube.ide.mcu.externaltools.gnu-tools-for-stm32.13.3.rel1.win32_1.0.0.202411081344/tools/bin/../lib/gcc/arm-none-eabi/13.3.1/../../../../arm-none-eabi/lib/thumb/v7e-m/nofp\libc_nano.a(libc_a-lseekr.o)
[...]
Memory Configuration

Name             Origin             Length             Attributes
RAM              0x20000000         0x00010000         xrw
RAM2             0x10000000         0x00008000         xrw
FLASH            0x08000000         0x00040000         xr
*default*        0x00000000         0xffffffff

Linker script and memory map

LOAD C:/ST/STM32CubeIDE_1.16.0/STM32CubeIDE/plugins/com.st.stm32cube.ide.mcu.externaltools.gnu-tools-for-stm32.13.3.rel1.win32_1.0.0.202411081344/tools/bin/../lib/gcc/arm-none-eabi/13.3.1/thumb/v7e-m/nofp/crti.o
LOAD C:/ST/STM32CubeIDE_1.16.0/STM32CubeIDE/plugins/com.st.stm32cube.ide.mcu.externaltools.gnu-tools-for-stm32.13.3.rel1.win32_1.0.0.202411081344/tools/bin/../lib/gcc/arm-none-eabi/13.3.1/thumb/v7e-m/nofp/crtbegin.o
LOAD C:/ST/STM32CubeIDE_1.16.0/STM32CubeIDE/plugins/com.st.stm32cube.ide.mcu.externaltools.gnu-tools-for-stm32.13.3.rel1.win32_1.0.0.202411081344/tools/bin/../lib/gcc/arm-none-eabi/13.3.1/../../../../arm-none-eabi/lib/thumb/v7e-m/nofp/crt0.o
LOAD ./Core/Src/dma.o
LOAD ./Core/Src/gpio.o
LOAD ./Core/Src/main.o
LOAD ./Core/Src/rtc.o
LOAD ./Core/Src/stm32_lpm_if.o
LOAD ./Core/Src/stm32wlxx_hal_msp.o
LOAD ./Core/Src/stm32wlxx_it.o
LOAD ./Core/Src/subghz.o
LOAD ./Core/Src/sys_app.o
LOAD ./Core/Src/sys_debug.o
LOAD ./Core/Src/syscalls.o
LOAD ./Core/Src/sysmem.o
LOAD ./Core/Src/system_stm32wlxx.o
LOAD ./Core/Src/timer_if.o
LOAD ./Core/Src/usart.o
LOAD ./Core/Src/usart_if.o
LOAD ./Core/Startup/startup_stm32wle5ccux.o
LOAD ./Drivers/STM32WLxx_HAL_Driver/Src/stm32wlxx_hal.o
LOAD ./Drivers/STM32WLxx_HAL_Driver/Src/stm32wlxx_hal_cortex.o
LOAD ./Drivers/STM32WLxx_HAL_Driver/Src/stm32wlxx_hal_dma.o
LOAD ./Drivers/STM32WLxx_HAL_Driver/Src/stm32wlxx_hal_dma_ex.o
LOAD ./Drivers/STM32WLxx_HAL_Driver/Src/stm32wlxx_hal_exti.o
LOAD ./Drivers/STM32WLxx_HAL_Driver/Src/stm32wlxx_hal_flash.o
LOAD ./Drivers/STM32WLxx_HAL_Driver/Src/stm32wlxx_hal_flash_ex.o
LOAD ./Drivers/STM32WLxx_HAL_Driver/Src/stm32wlxx_hal_gpio.o
LOAD ./Drivers/STM32WLxx_HAL_Driver/Src/stm32wlxx_hal_pwr.o
LOAD ./Drivers/STM32WLxx_HAL_Driver/Src/stm32wlxx_hal_pwr_ex.o
LOAD ./Drivers/STM32WLxx_HAL_Driver/Src/stm32wlxx_hal_rcc.o
LOAD ./Drivers/STM32WLxx_HAL_Driver/Src/stm32wlxx_hal_rcc_ex.o
LOAD ./Drivers/STM32WLxx_HAL_Driver/Src/stm32wlxx_hal_rtc.o
LOAD ./Drivers/STM32WLxx_HAL_Driver/Src/stm32wlxx_hal_rtc_ex.o
LOAD ./Drivers/STM32WLxx_HAL_Driver/Src/stm32wlxx_hal_subghz.o
LOAD ./Drivers/STM32WLxx_HAL_Driver/Src/stm32wlxx_hal_uart.o
LOAD ./Drivers/STM32WLxx_HAL_Driver/Src/stm32wlxx_hal_uart_ex.o
LOAD ./Middlewares/Third_Party/SubGHz_Phy/stm32_radio_driver/lr_fhss_mac.o
LOAD ./Middlewares/Third_Party/SubGHz_Phy/stm32_radio_driver/radio.o
LOAD ./Middlewares/Third_Party/SubGHz_Phy/stm32_radio_driver/radio_driver.o
LOAD ./Middlewares/Third_Party/SubGHz_Phy/stm32_radio_driver/radio_fw.o
LOAD ./Middlewares/Third_Party/SubGHz_Phy/stm32_radio_driver/wl_lr_fhss.o
LOAD ./SubGHz_Phy/App/app_subghz_phy.o
LOAD ./SubGHz_Phy/App/subghz_phy_app.o
LOAD ./SubGHz_Phy/Target/radio_board_if.o
LOAD ./Utilities/lpm/tiny_lpm/stm32_lpm.o
LOAD ./Utilities/misc/stm32_mem.o
LOAD ./Utilities/misc/stm32_systime.o
LOAD ./Utilities/misc/stm32_tiny_sscanf.o
LOAD ./Utilities/misc/stm32_tiny_vsnprintf.o
LOAD ./Utilities/sequencer/stm32_seq.o
LOAD ./Utilities/timer/stm32_timer.o
LOAD ./Utilities/trace/adv_trace/stm32_adv_trace.o
START GROUP
LOAD C:/ST/STM32CubeIDE_1.16.0/STM32CubeIDE/plugins/com.st.stm32cube.ide.mcu.externaltools.gnu-tools-for-stm32.13.3.rel1.win32_1.0.0.202411081344/tools/bin/../lib/gcc/arm-none-eabi/13.3.1/../../../../arm-none-eabi/lib/thumb/v7e-m/nofp\libc_nano.a
LOAD C:/ST/STM32CubeIDE_1.16.0/STM32CubeIDE/plugins/com.st.stm32cube.ide.mcu.externaltools.gnu-tools-for-stm32.13.3.rel1.win32_1.0.0.202411081344/tools/bin/../lib/gcc/arm-none-eabi/13.3.1/../../../../arm-none-eabi/lib/thumb/v7e-m/nofp\libm.a
END GROUP
START GROUP
LOAD C:/ST/STM32CubeIDE_1.16.0/STM32CubeIDE/plugins/com.st.stm32cube.ide.mcu.externaltools.gnu-tools-for-stm32.13.3.rel1.win32_1.0.0.202411081344/tools/bin/../lib/gcc/arm-none-eabi/13.3.1/thumb/v7e-m/nofp\libgcc.a
LOAD C:/ST/STM32CubeIDE_1.16.0/STM32CubeIDE/plugins/com.st.stm32cube.ide.mcu.externaltools.gnu-tools-for-stm32.13.3.rel1.win32_1.0.0.202411081344/tools/bin/../lib/gcc/arm-none-eabi/13.3.1/../../../../arm-none-eabi/lib/thumb/v7e-m/nofp\libc_nano.a
END GROUP
START GROUP
LOAD C:/ST/STM32CubeIDE_1.16.0/STM32CubeIDE/plugins/com.st.stm32cube.ide.mcu.externaltools.gnu-tools-for-stm32.13.3.rel1.win32_1.0.0.202411081344/tools/bin/../lib/gcc/arm-none-eabi/13.3.1/thumb/v7e-m/nofp\libgcc.a
LOAD C:/ST/STM32CubeIDE_1.16.0/STM32CubeIDE/plugins/com.st.stm32cube.ide.mcu.externaltools.gnu-tools-for-stm32.13.3.rel1.win32_1.0.0.202411081344/tools/bin/../lib/gcc/arm-none-eabi/13.3.1/../../../../arm-none-eabi/lib/thumb/v7e-m/nofp\libc_nano.a
LOAD C:/ST/STM32CubeIDE_1.16.0/STM32CubeIDE/plugins/com.st.stm32cube.ide.mcu.externaltools.gnu-tools-for-stm32.13.3.rel1.win32_1.0.0.202411081344/tools/bin/../lib/gcc/arm-none-eabi/13.3.1/../../../../arm-none-eabi/lib/thumb/v7e-m/nofp\libnosys.a
END GROUP
START GROUP
LOAD C:/ST/STM32CubeIDE_1.16.0/STM32CubeIDE/plugins/com.st.stm32cube.ide.mcu.externaltools.gnu-tools-for-stm32.13.3.rel1.win32_1.0.0.202411081344/tools/bin/../lib/gcc/arm-none-eabi/13.3.1/thumb/v7e-m/nofp\libgcc.a
LOAD C:/ST/STM32CubeIDE_1.16.0/STM32CubeIDE/plugins/com.st.stm32cube.ide.mcu.externaltools.gnu-tools-for-stm32.13.3.rel1.win32_1.0.0.202411081344/tools/bin/../lib/gcc/arm-none-eabi/13.3.1/../../../../arm-none-eabi/lib/thumb/v7e-m/nofp\libc_nano.a
LOAD C:/ST/STM32CubeIDE_1.16.0/STM32CubeIDE/plugins/com.st.stm32cube.ide.mcu.externaltools.gnu-tools-for-stm32.13.3.rel1.win32_1.0.0.202411081344/tools/bin/../lib/gcc/arm-none-eabi/13.3.1/../../../../arm-none-eabi/lib/thumb/v7e-m/nofp\libnosys.a
END GROUP
LOAD C:/ST/STM32CubeIDE_1.16.0/STM32CubeIDE/plugins/com.st.stm32cube.ide.mcu.externaltools.gnu-tools-for-stm32.13.3.rel1.win32_1.0.0.202411081344/tools/bin/../lib/gcc/arm-none-eabi/13.3.1/thumb/v7e-m/nofp/crtend.o
LOAD C:/ST/STM32CubeIDE_1.16.0/STM32CubeIDE/plugins/com.st.stm32cube.ide.mcu.externaltools.gnu-tools-for-stm32.13.3.rel1.win32_1.0.0.202411081344/tools/bin/../lib/gcc/arm-none-eabi/13.3.1/thumb/v7e-m/nofp/crtn.o
                0x20010000                        _estack = (ORIGIN (RAM) + LENGTH (RAM))
                0x00000200                        _Min_Heap_Size = 0x200
                0x00000400                        _Min_Stack_Size = 0x400

.isr_vector     0x08000000      0x138
                0x08000000                        . = ALIGN (0x4)
 *(.isr_vector)
 .isr_vector    0x08000000      0x138 ./Core/Startup/startup_stm32wle5ccux.o
                0x08000000                g_pfnVectors
                0x08000138                        . = ALIGN (0x4)

.text           0x08000138     0x61a0
                0x08000138                        . = ALIGN (0x4)
 *(.text)
 .text          0x08000138       0x40 C:/ST/STM32CubeIDE_1.16.0/STM32CubeIDE/plugins/com.st.stm32cube.ide.mcu.externaltools.gnu-tools-for-stm32.13.3.rel1.win32_1.0.0.202411081344/tools/bin/../lib/gcc/arm-none-eabi/13.3.1/thumb/v7e-m/nofp/crtbegin.o
 .text          0x08000178       0x10 C:/ST/STM32CubeIDE_1.16.0/STM32CubeIDE/plugins/com.st.stm32cube.ide.mcu.externaltools.gnu-tools-for-stm32.13.3.rel1.win32_1.0.0.202411081344/tools/bin/../lib/gcc/arm-none-eabi/13.3.1/../../../../arm-none-eabi/lib/thumb/v7e-m/nofp\libc_nano.a(libc_a-strlen.o)
                0x08000178                strlen
 .text          0x08000188       0x30 C:/ST/STM32CubeIDE_1.16.0/STM32CubeIDE/plugins/com.st.stm32cube.ide.mcu.externaltools.gnu-tools-for-stm32.13.3.rel1.win32_1.0.0.202411081344/tools/bin/../lib/gcc/arm-none-eabi/13.3.1/thumb/v7e-m/nofp\libgcc.a(_aeabi_uldivmod.o)
                0x08000188                __aeabi_uldivmod
 .text          0x080001b8      0x2f8 C:/ST/STM32CubeIDE_1.16.0/STM32CubeIDE/plugins/com.st.stm32cube.ide.mcu.externaltools.gnu-tools-for-stm32.13.3.rel1.win32_1.0.0.202411081344/tools/bin/../lib/gcc/arm-none-eabi/13.3.1/thumb/v7e-m/nofp\libgcc.a(_udivmoddi4.o)
                0x080001b8                __udivmoddi4
 .text          0x080004b0        0x4 C:/ST/STM32CubeIDE_1.16.0/STM32CubeIDE/plugins/com.st.stm32cube.ide.mcu.externaltools.gnu-tools-for-stm32.13.3.rel1.win32_1.0.0.202411081344/tools/bin/../lib/gcc/arm-none-eabi/13.3.1/thumb/v7e-m/nofp\libgcc.a(_dvmd_tls.o)
                0x080004b0                __aeabi_idiv0
                0x080004b0                __aeabi_ldiv0
 *(.text*)
 .text.MX_DMA_Init
                0x080004b4       0x40 ./Core/Src/dma.o
                0x080004b4                MX_DMA_Init
 .text.LL_AHB2_GRP1_EnableClock
                0x080004f4       0x18 ./Core/Src/gpio.o
 .text.MX_GPIO_Init
                0x0800050c       0x78 ./Core/Src/gpio.o
                0x0800050c                MX_GPIO_Init
 .text.OnTxDone
                0x08000584       0x1c ./Core/Src/main.o
                0x08000584                OnTxDone
 .text.OnRxDone
                0x080005a0        0xc ./Core/Src/main.o
                0x080005a0                OnRxDone
 .text.OnTxTimeout
                0x080005ac       0x1c ./Core/Src/main.o
                0x080005ac                OnTxTimeout
 .text.OnRxTimeout
                0x080005c8       0x1c ./Core/Src/main.o
                0x080005c8                OnRxTimeout
 .text.OnRxError
                0x080005e4        0xc ./Core/Src/main.o
                0x080005e4                OnRxError
 .text.RadioInit
                0x080005f0       0xa8 ./Core/Src/main.o
                0x080005f0                RadioInit
 .text.SystemClock_Config
                0x08000698       0x8c ./Core/Src/main.o
                0x08000698                SystemClock_Config
 .text.startup.main
                0x08000724       0x40 ./Core/Src/main.o
                0x08000724                main
 .text.Error_Handler
                0x08000764        0x4 ./Core/Src/main.o
                0x08000764                Error_Handler
 .text.MX_RTC_Init
                0x08000768       0x74 ./Core/Src/rtc.o
                0x08000768                MX_RTC_Init
 .text.HAL_RTC_MspInit
                0x080007dc       0x7c ./Core/Src/rtc.o
                0x080007dc                HAL_RTC_MspInit
 .text.PWR_EnterOffMode
                0x08000858        0x2 ./Core/Src/stm32_lpm_if.o
                0x08000858                PWR_EnterOffMode
 *fill*         0x0800085a        0x2 
 .text.PWR_EnterStopMode
                0x0800085c       0x1c ./Core/Src/stm32_lpm_if.o
                0x0800085c                PWR_EnterStopMode
 .text.PWR_ExitSleepMode
                0x08000878        0x4 ./Core/Src/stm32_lpm_if.o
                0x08000878                PWR_ExitSleepMode
 .text.PWR_ExitStopMode
                0x0800087c        0xe ./Core/Src/stm32_lpm_if.o
                0x0800087c                PWR_ExitStopMode
 .text.PWR_EnterSleepMode
                0x0800088a       0x12 ./Core/Src/stm32_lpm_if.o
                0x0800088a                PWR_EnterSleepMode
 .text.PWR_ExitOffMode
                0x0800089c        0x2 ./Core/Src/stm32_lpm_if.o
                0x0800089c                PWR_ExitOffMode
 .text.HAL_MspInit
                0x0800089e        0x2 ./Core/Src/stm32wlxx_hal_msp.o
                0x0800089e                HAL_MspInit
 .text.NMI_Handler
                0x080008a0        0x2 ./Core/Src/stm32wlxx_it.o
                0x080008a0                NMI_Handler
 .text.HardFault_Handler
                0x080008a2        0x2 ./Core/Src/stm32wlxx_it.o
                0x080008a2                HardFault_Handler
 .text.MemManage_Handler
                0x080008a4        0x2 ./Core/Src/stm32wlxx_it.o
                0x080008a4                MemManage_Handler
 .text.BusFault_Handler
                0x080008a6        0x2 ./Core/Src/stm32wlxx_it.o
                0x080008a6                BusFault_Handler
 .text.UsageFault_Handler
                0x080008a8        0x2 ./Core/Src/stm32wlxx_it.o
                0x080008a8                UsageFault_Handler
 .text.SVC_Handler
                0x080008aa        0x2 ./Core/Src/stm32wlxx_it.o
                0x080008aa                SVC_Handler
 .text.DebugMon_Handler
                0x080008ac        0x2 ./Core/Src/stm32wlxx_it.o
                0x080008ac                DebugMon_Handler
 .text.PendSV_Handler
                0x080008ae        0x2 ./Core/Src/stm32wlxx_it.o
                0x080008ae                PendSV_Handler
 .text.SysTick_Handler
                0x080008b0        0x2 ./Core/Src/stm32wlxx_it.o
                0x080008b0                SysTick_Handler
 *fill*         0x080008b2        0x2 
 .text.TAMP_STAMP_LSECSS_SSRU_IRQHandler
                0x080008b4        0xc ./Core/Src/stm32wlxx_it.o
                0x080008b4                TAMP_STAMP_LSECSS_SSRU_IRQHandler
 .text.DMA1_Channel5_IRQHandler
                0x080008c0        0xc ./Core/Src/stm32wlxx_it.o
                0x080008c0                DMA1_Channel5_IRQHandler
 .text.RTC_Alarm_IRQHandler
                0x080008cc        0xc ./Core/Src/stm32wlxx_it.o
                0x080008cc                RTC_Alarm_IRQHandler
 .text.SUBGHZ_Radio_IRQHandler
                0x080008d8        0xc ./Core/Src/stm32wlxx_it.o
                0x080008d8                SUBGHZ_Radio_IRQHandler
 .text.MX_SUBGHZ_Init
                0x080008e4       0x1c ./Core/Src/subghz.o
                0x080008e4                MX_SUBGHZ_Init
 .text.HAL_SUBGHZ_MspInit
                0x08000900       0x2e ./Core/Src/subghz.o
                0x08000900                HAL_SUBGHZ_MspInit
 *fill*         0x0800092e        0x2 
 .text.tiny_snprintf_like.constprop.0
                0x08000930       0x20 ./Core/Src/sys_app.o
 .text.TimestampNow
                0x08000950       0x30 ./Core/Src/sys_app.o
 .text.SystemApp_Init
                0x08000980       0x44 ./Core/Src/sys_app.o
                0x08000980                SystemApp_Init
 .text.UTIL_SEQ_Idle
                0x080009c4        0x4 ./Core/Src/sys_app.o
                0x080009c4                UTIL_SEQ_Idle
 .text.UTIL_ADV_TRACE_PreSendHook
                0x080009c8        0x8 ./Core/Src/sys_app.o
                0x080009c8                UTIL_ADV_TRACE_PreSendHook
 .text.UTIL_ADV_TRACE_PostSendHook
                0x080009d0        0x8 ./Core/Src/sys_app.o
                0x080009d0                UTIL_ADV_TRACE_PostSendHook
 .text.HAL_InitTick
                0x080009d8        0x4 ./Core/Src/sys_app.o
                0x080009d8                HAL_InitTick
 .text.HAL_GetTick
                0x080009dc       0x10 ./Core/Src/sys_app.o
                0x080009dc                HAL_GetTick
 .text.HAL_Delay
                0x080009ec        0xc ./Core/Src/sys_app.o
                0x080009ec                HAL_Delay
 .text.DBG_Init
                0x080009f8       0xa0 ./Core/Src/sys_debug.o
                0x080009f8                DBG_Init
 .text.SystemInit
                0x08000a98        0x2 ./Core/Src/system_stm32wlxx.o
                0x08000a98                SystemInit
 *fill*         0x08000a9a        0x2 
 .text.TIMER_IF_GetTimerContext
                0x08000a9c        0xc ./Core/Src/timer_if.o
                0x08000a9c                TIMER_IF_GetTimerContext
 .text.TIMER_IF_GetMinimumTimeout
                0x08000aa8        0x4 ./Core/Src/timer_if.o
                0x08000aa8                TIMER_IF_GetMinimumTimeout
 .text.TIMER_IF_Convert_ms2Tick
                0x08000aac       0x14 ./Core/Src/timer_if.o
                0x08000aac                TIMER_IF_Convert_ms2Tick
 .text.TIMER_IF_Convert_Tick2ms
                0x08000ac0       0x10 ./Core/Src/timer_if.o
                0x08000ac0                TIMER_IF_Convert_Tick2ms
 .text.GetTimerTicks
                0x08000ad0       0x14 ./Core/Src/timer_if.o
 .text.TIMER_IF_SetTimerContext
                0x08000ae4       0x10 ./Core/Src/timer_if.o
                0x08000ae4                TIMER_IF_SetTimerContext
 .text.TIMER_IF_GetTimerElapsedTime
                0x08000af4       0x14 ./Core/Src/timer_if.o
                0x08000af4                TIMER_IF_GetTimerElapsedTime
 .text.TIMER_IF_GetTimerValue
                0x08000b08       0x10 ./Core/Src/timer_if.o
                0x08000b08                TIMER_IF_GetTimerValue
 .text.TIMER_IF_StopTimer
                0x08000b18       0x28 ./Core/Src/timer_if.o
                0x08000b18                TIMER_IF_StopTimer
 .text.TIMER_IF_BkUp_Write_Seconds
                0x08000b40       0x10 ./Core/Src/timer_if.o
                0x08000b40                TIMER_IF_BkUp_Write_Seconds
 .text.TIMER_IF_BkUp_Write_SubSeconds
                0x08000b50       0x10 ./Core/Src/timer_if.o
                0x08000b50                TIMER_IF_BkUp_Write_SubSeconds
 .text.TIMER_IF_StartTimer
                0x08000b60       0x50 ./Core/Src/timer_if.o
                0x08000b60                TIMER_IF_StartTimer
 .text.TIMER_IF_GetTime
                0x08000bb0       0x30 ./Core/Src/timer_if.o
                0x08000bb0                TIMER_IF_GetTime
 .text.TIMER_IF_BkUp_Read_Seconds
                0x08000be0        0xc ./Core/Src/timer_if.o
                0x08000be0                TIMER_IF_BkUp_Read_Seconds
 .text.TIMER_IF_BkUp_Read_SubSeconds
                0x08000bec        0xc ./Core/Src/timer_if.o
                0x08000bec                TIMER_IF_BkUp_Read_SubSeconds
 .text.TIMER_IF_Init
                0x08000bf8       0x48 ./Core/Src/timer_if.o
                0x08000bf8                TIMER_IF_Init
 .text.TIMER_IF_DelayMs
                0x08000c40       0x2a ./Core/Src/timer_if.o
                0x08000c40                TIMER_IF_DelayMs
 .text.HAL_RTC_AlarmAEventCallback
                0x08000c6a        0x4 ./Core/Src/timer_if.o
                0x08000c6a                HAL_RTC_AlarmAEventCallback
 *fill*         0x08000c6e        0x2 
 .text.HAL_RTCEx_SSRUEventCallback
                0x08000c70       0x20 ./Core/Src/timer_if.o
                0x08000c70                HAL_RTCEx_SSRUEventCallback
 .text.MX_USART2_UART_Init
                0x08000c90       0x64 ./Core/Src/usart.o
                0x08000c90                MX_USART2_UART_Init
 .text.HAL_UART_MspInit
                0x08000cf4       0xbc ./Core/Src/usart.o
                0x08000cf4                HAL_UART_MspInit
 .text.HAL_UART_MspDeInit
                0x08000db0       0x34 ./Core/Src/usart.o
                0x08000db0                HAL_UART_MspDeInit
 .text.vcom_Trace_DMA
                0x08000de4       0x14 ./Core/Src/usart_if.o
                0x08000de4                vcom_Trace_DMA
 .text.vcom_ReceiveInit
                0x08000df8       0x54 ./Core/Src/usart_if.o
                0x08000df8                vcom_ReceiveInit
 .text.vcom_Init
                0x08000e4c       0x28 ./Core/Src/usart_if.o
                0x08000e4c                vcom_Init
 .text.vcom_DeInit
                0x08000e74       0x2c ./Core/Src/usart_if.o
                0x08000e74                vcom_DeInit
 .text.vcom_Resume
                0x08000ea0       0x28 ./Core/Src/usart_if.o
                0x08000ea0                vcom_Resume
 .text.HAL_UART_TxCpltCallback
                0x08000ec8       0x1c ./Core/Src/usart_if.o
                0x08000ec8                HAL_UART_TxCpltCallback
 .text.HAL_UART_RxCpltCallback
                0x08000ee4       0x3c ./Core/Src/usart_if.o
                0x08000ee4                HAL_UART_RxCpltCallback
 .text.Reset_Handler
                0x08000f20       0x50 ./Core/Startup/startup_stm32wle5ccux.o
                0x08000f20                Reset_Handler
 .text.Default_Handler
                0x08000f70        0x2 ./Core/Startup/startup_stm32wle5ccux.o
                0x08000f70                EXTI2_IRQHandler
                0x08000f70                TIM1_CC_IRQHandler
                0x08000f70                EXTI3_IRQHandler
                0x08000f70                LPTIM2_IRQHandler
                0x08000f70                I2C3_ER_IRQHandler
                0x08000f70                LPTIM3_IRQHandler
                0x08000f70                EXTI0_IRQHandler
                0x08000f70                I2C2_EV_IRQHandler
                0x08000f70                SPI1_IRQHandler
                0x08000f70                DMA2_Channel2_IRQHandler
                0x08000f70                DMA1_Channel4_IRQHandler
                0x08000f70                PKA_IRQHandler
                0x08000f70                TIM17_IRQHandler
                0x08000f70                DMA1_Channel7_IRQHandler
                0x08000f70                SUBGHZSPI_IRQHandler
                0x08000f70                DMA2_Channel1_IRQHandler
                0x08000f70                I2C1_EV_IRQHandler
                0x08000f70                DMAMUX1_OVR_IRQHandler
                0x08000f70                DMA1_Channel6_IRQHandler
                0x08000f70                TIM16_IRQHandler
                0x08000f70                DMA2_Channel4_IRQHandler
                0x08000f70                RCC_IRQHandler
                0x08000f70                TIM1_TRG_COM_IRQHandler
                0x08000f70                DMA1_Channel1_IRQHandler
                0x08000f70                Default_Handler
                0x08000f70                DMA2_Channel7_IRQHandler
                0x08000f70                EXTI15_10_IRQHandler
                0x08000f70                ADC_IRQHandler
                0x08000f70                I2C3_EV_IRQHandler
                0x08000f70                EXTI9_5_IRQHandler
                0x08000f70                RTC_WKUP_IRQHandler
                0x08000f70                PVD_PVM_IRQHandler
                0x08000f70                SPI2_IRQHandler
                0x08000f70                DMA2_Channel5_IRQHandler
                0x08000f70                EXTI4_IRQHandler
                0x08000f70                RNG_IRQHandler
                0x08000f70                DMA1_Channel3_IRQHandler
                0x08000f70                COMP_IRQHandler
                0x08000f70                HSEM_IRQHandler
                0x08000f70                TIM1_UP_IRQHandler
                0x08000f70                WWDG_IRQHandler
                0x08000f70                LPUART1_IRQHandler
                0x08000f70                DMA2_Channel6_IRQHandler
                0x08000f70                TIM2_IRQHandler
                0x08000f70                TIM1_BRK_IRQHandler
                0x08000f70                DAC_IRQHandler
                0x08000f70                EXTI1_IRQHandler
                0x08000f70                AES_IRQHandler
                0x08000f70                USART2_IRQHandler
                0x08000f70                I2C2_ER_IRQHandler
                0x08000f70                DMA1_Channel2_IRQHandler
                0x08000f70                FLASH_IRQHandler
                0x08000f70                USART1_IRQHandler
                0x08000f70                I2C1_ER_IRQHandler
                0x08000f70                LPTIM1_IRQHandler
                0x08000f70                DMA2_Channel3_IRQHandler
 *fill*         0x08000f72        0x2 
 .text.HAL_Init
                0x08000f74       0x2c ./Drivers/STM32WLxx_HAL_Driver/Src/stm32wlxx_hal.o
                0x08000f74                HAL_Init
 .text.HAL_SuspendTick
                0x08000fa0        0xe ./Drivers/STM32WLxx_HAL_Driver/Src/stm32wlxx_hal.o
                0x08000fa0                HAL_SuspendTick
 .text.HAL_ResumeTick
                0x08000fae        0xe ./Drivers/STM32WLxx_HAL_Driver/Src/stm32wlxx_hal.o
                0x08000fae                HAL_ResumeTick
 .text.HAL_DBGMCU_EnableDBGSleepMode
                0x08000fbc       0x10 ./Drivers/STM32WLxx_HAL_Driver/Src/stm32wlxx_hal.o
                0x08000fbc                HAL_DBGMCU_EnableDBGSleepMode
 .text.HAL_DBGMCU_EnableDBGStopMode
                0x08000fcc       0x10 ./Drivers/STM32WLxx_HAL_Driver/Src/stm32wlxx_hal.o
                0x08000fcc                HAL_DBGMCU_EnableDBGStopMode
 .text.HAL_DBGMCU_EnableDBGStandbyMode
                0x08000fdc       0x10 ./Drivers/STM32WLxx_HAL_Driver/Src/stm32wlxx_hal.o
                0x08000fdc                HAL_DBGMCU_EnableDBGStandbyMode
 .text.HAL_NVIC_SetPriorityGrouping
                0x08000fec       0x24 ./Drivers/STM32WLxx_HAL_Driver/Src/stm32wlxx_hal_cortex.o
                0x08000fec                HAL_NVIC_SetPriorityGrouping
 .text.HAL_NVIC_SetPriority
                0x08001010       0x64 ./Drivers/STM32WLxx_HAL_Driver/Src/stm32wlxx_hal_cortex.o
                0x08001010                HAL_NVIC_SetPriority
 .text.HAL_NVIC_EnableIRQ
                0x08001074       0x1c ./Drivers/STM32WLxx_HAL_Driver/Src/stm32wlxx_hal_cortex.o
                0x08001074                HAL_NVIC_EnableIRQ
 .text.HAL_NVIC_DisableIRQ
                0x08001090       0x24 ./Drivers/STM32WLxx_HAL_Driver/Src/stm32wlxx_hal_cortex.o
                0x08001090                HAL_NVIC_DisableIRQ
 .text.DMA_SetConfig
                0x080010b4       0x34 ./Drivers/STM32WLxx_HAL_Driver/Src/stm32wlxx_hal_dma.o
 .text.DMA_CalcDMAMUXChannelBaseAndMask
                0x080010e8       0x4c ./Drivers/STM32WLxx_HAL_Driver/Src/stm32wlxx_hal_dma.o
 .text.HAL_DMA_Init
                0x08001134       0xe0 ./Drivers/STM32WLxx_HAL_Driver/Src/stm32wlxx_hal_dma.o
                0x08001134                HAL_DMA_Init
 .text.HAL_DMA_DeInit
                0x08001214       0xac ./Drivers/STM32WLxx_HAL_Driver/Src/stm32wlxx_hal_dma.o
                0x08001214                HAL_DMA_DeInit
 .text.HAL_DMA_Start_IT
                0x080012c0       0x88 ./Drivers/STM32WLxx_HAL_Driver/Src/stm32wlxx_hal_dma.o
                0x080012c0                HAL_DMA_Start_IT
 .text.HAL_DMA_IRQHandler
                0x08001348       0xac ./Drivers/STM32WLxx_HAL_Driver/Src/stm32wlxx_hal_dma.o
                0x08001348                HAL_DMA_IRQHandler
 .text.HAL_GPIO_Init
                0x080013f4      0x158 ./Drivers/STM32WLxx_HAL_Driver/Src/stm32wlxx_hal_gpio.o
                0x080013f4                HAL_GPIO_Init
 .text.HAL_GPIO_DeInit
                0x0800154c       0xe8 ./Drivers/STM32WLxx_HAL_Driver/Src/stm32wlxx_hal_gpio.o
                0x0800154c                HAL_GPIO_DeInit
 .text.HAL_GPIO_WritePin
                0x08001634        0xa ./Drivers/STM32WLxx_HAL_Driver/Src/stm32wlxx_hal_gpio.o
                0x08001634                HAL_GPIO_WritePin
 *fill*         0x0800163e        0x2 
 .text.HAL_PWR_EnableBkUpAccess
                0x08001640       0x10 ./Drivers/STM32WLxx_HAL_Driver/Src/stm32wlxx_hal_pwr.o
                0x08001640                HAL_PWR_EnableBkUpAccess
 .text.HAL_PWR_EnterSLEEPMode
                0x08001650       0x40 ./Drivers/STM32WLxx_HAL_Driver/Src/stm32wlxx_hal_pwr.o
                0x08001650                HAL_PWR_EnterSLEEPMode
 .text.HAL_PWREx_GetVoltageRange
                0x08001690       0x10 ./Drivers/STM32WLxx_HAL_Driver/Src/stm32wlxx_hal_pwr_ex.o
                0x08001690                HAL_PWREx_GetVoltageRange
 .text.HAL_PWREx_EnableLowPowerRunMode
                0x080016a0       0x10 ./Drivers/STM32WLxx_HAL_Driver/Src/stm32wlxx_hal_pwr_ex.o
                0x080016a0                HAL_PWREx_EnableLowPowerRunMode
 .text.HAL_PWREx_DisableLowPowerRunMode
                0x080016b0       0x40 ./Drivers/STM32WLxx_HAL_Driver/Src/stm32wlxx_hal_pwr_ex.o
                0x080016b0                HAL_PWREx_DisableLowPowerRunMode
 .text.HAL_PWREx_EnterSTOP2Mode
                0x080016f0       0x38 ./Drivers/STM32WLxx_HAL_Driver/Src/stm32wlxx_hal_pwr_ex.o
                0x080016f0                HAL_PWREx_EnterSTOP2Mode
 .text.LL_RCC_HSE_IsReady
                0x08001728        0xc ./Drivers/STM32WLxx_HAL_Driver/Src/stm32wlxx_hal_rcc.o
 .text.LL_RCC_MSI_IsReady
                0x08001734        0xc ./Drivers/STM32WLxx_HAL_Driver/Src/stm32wlxx_hal_rcc.o
 .text.LL_RCC_MSI_SetCalibTrimming
                0x08001740       0x12 ./Drivers/STM32WLxx_HAL_Driver/Src/stm32wlxx_hal_rcc.o
 .text.LL_RCC_PLL_IsReady
                0x08001752        0xc ./Drivers/STM32WLxx_HAL_Driver/Src/stm32wlxx_hal_rcc.o
 *fill*         0x0800175e        0x2 
 .text.RCC_SetFlashLatencyFromMSIRange
                0x08001760       0xd4 ./Drivers/STM32WLxx_HAL_Driver/Src/stm32wlxx_hal_rcc.o
 .text.HAL_RCC_GetSysClockFreq
                0x08001834       0xdc ./Drivers/STM32WLxx_HAL_Driver/Src/stm32wlxx_hal_rcc.o
                0x08001834                HAL_RCC_GetSysClockFreq
 .text.HAL_RCC_GetHCLKFreq
                0x08001910       0x20 ./Drivers/STM32WLxx_HAL_Driver/Src/stm32wlxx_hal_rcc.o
                0x08001910                HAL_RCC_GetHCLKFreq
 .text.HAL_RCC_OscConfig
                0x08001930      0x534 ./Drivers/STM32WLxx_HAL_Driver/Src/stm32wlxx_hal_rcc.o
                0x08001930                HAL_RCC_OscConfig
 .text.HAL_RCC_ClockConfig
                0x08001e64      0x1c0 ./Drivers/STM32WLxx_HAL_Driver/Src/stm32wlxx_hal_rcc.o
                0x08001e64                HAL_RCC_ClockConfig
 .text.HAL_RCC_GetPCLK1Freq
                0x08002024       0x20 ./Drivers/STM32WLxx_HAL_Driver/Src/stm32wlxx_hal_rcc.o
                0x08002024                HAL_RCC_GetPCLK1Freq
 .text.HAL_RCC_GetPCLK2Freq
                0x08002044       0x20 ./Drivers/STM32WLxx_HAL_Driver/Src/stm32wlxx_hal_rcc.o
                0x08002044                HAL_RCC_GetPCLK2Freq
 .text.LL_RCC_LSE_IsReady
                0x08002064        0xe ./Drivers/STM32WLxx_HAL_Driver/Src/stm32wlxx_hal_rcc_ex.o
 .text.LL_RCC_SetI2CClockSource
                0x08002072       0x20 ./Drivers/STM32WLxx_HAL_Driver/Src/stm32wlxx_hal_rcc_ex.o
 .text.LL_RCC_SetLPTIMClockSource
                0x08002092       0x1a ./Drivers/STM32WLxx_HAL_Driver/Src/stm32wlxx_hal_rcc_ex.o
 .text.HAL_RCCEx_PeriphCLKConfig
                0x080020ac      0x19c ./Drivers/STM32WLxx_HAL_Driver/Src/stm32wlxx_hal_rcc_ex.o
                0x080020ac                HAL_RCCEx_PeriphCLKConfig
 .text.HAL_RTC_DeactivateAlarm
                0x08002248       0x74 ./Drivers/STM32WLxx_HAL_Driver/Src/stm32wlxx_hal_rtc.o
                0x08002248                HAL_RTC_DeactivateAlarm
 .text.HAL_RTC_AlarmIRQHandler
                0x080022bc       0x34 ./Drivers/STM32WLxx_HAL_Driver/Src/stm32wlxx_hal_rtc.o
                0x080022bc                HAL_RTC_AlarmIRQHandler
 .text.HAL_RTC_WaitForSynchro
                0x080022f0       0x30 ./Drivers/STM32WLxx_HAL_Driver/Src/stm32wlxx_hal_rtc.o
                0x080022f0                HAL_RTC_WaitForSynchro
 .text.RTC_EnterInitMode
                0x08002320       0x4c ./Drivers/STM32WLxx_HAL_Driver/Src/stm32wlxx_hal_rtc.o
                0x08002320                RTC_EnterInitMode
 .text.RTC_ExitInitMode
                0x0800236c       0x44 ./Drivers/STM32WLxx_HAL_Driver/Src/stm32wlxx_hal_rtc.o
                0x0800236c                RTC_ExitInitMode
 .text.HAL_RTC_Init
                0x080023b0       0xa8 ./Drivers/STM32WLxx_HAL_Driver/Src/stm32wlxx_hal_rtc.o
                0x080023b0                HAL_RTC_Init
 .text.RTC_ByteToBcd2
                0x08002458       0x16 ./Drivers/STM32WLxx_HAL_Driver/Src/stm32wlxx_hal_rtc.o
                0x08002458                RTC_ByteToBcd2
 *fill*         0x0800246e        0x2 
 .text.HAL_RTC_SetAlarm_IT
                0x08002470      0x15c ./Drivers/STM32WLxx_HAL_Driver/Src/stm32wlxx_hal_rtc.o
                0x08002470                HAL_RTC_SetAlarm_IT
 .text.HAL_RTCEx_EnableBypassShadow
                0x080025cc       0x3c ./Drivers/STM32WLxx_HAL_Driver/Src/stm32wlxx_hal_rtc_ex.o
                0x080025cc                HAL_RTCEx_EnableBypassShadow
 .text.HAL_RTCEx_SetSSRU_IT
                0x08002608       0x4c ./Drivers/STM32WLxx_HAL_Driver/Src/stm32wlxx_hal_rtc_ex.o
                0x08002608                HAL_RTCEx_SetSSRU_IT
 .text.HAL_RTCEx_SSRUIRQHandler
                0x08002654       0x20 ./Drivers/STM32WLxx_HAL_Driver/Src/stm32wlxx_hal_rtc_ex.o
                0x08002654                HAL_RTCEx_SSRUIRQHandler
 .text.HAL_RTCEx_AlarmBEventCallback
                0x08002674        0x2 ./Drivers/STM32WLxx_HAL_Driver/Src/stm32wlxx_hal_rtc_ex.o
                0x08002674                HAL_RTCEx_AlarmBEventCallback
 .text.HAL_RTCEx_BKUPWrite
                0x08002676        0xe ./Drivers/STM32WLxx_HAL_Driver/Src/stm32wlxx_hal_rtc_ex.o
                0x08002676                HAL_RTCEx_BKUPWrite
 .text.HAL_RTCEx_BKUPRead
                0x08002684        0xe ./Drivers/STM32WLxx_HAL_Driver/Src/stm32wlxx_hal_rtc_ex.o
                0x08002684                HAL_RTCEx_BKUPRead
 *fill*         0x08002692        0x2 
 .text.LL_PWR_UnselectSUBGHZSPI_NSS
                0x08002694       0x14 ./Drivers/STM32WLxx_HAL_Driver/Src/stm32wlxx_hal_subghz.o
 .text.LL_PWR_SelectSUBGHZSPI_NSS
                0x080026a8       0x14 ./Drivers/STM32WLxx_HAL_Driver/Src/stm32wlxx_hal_subghz.o
 .text.SUBGHZSPI_Init
                0x080026bc       0x24 ./Drivers/STM32WLxx_HAL_Driver/Src/stm32wlxx_hal_subghz.o
                0x080026bc                SUBGHZSPI_Init
 .text.HAL_SUBGHZ_Init
                0x080026e0       0xb8 ./Drivers/STM32WLxx_HAL_Driver/Src/stm32wlxx_hal_subghz.o
                0x080026e0                HAL_SUBGHZ_Init
 .text.SUBGHZSPI_Transmit
                0x08002798       0x68 ./Drivers/STM32WLxx_HAL_Driver/Src/stm32wlxx_hal_subghz.o
                0x08002798                SUBGHZSPI_Transmit
 .text.SUBGHZSPI_Receive
                0x08002800       0x6c ./Drivers/STM32WLxx_HAL_Driver/Src/stm32wlxx_hal_subghz.o
                0x08002800                SUBGHZSPI_Receive
 .text.SUBGHZ_WaitOnBusy
                0x0800286c       0x44 ./Drivers/STM32WLxx_HAL_Driver/Src/stm32wlxx_hal_subghz.o
                0x0800286c                SUBGHZ_WaitOnBusy
 .text.SUBGHZ_CheckDeviceReady
                0x080028b0       0x38 ./Drivers/STM32WLxx_HAL_Driver/Src/stm32wlxx_hal_subghz.o
                0x080028b0                SUBGHZ_CheckDeviceReady
 .text.HAL_SUBGHZ_WriteRegisters
                0x080028e8       0x72 ./Drivers/STM32WLxx_HAL_Driver/Src/stm32wlxx_hal_subghz.o
                0x080028e8                HAL_SUBGHZ_WriteRegisters
 .text.HAL_SUBGHZ_ReadRegisters
                0x0800295a       0x76 ./Drivers/STM32WLxx_HAL_Driver/Src/stm32wlxx_hal_subghz.o
                0x0800295a                HAL_SUBGHZ_ReadRegisters
 .text.HAL_SUBGHZ_ExecSetCmd
                0x080029d0       0x70 ./Drivers/STM32WLxx_HAL_Driver/Src/stm32wlxx_hal_subghz.o
                0x080029d0                HAL_SUBGHZ_ExecSetCmd
 .text.HAL_SUBGHZ_ExecGetCmd
                0x08002a40       0x66 ./Drivers/STM32WLxx_HAL_Driver/Src/stm32wlxx_hal_subghz.o
                0x08002a40                HAL_SUBGHZ_ExecGetCmd
 .text.HAL_SUBGHZ_IRQHandler
                0x08002aa6       0x9c ./Drivers/STM32WLxx_HAL_Driver/Src/stm32wlxx_hal_subghz.o
                0x08002aa6                HAL_SUBGHZ_IRQHandler
 .text.HAL_SUBGHZ_WriteBuffer
                0x08002b42       0x66 ./Drivers/STM32WLxx_HAL_Driver/Src/stm32wlxx_hal_subghz.o
                0x08002b42                HAL_SUBGHZ_WriteBuffer
 .text.HAL_SUBGHZ_ReadBuffer
                0x08002ba8       0x6e ./Drivers/STM32WLxx_HAL_Driver/Src/stm32wlxx_hal_subghz.o
                0x08002ba8                HAL_SUBGHZ_ReadBuffer
 .text.UART_EndTxTransfer
                0x08002c16       0x34 ./Drivers/STM32WLxx_HAL_Driver/Src/stm32wlxx_hal_uart.o
 *fill*         0x08002c4a        0x2 
 .text.UART_EndRxTransfer
                0x08002c4c       0x58 ./Drivers/STM32WLxx_HAL_Driver/Src/stm32wlxx_hal_uart.o
 .text.HAL_UART_Transmit_DMA
                0x08002ca4       0x84 ./Drivers/STM32WLxx_HAL_Driver/Src/stm32wlxx_hal_uart.o
                0x08002ca4                HAL_UART_Transmit_DMA
 .text.UART_DMATransmitCplt
                0x08002d28       0x46 ./Drivers/STM32WLxx_HAL_Driver/Src/stm32wlxx_hal_uart.o
 .text.HAL_UART_TxHalfCpltCallback
                0x08002d6e        0x2 ./Drivers/STM32WLxx_HAL_Driver/Src/stm32wlxx_hal_uart.o
                0x08002d6e                HAL_UART_TxHalfCpltCallback
 .text.UART_DMATxHalfCplt
                0x08002d70        0xa ./Drivers/STM32WLxx_HAL_Driver/Src/stm32wlxx_hal_uart.o
 .text.HAL_UART_ErrorCallback
                0x08002d7a        0x2 ./Drivers/STM32WLxx_HAL_Driver/Src/stm32wlxx_hal_uart.o
                0x08002d7a                HAL_UART_ErrorCallback
 .text.UART_DMAError
                0x08002d7c       0x48 ./Drivers/STM32WLxx_HAL_Driver/Src/stm32wlxx_hal_uart.o
 .text.HAL_UARTEx_RxEventCallback
                0x08002dc4        0x2 ./Drivers/STM32WLxx_HAL_Driver/Src/stm32wlxx_hal_uart.o
                0x08002dc4                HAL_UARTEx_RxEventCallback
 *fill*         0x08002dc6        0x2 
 .text.UART_RxISR_8BIT
                0x08002dc8       0xcc ./Drivers/STM32WLxx_HAL_Driver/Src/stm32wlxx_hal_uart.o
 .text.UART_RxISR_16BIT
                0x08002e94       0xc4 ./Drivers/STM32WLxx_HAL_Driver/Src/stm32wlxx_hal_uart.o
 .text.UART_RxISR_8BIT_FIFOEN
                0x08002f58      0x1a8 ./Drivers/STM32WLxx_HAL_Driver/Src/stm32wlxx_hal_uart.o
 .text.UART_RxISR_16BIT_FIFOEN
                0x08003100      0x1a4 ./Drivers/STM32WLxx_HAL_Driver/Src/stm32wlxx_hal_uart.o
 .text.UART_SetConfig
                0x080032a4      0x214 ./Drivers/STM32WLxx_HAL_Driver/Src/stm32wlxx_hal_uart.o
                0x080032a4                UART_SetConfig
 .text.UART_AdvFeatureConfig
                0x080034b8       0xa8 ./Drivers/STM32WLxx_HAL_Driver/Src/stm32wlxx_hal_uart.o
                0x080034b8                UART_AdvFeatureConfig
 .text.UART_WaitOnFlagUntilTimeout
                0x08003560       0xd0 ./Drivers/STM32WLxx_HAL_Driver/Src/stm32wlxx_hal_uart.o
                0x08003560                UART_WaitOnFlagUntilTimeout
 .text.UART_CheckIdleState
                0x08003630       0x6a ./Drivers/STM32WLxx_HAL_Driver/Src/stm32wlxx_hal_uart.o
                0x08003630                UART_CheckIdleState
 .text.HAL_UART_Init
                0x0800369a       0x60 ./Drivers/STM32WLxx_HAL_Driver/Src/stm32wlxx_hal_uart.o
                0x0800369a                HAL_UART_Init
 *fill*         0x080036fa        0x2 
 .text.UART_Start_Receive_IT
                0x080036fc      0x114 ./Drivers/STM32WLxx_HAL_Driver/Src/stm32wlxx_hal_uart.o
                0x080036fc                UART_Start_Receive_IT
 .text.HAL_UART_Receive_IT
                0x08003810       0x44 ./Drivers/STM32WLxx_HAL_Driver/Src/stm32wlxx_hal_uart.o
                0x08003810                HAL_UART_Receive_IT
 .text.UARTEx_SetNbDataToProcess
                0x08003854       0x44 ./Drivers/STM32WLxx_HAL_Driver/Src/stm32wlxx_hal_uart_ex.o
 .text.HAL_UARTEx_StopModeWakeUpSourceConfig
                0x08003898       0x8c ./Drivers/STM32WLxx_HAL_Driver/Src/stm32wlxx_hal_uart_ex.o
                0x08003898                HAL_UARTEx_StopModeWakeUpSourceConfig
 .text.HAL_UARTEx_EnableStopMode
                0x08003924       0x2c ./Drivers/STM32WLxx_HAL_Driver/Src/stm32wlxx_hal_uart_ex.o
                0x08003924                HAL_UARTEx_EnableStopMode
 .text.HAL_UARTEx_DisableFifoMode
                0x08003950       0x36 ./Drivers/STM32WLxx_HAL_Driver/Src/stm32wlxx_hal_uart_ex.o
                0x08003950                HAL_UARTEx_DisableFifoMode
 .text.HAL_UARTEx_SetTxFifoThreshold
                0x08003986       0x40 ./Drivers/STM32WLxx_HAL_Driver/Src/stm32wlxx_hal_uart_ex.o
                0x08003986                HAL_UARTEx_SetTxFifoThreshold
 .text.HAL_UARTEx_SetRxFifoThreshold
                0x080039c6       0x40 ./Drivers/STM32WLxx_HAL_Driver/Src/stm32wlxx_hal_uart_ex.o
                0x080039c6                HAL_UARTEx_SetRxFifoThreshold
 .text.RadioCheckRfFrequency
                0x08003a06        0x4 ./Middlewares/Third_Party/SubGHz_Phy/stm32_radio_driver/radio.o
 *fill*         0x08003a0a        0x2 
 .text.RadioOnTxTimeoutIrq
                0x08003a0c       0x14 ./Middlewares/Third_Party/SubGHz_Phy/stm32_radio_driver/radio.o
 .text.RadioOnRxTimeoutIrq
                0x08003a20       0x14 ./Middlewares/Third_Party/SubGHz_Phy/stm32_radio_driver/radio.o
 .text.RadioLrFhssSetCfg
                0x08003a34        0x4 ./Middlewares/Third_Party/SubGHz_Phy/stm32_radio_driver/radio.o
 .text.RadioLrFhssGetTimeOnAirInMs
                0x08003a38        0x4 ./Middlewares/Third_Party/SubGHz_Phy/stm32_radio_driver/radio.o
 .text.RadioRead
                0x08003a3c        0x4 ./Middlewares/Third_Party/SubGHz_Phy/stm32_radio_driver/radio.o
 .text.RadioWrite
                0x08003a40        0x4 ./Middlewares/Third_Party/SubGHz_Phy/stm32_radio_driver/radio.o
 .text.RadioTxCw
                0x08003a44       0x22 ./Middlewares/Third_Party/SubGHz_Phy/stm32_radio_driver/radio.o
 *fill*         0x08003a66        0x2 
 .text.RadioSetRxDutyCycle
                0x08003a68       0x38 ./Middlewares/Third_Party/SubGHz_Phy/stm32_radio_driver/radio.o
 .text.RadioRxBoosted
                0x08003aa0       0x5c ./Middlewares/Third_Party/SubGHz_Phy/stm32_radio_driver/radio.o
 .text.RadioStandby
                0x08003afc        0x6 ./Middlewares/Third_Party/SubGHz_Phy/stm32_radio_driver/radio.o
 *fill*         0x08003b02        0x2 
 .text.RadioGetStatus
                0x08003b04       0x1c ./Middlewares/Third_Party/SubGHz_Phy/stm32_radio_driver/radio.o
 .text.RadioGetWakeupTime
                0x08003b20        0xa ./Middlewares/Third_Party/SubGHz_Phy/stm32_radio_driver/radio.o
 .text.RadioReadRegisters
                0x08003b2a        0x4 ./Middlewares/Third_Party/SubGHz_Phy/stm32_radio_driver/radio.o
 .text.RadioWriteRegisters
                0x08003b2e        0x4 ./Middlewares/Third_Party/SubGHz_Phy/stm32_radio_driver/radio.o
 .text.RadioRssi
                0x08003b32        0x8 ./Middlewares/Third_Party/SubGHz_Phy/stm32_radio_driver/radio.o
 *fill*         0x08003b3a        0x2 
 .text.RadioSetTxContinuousWave
                0x08003b3c       0x44 ./Middlewares/Third_Party/SubGHz_Phy/stm32_radio_driver/radio.o
 .text.RadioSetChannel
                0x08003b80        0x4 ./Middlewares/Third_Party/SubGHz_Phy/stm32_radio_driver/radio.o
 .text.RadioStartCad
                0x08003b84       0x28 ./Middlewares/Third_Party/SubGHz_Phy/stm32_radio_driver/radio.o
 .text.RadioRx  0x08003bac       0x5c ./Middlewares/Third_Party/SubGHz_Phy/stm32_radio_driver/radio.o
 .text.RadioSleep
                0x08003c08       0x14 ./Middlewares/Third_Party/SubGHz_Phy/stm32_radio_driver/radio.o
 .text.RadioRandom
                0x08003c1c       0x16 ./Middlewares/Third_Party/SubGHz_Phy/stm32_radio_driver/radio.o
 *fill*         0x08003c32        0x2 
 .text.RadioInit
                0x08003c34       0x94 ./Middlewares/Third_Party/SubGHz_Phy/stm32_radio_driver/radio.o
 .text.RadioSetMaxPayloadLength
                0x08003cc8       0x2c ./Middlewares/Third_Party/SubGHz_Phy/stm32_radio_driver/radio.o
 .text.RadioSetPublicNetwork
                0x08003cf4       0x3c ./Middlewares/Third_Party/SubGHz_Phy/stm32_radio_driver/radio.o
 .text.RadioSetModem
                0x08003d30       0x4c ./Middlewares/Third_Party/SubGHz_Phy/stm32_radio_driver/radio.o
 .text.RadioSetTxGenericConfig
                0x08003d7c      0x278 ./Middlewares/Third_Party/SubGHz_Phy/stm32_radio_driver/radio.o
 .text.RadioSetRxGenericConfig
                0x08003ff4      0x1f8 ./Middlewares/Third_Party/SubGHz_Phy/stm32_radio_driver/radio.o
 .text.RadioSetTxConfig
                0x080041ec      0x188 ./Middlewares/Third_Party/SubGHz_Phy/stm32_radio_driver/radio.o
 .text.RadioSetRxConfig
                0x08004374      0x2d4 ./Middlewares/Third_Party/SubGHz_Phy/stm32_radio_driver/radio.o
 .text.RadioIsChannelFree
                0x08004648       0x7a ./Middlewares/Third_Party/SubGHz_Phy/stm32_radio_driver/radio.o
 *fill*         0x080046c2        0x2 
 .text.RadioSend
                0x080046c4      0x1b4 ./Middlewares/Third_Party/SubGHz_Phy/stm32_radio_driver/radio.o
 .text.RadioTimeOnAir
                0x08004878       0xec ./Middlewares/Third_Party/SubGHz_Phy/stm32_radio_driver/radio.o
 .text.RadioTxPrbs
                0x08004964       0x30 ./Middlewares/Third_Party/SubGHz_Phy/stm32_radio_driver/radio.o
 .text.RadioIrqProcess
                0x08004994      0x2a4 ./Middlewares/Third_Party/SubGHz_Phy/stm32_radio_driver/radio.o
 .text.RadioOnDioIrq
                0x08004c38       0x10 ./Middlewares/Third_Party/SubGHz_Phy/stm32_radio_driver/radio.o
 .text.SUBGRF_GetOperatingMode
                0x08004c48        0xc ./Middlewares/Third_Party/SubGHz_Phy/stm32_radio_driver/radio_driver.o
                0x08004c48                SUBGRF_GetOperatingMode
 .text.SUBGRF_WriteRegister
                0x08004c54       0x28 ./Middlewares/Third_Party/SubGHz_Phy/stm32_radio_driver/radio_driver.o
                0x08004c54                SUBGRF_WriteRegister
 .text.SUBGRF_ReadRegister
                0x08004c7c       0x28 ./Middlewares/Third_Party/SubGHz_Phy/stm32_radio_driver/radio_driver.o
                0x08004c7c                SUBGRF_ReadRegister
 .text.Radio_SMPS_Set
                0x08004ca4       0x28 ./Middlewares/Third_Party/SubGHz_Phy/stm32_radio_driver/radio_driver.o
 .text.SUBGRF_SetWhiteningSeed
                0x08004ccc       0x38 ./Middlewares/Third_Party/SubGHz_Phy/stm32_radio_driver/radio_driver.o
                0x08004ccc                SUBGRF_SetWhiteningSeed
 .text.SUBGRF_WriteRegisters
                0x08004d04       0x20 ./Middlewares/Third_Party/SubGHz_Phy/stm32_radio_driver/radio_driver.o
                0x08004d04                SUBGRF_WriteRegisters
 .text.SUBGRF_SetSyncWord
                0x08004d24       0x12 ./Middlewares/Third_Party/SubGHz_Phy/stm32_radio_driver/radio_driver.o
                0x08004d24                SUBGRF_SetSyncWord
 *fill*         0x08004d36        0x2 
 .text.SUBGRF_SetCrcSeed
                0x08004d38       0x24 ./Middlewares/Third_Party/SubGHz_Phy/stm32_radio_driver/radio_driver.o
                0x08004d38                SUBGRF_SetCrcSeed
 .text.SUBGRF_SetCrcPolynomial
                0x08004d5c       0x24 ./Middlewares/Third_Party/SubGHz_Phy/stm32_radio_driver/radio_driver.o
                0x08004d5c                SUBGRF_SetCrcPolynomial
 .text.SUBGRF_ReadRegisters
                0x08004d80       0x20 ./Middlewares/Third_Party/SubGHz_Phy/stm32_radio_driver/radio_driver.o
                0x08004d80                SUBGRF_ReadRegisters
 .text.SUBGRF_WriteBuffer
                0x08004da0       0x20 ./Middlewares/Third_Party/SubGHz_Phy/stm32_radio_driver/radio_driver.o
                0x08004da0                SUBGRF_WriteBuffer
 .text.SUBGRF_SetPayload
                0x08004dc0        0xa ./Middlewares/Third_Party/SubGHz_Phy/stm32_radio_driver/radio_driver.o
                0x08004dc0                SUBGRF_SetPayload
 *fill*         0x08004dca        0x2 
 .text.SUBGRF_ReadBuffer
                0x08004dcc       0x20 ./Middlewares/Third_Party/SubGHz_Phy/stm32_radio_driver/radio_driver.o
                0x08004dcc                SUBGRF_ReadBuffer
 .text.SUBGRF_WriteCommand
                0x08004dec       0x20 ./Middlewares/Third_Party/SubGHz_Phy/stm32_radio_driver/radio_driver.o
                0x08004dec                SUBGRF_WriteCommand
 .text.SUBGRF_SetSleep
                0x08004e0c       0x44 ./Middlewares/Third_Party/SubGHz_Phy/stm32_radio_driver/radio_driver.o
                0x08004e0c                SUBGRF_SetSleep
 .text.SUBGRF_SetStandby
                0x08004e50       0x2c ./Middlewares/Third_Party/SubGHz_Phy/stm32_radio_driver/radio_driver.o
                0x08004e50                SUBGRF_SetStandby
 .text.SUBGRF_SetTx
                0x08004e7c       0x2c ./Middlewares/Third_Party/SubGHz_Phy/stm32_radio_driver/radio_driver.o
                0x08004e7c                SUBGRF_SetTx
 .text.SUBGRF_SendPayload
                0x08004ea8       0x12 ./Middlewares/Third_Party/SubGHz_Phy/stm32_radio_driver/radio_driver.o
                0x08004ea8                SUBGRF_SendPayload
 *fill*         0x08004eba        0x2 
 .text.SUBGRF_SetRx
                0x08004ebc       0x2c ./Middlewares/Third_Party/SubGHz_Phy/stm32_radio_driver/radio_driver.o
                0x08004ebc                SUBGRF_SetRx
 .text.SUBGRF_GetRandom
                0x08004ee8       0x68 ./Middlewares/Third_Party/SubGHz_Phy/stm32_radio_driver/radio_driver.o
                0x08004ee8                SUBGRF_GetRandom
 .text.SUBGRF_SetRxBoosted
                0x08004f50       0x38 ./Middlewares/Third_Party/SubGHz_Phy/stm32_radio_driver/radio_driver.o
                0x08004f50                SUBGRF_SetRxBoosted
 .text.SUBGRF_SetRxDutyCycle
                0x08004f88       0x38 ./Middlewares/Third_Party/SubGHz_Phy/stm32_radio_driver/radio_driver.o
                0x08004f88                SUBGRF_SetRxDutyCycle
 .text.SUBGRF_SetCad
                0x08004fc0       0x18 ./Middlewares/Third_Party/SubGHz_Phy/stm32_radio_driver/radio_driver.o
                0x08004fc0                SUBGRF_SetCad
 .text.SUBGRF_SetTxContinuousWave
                0x08004fd8        0xa ./Middlewares/Third_Party/SubGHz_Phy/stm32_radio_driver/radio_driver.o
                0x08004fd8                SUBGRF_SetTxContinuousWave
 .text.SUBGRF_SetTxInfinitePreamble
                0x08004fe2        0xa ./Middlewares/Third_Party/SubGHz_Phy/stm32_radio_driver/radio_driver.o
                0x08004fe2                SUBGRF_SetTxInfinitePreamble
 .text.SUBGRF_SetStopRxTimerOnPreambleDetect
                0x08004fec       0x18 ./Middlewares/Third_Party/SubGHz_Phy/stm32_radio_driver/radio_driver.o
                0x08004fec                SUBGRF_SetStopRxTimerOnPreambleDetect
 .text.SUBGRF_SetLoRaSymbNumTimeout
                0x08005004       0x30 ./Middlewares/Third_Party/SubGHz_Phy/stm32_radio_driver/radio_driver.o
                0x08005004                SUBGRF_SetLoRaSymbNumTimeout
 .text.SUBGRF_SetRegulatorMode
                0x08005034       0x22 ./Middlewares/Third_Party/SubGHz_Phy/stm32_radio_driver/radio_driver.o
                0x08005034                SUBGRF_SetRegulatorMode
 .text.SUBGRF_Calibrate
                0x08005056       0x42 ./Middlewares/Third_Party/SubGHz_Phy/stm32_radio_driver/radio_driver.o
                0x08005056                SUBGRF_Calibrate
 .text.SUBGRF_CalibrateImage
                0x08005098       0x6c ./Middlewares/Third_Party/SubGHz_Phy/stm32_radio_driver/radio_driver.o
                0x08005098                SUBGRF_CalibrateImage
 .text.SUBGRF_SetPaConfig
                0x08005104       0x24 ./Middlewares/Third_Party/SubGHz_Phy/stm32_radio_driver/radio_driver.o
                0x08005104                SUBGRF_SetPaConfig
 .text.SUBGRF_SetDioIrqParams
                0x08005128       0x2a ./Middlewares/Third_Party/SubGHz_Phy/stm32_radio_driver/radio_driver.o
                0x08005128                SUBGRF_SetDioIrqParams
 .text.SUBGRF_SetTcxoMode
                0x08005152       0x28 ./Middlewares/Third_Party/SubGHz_Phy/stm32_radio_driver/radio_driver.o
                0x08005152                SUBGRF_SetTcxoMode
 *fill*         0x0800517a        0x2 
 .text.SUBGRF_Init
                0x0800517c       0x78 ./Middlewares/Third_Party/SubGHz_Phy/stm32_radio_driver/radio_driver.o
                0x0800517c                SUBGRF_Init
 .text.SUBGRF_SetRfFrequency
                0x080051f4       0x3c ./Middlewares/Third_Party/SubGHz_Phy/stm32_radio_driver/radio_driver.o
                0x080051f4                SUBGRF_SetRfFrequency
 .text.SUBGRF_SetPacketType
                0x08005230       0x2c ./Middlewares/Third_Party/SubGHz_Phy/stm32_radio_driver/radio_driver.o
                0x08005230                SUBGRF_SetPacketType
 .text.SUBGRF_SetTxParams
                0x0800525c       0xf4 ./Middlewares/Third_Party/SubGHz_Phy/stm32_radio_driver/radio_driver.o
                0x0800525c                SUBGRF_SetTxParams
 .text.SUBGRF_SetModulationParams
                0x08005350       0xd0 ./Middlewares/Third_Party/SubGHz_Phy/stm32_radio_driver/radio_driver.o
                0x08005350                SUBGRF_SetModulationParams
 .text.SUBGRF_SetPacketParams
                0x08005420       0xc0 ./Middlewares/Third_Party/SubGHz_Phy/stm32_radio_driver/radio_driver.o
                0x08005420                SUBGRF_SetPacketParams
 .text.SUBGRF_SetBufferBaseAddress
                0x080054e0       0x1a ./Middlewares/Third_Party/SubGHz_Phy/stm32_radio_driver/radio_driver.o
                0x080054e0                SUBGRF_SetBufferBaseAddress
 *fill*         0x080054fa        0x2 
 .text.SUBGRF_ReadCommand
                0x080054fc       0x20 ./Middlewares/Third_Party/SubGHz_Phy/stm32_radio_driver/radio_driver.o
                0x080054fc                SUBGRF_ReadCommand
 .text.SUBGRF_GetRssiInst
                0x0800551c       0x1a ./Middlewares/Third_Party/SubGHz_Phy/stm32_radio_driver/radio_driver.o
                0x0800551c                SUBGRF_GetRssiInst
 *fill*         0x08005536        0x2 
 .text.SUBGRF_GetRxBufferStatus
                0x08005538       0x44 ./Middlewares/Third_Party/SubGHz_Phy/stm32_radio_driver/radio_driver.o
                0x08005538                SUBGRF_GetRxBufferStatus
 .text.SUBGRF_GetPayload
                0x0800557c       0x2c ./Middlewares/Third_Party/SubGHz_Phy/stm32_radio_driver/radio_driver.o
                0x0800557c                SUBGRF_GetPayload
 .text.SUBGRF_GetPacketStatus
                0x080055a8       0x78 ./Middlewares/Third_Party/SubGHz_Phy/stm32_radio_driver/radio_driver.o
                0x080055a8                SUBGRF_GetPacketStatus
 .text.SUBGRF_SetSwitch
                0x08005620       0x28 ./Middlewares/Third_Party/SubGHz_Phy/stm32_radio_driver/radio_driver.o
                0x08005620                SUBGRF_SetSwitch
 .text.SUBGRF_SetRfTxPower
                0x08005648       0x2a ./Middlewares/Third_Party/SubGHz_Phy/stm32_radio_driver/radio_driver.o
                0x08005648                SUBGRF_SetRfTxPower
 .text.SUBGRF_GetRadioWakeUpTime
                0x08005672        0x4 ./Middlewares/Third_Party/SubGHz_Phy/stm32_radio_driver/radio_driver.o
                0x08005672                SUBGRF_GetRadioWakeUpTime
 *fill*         0x08005676        0x2 
 .text.HAL_SUBGHZ_TxCpltCallback
                0x08005678        0xc ./Middlewares/Third_Party/SubGHz_Phy/stm32_radio_driver/radio_driver.o
                0x08005678                HAL_SUBGHZ_TxCpltCallback
 .text.HAL_SUBGHZ_RxCpltCallback
                0x08005684        0xc ./Middlewares/Third_Party/SubGHz_Phy/stm32_radio_driver/radio_driver.o
                0x08005684                HAL_SUBGHZ_RxCpltCallback
 .text.HAL_SUBGHZ_CRCErrorCallback
                0x08005690        0xc ./Middlewares/Third_Party/SubGHz_Phy/stm32_radio_driver/radio_driver.o
                0x08005690                HAL_SUBGHZ_CRCErrorCallback
 .text.HAL_SUBGHZ_CADStatusCallback
                0x0800569c       0x20 ./Middlewares/Third_Party/SubGHz_Phy/stm32_radio_driver/radio_driver.o
                0x0800569c                HAL_SUBGHZ_CADStatusCallback
 .text.HAL_SUBGHZ_RxTxTimeoutCallback
                0x080056bc       0x10 ./Middlewares/Third_Party/SubGHz_Phy/stm32_radio_driver/radio_driver.o
                0x080056bc                HAL_SUBGHZ_RxTxTimeoutCallback
 .text.HAL_SUBGHZ_HeaderErrorCallback
                0x080056cc        0xc ./Middlewares/Third_Party/SubGHz_Phy/stm32_radio_driver/radio_driver.o
                0x080056cc                HAL_SUBGHZ_HeaderErrorCallback
 .text.HAL_SUBGHZ_PreambleDetectedCallback
                0x080056d8        0xc ./Middlewares/Third_Party/SubGHz_Phy/stm32_radio_driver/radio_driver.o
                0x080056d8                HAL_SUBGHZ_PreambleDetectedCallback
 .text.HAL_SUBGHZ_SyncWordValidCallback
                0x080056e4        0xc ./Middlewares/Third_Party/SubGHz_Phy/stm32_radio_driver/radio_driver.o
                0x080056e4                HAL_SUBGHZ_SyncWordValidCallback
 .text.HAL_SUBGHZ_HeaderValidCallback
                0x080056f0        0xc ./Middlewares/Third_Party/SubGHz_Phy/stm32_radio_driver/radio_driver.o
                0x080056f0                HAL_SUBGHZ_HeaderValidCallback
 .text.HAL_SUBGHZ_LrFhssHopCallback
                0x080056fc       0x10 ./Middlewares/Third_Party/SubGHz_Phy/stm32_radio_driver/radio_driver.o
                0x080056fc                HAL_SUBGHZ_LrFhssHopCallback
 .text.SUBGRF_GetFskBandwidthRegValue
                0x0800570c       0x28 ./Middlewares/Third_Party/SubGHz_Phy/stm32_radio_driver/radio_driver.o
                0x0800570c                SUBGRF_GetFskBandwidthRegValue
 .text.SUBGRF_GetCFO
                0x08005734       0x80 ./Middlewares/Third_Party/SubGHz_Phy/stm32_radio_driver/radio_driver.o
                0x08005734                SUBGRF_GetCFO
 .text.RFW_TransmitLongPacket
                0x080057b4        0x6 ./Middlewares/Third_Party/SubGHz_Phy/stm32_radio_driver/radio_fw.o
                0x080057b4                RFW_TransmitLongPacket
 .text.RFW_ReceiveLongPacket
                0x080057ba        0x6 ./Middlewares/Third_Party/SubGHz_Phy/stm32_radio_driver/radio_fw.o
                0x080057ba                RFW_ReceiveLongPacket
 .text.RFW_Init
                0x080057c0        0x6 ./Middlewares/Third_Party/SubGHz_Phy/stm32_radio_driver/radio_fw.o
                0x080057c0                RFW_Init
 .text.RFW_DeInit
                0x080057c6        0x2 ./Middlewares/Third_Party/SubGHz_Phy/stm32_radio_driver/radio_fw.o
                0x080057c6                RFW_DeInit
 .text.RFW_Is_Init
                0x080057c8        0x4 ./Middlewares/Third_Party/SubGHz_Phy/stm32_radio_driver/radio_fw.o
                0x080057c8                RFW_Is_Init
 .text.RFW_Is_LongPacketModeEnabled
                0x080057cc        0x4 ./Middlewares/Third_Party/SubGHz_Phy/stm32_radio_driver/radio_fw.o
                0x080057cc                RFW_Is_LongPacketModeEnabled
 .text.RFW_SetAntSwitch
                0x080057d0        0x2 ./Middlewares/Third_Party/SubGHz_Phy/stm32_radio_driver/radio_fw.o
                0x080057d0                RFW_SetAntSwitch
 .text.RFW_TransmitInit
                0x080057d2        0x6 ./Middlewares/Third_Party/SubGHz_Phy/stm32_radio_driver/radio_fw.o
                0x080057d2                RFW_TransmitInit
 .text.RFW_ReceiveInit
                0x080057d8        0x6 ./Middlewares/Third_Party/SubGHz_Phy/stm32_radio_driver/radio_fw.o
                0x080057d8                RFW_ReceiveInit
 .text.RFW_DeInit_TxLongPacket
                0x080057de        0x2 ./Middlewares/Third_Party/SubGHz_Phy/stm32_radio_driver/radio_fw.o
                0x080057de                RFW_DeInit_TxLongPacket
 .text.RFW_ReceivePayload
                0x080057e0        0x2 ./Middlewares/Third_Party/SubGHz_Phy/stm32_radio_driver/radio_fw.o
                0x080057e0                RFW_ReceivePayload
 .text.RFW_SetRadioModem
                0x080057e2        0x2 ./Middlewares/Third_Party/SubGHz_Phy/stm32_radio_driver/radio_fw.o
                0x080057e2                RFW_SetRadioModem
 .text.MX_SubGHz_Phy_Init
                0x080057e4        0xe ./SubGHz_Phy/App/app_subghz_phy.o
                0x080057e4                MX_SubGHz_Phy_Init
 .text.MX_SubGHz_Phy_Process
                0x080057f2        0x8 ./SubGHz_Phy/App/app_subghz_phy.o
                0x080057f2                MX_SubGHz_Phy_Process
 .text.OnTxDone
                0x080057fa        0x2 ./SubGHz_Phy/App/subghz_phy_app.o
 .text.OnRxDone
                0x080057fc        0x2 ./SubGHz_Phy/App/subghz_phy_app.o
 .text.OnRxError
                0x080057fe        0x2 ./SubGHz_Phy/App/subghz_phy_app.o
 .text.OnTxTimeout
                0x08005800        0x2 ./SubGHz_Phy/App/subghz_phy_app.o
 .text.OnRxTimeout
                0x08005802        0x2 ./SubGHz_Phy/App/subghz_phy_app.o
 .text.SubghzApp_Init
                0x08005804       0x38 ./SubGHz_Phy/App/subghz_phy_app.o
                0x08005804                SubghzApp_Init
 .text.RBI_Init
                0x0800583c        0x4 ./SubGHz_Phy/Target/radio_board_if.o
                0x0800583c                RBI_Init
 .text.RBI_ConfigRFSwitch
                0x08005840        0x4 ./SubGHz_Phy/Target/radio_board_if.o
                0x08005840                RBI_ConfigRFSwitch
 .text.RBI_GetTxConfig
                0x08005844        0x4 ./SubGHz_Phy/Target/radio_board_if.o
                0x08005844                RBI_GetTxConfig
 .text.RBI_IsTCXO
                0x08005848        0x4 ./SubGHz_Phy/Target/radio_board_if.o
                0x08005848                RBI_IsTCXO
 .text.RBI_IsDCDC
                0x0800584c        0x4 ./SubGHz_Phy/Target/radio_board_if.o
                0x0800584c                RBI_IsDCDC
 .text.RBI_GetRFOMaxPowerConfig
                0x08005850        0xa ./SubGHz_Phy/Target/radio_board_if.o
                0x08005850                RBI_GetRFOMaxPowerConfig
 *fill*         0x0800585a        0x2 
 .text.UTIL_LPM_Init
                0x0800585c       0x14 ./Utilities/lpm/tiny_lpm/stm32_lpm.o
                0x0800585c                UTIL_LPM_Init
 .text.UTIL_LPM_SetStopMode
                0x08005870       0x2c ./Utilities/lpm/tiny_lpm/stm32_lpm.o
                0x08005870                UTIL_LPM_SetStopMode
 .text.UTIL_LPM_SetOffMode
                0x0800589c       0x2c ./Utilities/lpm/tiny_lpm/stm32_lpm.o
                0x0800589c                UTIL_LPM_SetOffMode
 .text.UTIL_LPM_EnterLowPower
                0x080058c8       0x40 ./Utilities/lpm/tiny_lpm/stm32_lpm.o
                0x080058c8                UTIL_LPM_EnterLowPower
 .text.UTIL_MEM_cpy_8
                0x08005908       0x14 ./Utilities/misc/stm32_mem.o
                0x08005908                UTIL_MEM_cpy_8
 .text.UTIL_MEM_set_8
                0x0800591c        0xe ./Utilities/misc/stm32_mem.o
                0x0800591c                UTIL_MEM_set_8
 *fill*         0x0800592a        0x2 
 .text.SysTimeGet
                0x0800592c       0x4c ./Utilities/misc/stm32_systime.o
                0x0800592c                SysTimeGet
 .text.tiny_vsnprintf_like
                0x08005978      0x248 ./Utilities/misc/stm32_tiny_vsnprintf.o
                0x08005978                tiny_vsnprintf_like
 .text.UTIL_SEQ_PreIdle
                0x08005bc0        0x2 ./Utilities/sequencer/stm32_seq.o
                0x08005bc0                UTIL_SEQ_PreIdle
 .text.UTIL_SEQ_PostIdle
                0x08005bc2        0x2 ./Utilities/sequencer/stm32_seq.o
                0x08005bc2                UTIL_SEQ_PostIdle
 .text.SEQ_BitPosition
                0x08005bc4       0x40 ./Utilities/sequencer/stm32_seq.o
                0x08005bc4                SEQ_BitPosition
 .text.UTIL_SEQ_Run
                0x08005c04      0x108 ./Utilities/sequencer/stm32_seq.o
                0x08005c04                UTIL_SEQ_Run
 .text.UTIL_TIMER_Init
                0x08005d0c       0x14 ./Utilities/timer/stm32_timer.o
                0x08005d0c                UTIL_TIMER_Init
 .text.UTIL_TIMER_Create
                0x08005d20       0x34 ./Utilities/timer/stm32_timer.o
                0x08005d20                UTIL_TIMER_Create
 .text.UTIL_TIMER_GetCurrentTime
                0x08005d54       0x14 ./Utilities/timer/stm32_timer.o
                0x08005d54                UTIL_TIMER_GetCurrentTime
 .text.UTIL_TIMER_GetElapsedTime
                0x08005d68       0x20 ./Utilities/timer/stm32_timer.o
                0x08005d68                UTIL_TIMER_GetElapsedTime
 .text.TimerExists
                0x08005d88       0x1c ./Utilities/timer/stm32_timer.o
                0x08005d88                TimerExists
 .text.TimerSetTimeout
                0x08005da4       0x38 ./Utilities/timer/stm32_timer.o
                0x08005da4                TimerSetTimeout
 .text.UTIL_TIMER_Stop
                0x08005ddc       0x5c ./Utilities/timer/stm32_timer.o
                0x08005ddc                UTIL_TIMER_Stop
 .text.TimerInsertTimer
                0x08005e38       0x28 ./Utilities/timer/stm32_timer.o
                0x08005e38                TimerInsertTimer
 .text.TimerInsertNewHeadTimer
                0x08005e60       0x18 ./Utilities/timer/stm32_timer.o
                0x08005e60                TimerInsertNewHeadTimer
 .text.UTIL_TIMER_Start
                0x08005e78       0x74 ./Utilities/timer/stm32_timer.o
                0x08005e78                UTIL_TIMER_Start
 .text.UTIL_TIMER_SetPeriod
                0x08005eec       0x30 ./Utilities/timer/stm32_timer.o
                0x08005eec                UTIL_TIMER_SetPeriod
 .text.UTIL_TIMER_IRQ_Handler
                0x08005f1c       0x88 ./Utilities/timer/stm32_timer.o
                0x08005f1c                UTIL_TIMER_IRQ_Handler
 .text.TRACE_AllocateBufer
                0x08005fa4       0x60 ./Utilities/trace/adv_trace/stm32_adv_trace.o
 .text.TRACE_Lock
                0x08006004       0x18 ./Utilities/trace/adv_trace/stm32_adv_trace.o
 .text.TRACE_UnLock
                0x0800601c       0x18 ./Utilities/trace/adv_trace/stm32_adv_trace.o
 .text.UTIL_ADV_TRACE_Init
                0x08006034       0x34 ./Utilities/trace/adv_trace/stm32_adv_trace.o
                0x08006034                UTIL_ADV_TRACE_Init
 .text.UTIL_ADV_TRACE_RegisterTimeStampFunction
                0x08006068        0xc ./Utilities/trace/adv_trace/stm32_adv_trace.o
                0x08006068                UTIL_ADV_TRACE_RegisterTimeStampFunction
 .text.UTIL_ADV_TRACE_SetVerboseLevel
                0x08006074        0xc ./Utilities/trace/adv_trace/stm32_adv_trace.o
                0x08006074                UTIL_ADV_TRACE_SetVerboseLevel
 .text.TRACE_Send
                0x08006080       0x88 ./Utilities/trace/adv_trace/stm32_adv_trace.o
 .text.UTIL_ADV_TRACE_COND_FSend
                0x08006108       0xc8 ./Utilities/trace/adv_trace/stm32_adv_trace.o
                0x08006108                UTIL_ADV_TRACE_COND_FSend
 .text.TRACE_TxCpltCallback
                0x080061d0       0x98 ./Utilities/trace/adv_trace/stm32_adv_trace.o
 .text.memset   0x08006268       0x10 C:/ST/STM32CubeIDE_1.16.0/STM32CubeIDE/plugins/com.st.stm32cube.ide.mcu.externaltools.gnu-tools-for-stm32.13.3.rel1.win32_1.0.0.202411081344/tools/bin/../lib/gcc/arm-none-eabi/13.3.1/../../../../arm-none-eabi/lib/thumb/v7e-m/nofp\libc_nano.a(libc_a-memset.o)
                0x08006268                memset
 .text.__libc_init_array
                0x08006278       0x48 C:/ST/STM32CubeIDE_1.16.0/STM32CubeIDE/plugins/com.st.stm32cube.ide.mcu.externaltools.gnu-tools-for-stm32.13.3.rel1.win32_1.0.0.202411081344/tools/bin/../lib/gcc/arm-none-eabi/13.3.1/../../../../arm-none-eabi/lib/thumb/v7e-m/nofp\libc_nano.a(libc_a-init.o)
                0x08006278                __libc_init_array
 *(.glue_7)
 .glue_7        0x080062c0        0x0 linker stubs
 *(.glue_7t)
 .glue_7t       0x080062c0        0x0 linker stubs
 *(.eh_frame)
 .eh_frame      0x080062c0        0x0 C:/ST/STM32CubeIDE_1.16.0/STM32CubeIDE/plugins/com.st.stm32cube.ide.mcu.externaltools.gnu-tools-for-stm32.13.3.rel1.win32_1.0.0.202411081344/tools/bin/../lib/gcc/arm-none-eabi/13.3.1/thumb/v7e-m/nofp/crtbegin.o
 *(.init)
 .init          0x080062c0        0x4 C:/ST/STM32CubeIDE_1.16.0/STM32CubeIDE/plugins/com.st.stm32cube.ide.mcu.externaltools.gnu-tools-for-stm32.13.3.rel1.win32_1.0.0.202411081344/tools/bin/../lib/gcc/arm-none-eabi/13.3.1/thumb/v7e-m/nofp/crti.o
                0x080062c0                _init
 .init          0x080062c4        0x8 C:/ST/STM32CubeIDE_1.16.0/STM32CubeIDE/plugins/com.st.stm32cube.ide.mcu.externaltools.gnu-tools-for-stm32.13.3.rel1.win32_1.0.0.202411081344/tools/bin/../lib/gcc/arm-none-eabi/13.3.1/thumb/v7e-m/nofp/crtn.o
 *(.fini)
 .fini          0x080062cc        0x4 C:/ST/STM32CubeIDE_1.16.0/STM32CubeIDE/plugins/com.st.stm32cube.ide.mcu.externaltools.gnu-tools-for-stm32.13.3.rel1.win32_1.0.0.202411081344/tools/bin/../lib/gcc/arm-none-eabi/13.3.1/thumb/v7e-m/nofp/crti.o
                0x080062cc                _fini
 .fini          0x080062d0        0x8 C:/ST/STM32CubeIDE_1.16.0/STM32CubeIDE/plugins/com.st.stm32cube.ide.mcu.externaltools.gnu-tools-for-stm32.13.3.rel1.win32_1.0.0.202411081344/tools/bin/../lib/gcc/arm-none-eabi/13.3.1/thumb/v7e-m/nofp/crtn.o
                0x080062d8                        . = ALIGN (0x4)
                0x080062d8                        _etext = .

.vfp11_veneer   0x080062d8        0x0
 .vfp11_veneer  0x080062d8        0x0 linker stubs

.v4_bx          0x080062d8        0x0
 .v4_bx         0x080062d8        0x0 linker stubs

.iplt           0x080062d8        0x0
 .iplt          0x080062d8        0x0 C:/ST/STM32CubeIDE_1.16.0/STM32CubeIDE/plugins/com.st.stm32cube.ide.mcu.externaltools.gnu-tools-for-stm32.13.3.rel1.win32_1.0.0.202411081344/tools/bin/../lib/gcc/arm-none-eabi/13.3.1/thumb/v7e-m/nofp/crtbegin.o

.rodata         0x080062d8      0x384
                0x080062d8                        . = ALIGN (0x4)
 *(.rodata)
 .rodata        0x080062d8        0xc ./Drivers/STM32WLxx_HAL_Driver/Src/stm32wlxx_hal_rcc.o
 .rodata        0x080062e4       0x10 ./Middlewares/Third_Party/SubGHz_Phy/stm32_radio_driver/radio.o
 *(.rodata*)
 .rodata.UTIL_PowerDriver
                0x080062f4       0x18 ./Core/Src/stm32_lpm_if.o
                0x080062f4                UTIL_PowerDriver
 .rodata.tiny_snprintf_like.constprop.0.str1.1
                0x0800630c       0xb8 ./Core/Src/sys_app.o
                                  0x9 (size before relaxing)
 .rodata.MSIRangeTable
                0x080063c4       0x40 ./Core/Src/system_stm32wlxx.o
                0x080063c4                MSIRangeTable
 .rodata.APBPrescTable
                0x08006404       0x20 ./Core/Src/system_stm32wlxx.o
                0x08006404                APBPrescTable
 .rodata.AHBPrescTable
                0x08006424       0x40 ./Core/Src/system_stm32wlxx.o
                0x08006424                AHBPrescTable
 .rodata.UTIL_SYSTIMDriver
                0x08006464       0x14 ./Core/Src/timer_if.o
                0x08006464                UTIL_SYSTIMDriver
 .rodata.UTIL_TimerDriver
                0x08006478       0x2c ./Core/Src/timer_if.o
                0x08006478                UTIL_TimerDriver
 .rodata.UTIL_TraceDriver
                0x080064a4       0x10 ./Core/Src/usart_if.o
                0x080064a4                UTIL_TraceDriver
 .rodata.UARTPrescTable
                0x080064b4       0x18 ./Drivers/STM32WLxx_HAL_Driver/Src/stm32wlxx_hal_uart.o
                0x080064b4                UARTPrescTable
 .rodata.denominator.0
                0x080064cc        0x8 ./Drivers/STM32WLxx_HAL_Driver/Src/stm32wlxx_hal_uart_ex.o
 .rodata.numerator.1
                0x080064d4        0x8 ./Drivers/STM32WLxx_HAL_Driver/Src/stm32wlxx_hal_uart_ex.o
 .rodata.RadioSend.str1.1
                0x080064dc       0x15 ./Middlewares/Third_Party/SubGHz_Phy/stm32_radio_driver/radio.o
 .rodata.RadioIrqProcess.str1.1
                0x080064dc       0x49 ./Middlewares/Third_Party/SubGHz_Phy/stm32_radio_driver/radio.o
 .rodata.CSWTCH.77
                0x080064dc        0x4 ./Middlewares/Third_Party/SubGHz_Phy/stm32_radio_driver/radio.o
 .rodata.CSWTCH.57
                0x080064e0       0x2c ./Middlewares/Third_Party/SubGHz_Phy/stm32_radio_driver/radio.o
 .rodata.Bandwidths
                0x0800650c        0x3 ./Middlewares/Third_Party/SubGHz_Phy/stm32_radio_driver/radio.o
                0x0800650c                Bandwidths
 *fill*         0x0800650f        0x1 
 .rodata.Radio  0x08006510       0x8c ./Middlewares/Third_Party/SubGHz_Phy/stm32_radio_driver/radio.o
                0x08006510                Radio
 .rodata.FskBandwidths
                0x0800659c       0xb0 ./Middlewares/Third_Party/SubGHz_Phy/stm32_radio_driver/radio_driver.o
 .rodata.tiny_vsnprintf_like.str1.1
                0x0800664c       0x51 ./Utilities/misc/stm32_tiny_vsnprintf.o
 .rodata.SEQ_clz_table_4bit
                0x0800664c       0x10 ./Utilities/sequencer/stm32_seq.o
                0x0800664c                SEQ_clz_table_4bit
                0x080066a0                        . = ALIGN (0x4)

.ARM.extab      0x0800665c        0x0
                0x0800665c                        . = ALIGN (0x4)
 *(.ARM.extab* .gnu.linkonce.armextab.*)
                0x0800665c                        . = ALIGN (0x4)

.ARM            0x0800665c        0x8
                0x0800665c                        . = ALIGN (0x4)
                0x0800665c                        __exidx_start = .
 *(.ARM.exidx*)
 .ARM.exidx     0x0800665c        0x8 C:/ST/STM32CubeIDE_1.16.0/STM32CubeIDE/plugins/com.st.stm32cube.ide.mcu.externaltools.gnu-tools-for-stm32.13.3.rel1.win32_1.0.0.202411081344/tools/bin/../lib/gcc/arm-none-eabi/13.3.1/../../../../arm-none-eabi/lib/thumb/v7e-m/nofp\libc_nano.a(libc_a-strlen.o)
 .ARM.exidx     0x08006664        0x0 C:/ST/STM32CubeIDE_1.16.0/STM32CubeIDE/plugins/com.st.stm32cube.ide.mcu.externaltools.gnu-tools-for-stm32.13.3.rel1.win32_1.0.0.202411081344/tools/bin/../lib/gcc/arm-none-eabi/13.3.1/thumb/v7e-m/nofp\libgcc.a(_udivmoddi4.o)
                                  0x8 (size before relaxing)
                0x08006664                        __exidx_end = .
                0x08006664                        . = ALIGN (0x4)

.preinit_array  0x08006664        0x0
                0x08006664                        . = ALIGN (0x4)
                0x08006664                        PROVIDE (__preinit_array_start = .)
 *(.preinit_array*)
                0x08006664                        PROVIDE (__preinit_array_end = .)
                0x08006664                        . = ALIGN (0x4)

.init_array     0x08006664        0x4
                0x08006664                        . = ALIGN (0x4)
                0x08006664                        PROVIDE (__init_array_start = .)
 *(SORT_BY_NAME(.init_array.*))
 *(.init_array*)
 .init_array    0x08006664        0x4 C:/ST/STM32CubeIDE_1.16.0/STM32CubeIDE/plugins/com.st.stm32cube.ide.mcu.externaltools.gnu-tools-for-stm32.13.3.rel1.win32_1.0.0.202411081344/tools/bin/../lib/gcc/arm-none-eabi/13.3.1/thumb/v7e-m/nofp/crtbegin.o
                0x08006668                        PROVIDE (__init_array_end = .)
                0x08006668                        . = ALIGN (0x4)

.fini_array     0x08006668        0x4
                0x08006668                        . = ALIGN (0x4)
                [!provide]                        PROVIDE (__fini_array_start = .)
 *(SORT_BY_NAME(.fini_array.*))
 *(.fini_array*)
 .fini_array    0x08006668        0x4 C:/ST/STM32CubeIDE_1.16.0/STM32CubeIDE/plugins/com.st.stm32cube.ide.mcu.externaltools.gnu-tools-for-stm32.13.3.rel1.win32_1.0.0.202411081344/tools/bin/../lib/gcc/arm-none-eabi/13.3.1/thumb/v7e-m/nofp/crtbegin.o
                [!provide]                        PROVIDE (__fini_array_end = .)
                0x0800666c                        . = ALIGN (0x4)
                0x0800666c                        _sidata = LOADADDR (.data)

.rel.dyn        0x0800666c        0x0
 .rel.iplt      0x0800666c        0x0 C:/ST/STM32CubeIDE_1.16.0/STM32CubeIDE/plugins/com.st.stm32cube.ide.mcu.externaltools.gnu-tools-for-stm32.13.3.rel1.win32_1.0.0.202411081344/tools/bin/../lib/gcc/arm-none-eabi/13.3.1/thumb/v7e-m/nofp/crtbegin.o

.data           0x20000000       0x18 load address 0x0800666c
                0x20000000                        . = ALIGN (0x4)
                0x20000000                        _sdata = .
 *(.data)
 *(.data*)
 .data.BufferTx
                0x20000000        0x2 ./Core/Src/main.o
                0x20000000                BufferTx
 *fill*         0x20000002        0x2 
 .data.SystemCoreClock
                0x20000004        0x4 ./Core/Src/system_stm32wlxx.o
                0x20000004                SystemCoreClock
 .data.uwTickPrio
                0x20000008        0x4 ./Drivers/STM32WLxx_HAL_Driver/Src/stm32wlxx_hal.o
                0x20000008                uwTickPrio
 .data.MaxPayloadLength
                0x2000000c        0x1 ./Middlewares/Third_Party/SubGHz_Phy/stm32_radio_driver/radio.o
 *fill*         0x2000000d        0x3 
 .data.SuperMask
                0x20000010        0x4 ./Utilities/sequencer/stm32_seq.o
 .data.TaskMask
                0x20000014        0x4 ./Utilities/sequencer/stm32_seq.o
 *(.RamFunc)
 *(.RamFunc*)
                0x20000018                        . = ALIGN (0x4)
                0x20000018                        _edata = .

.igot.plt       0x20000018        0x0 load address 0x08006684
 .igot.plt      0x20000018        0x0 C:/ST/STM32CubeIDE_1.16.0/STM32CubeIDE/plugins/com.st.stm32cube.ide.mcu.externaltools.gnu-tools-for-stm32.13.3.rel1.win32_1.0.0.202411081344/tools/bin/../lib/gcc/arm-none-eabi/13.3.1/thumb/v7e-m/nofp/crtbegin.o
                0x20000018                        . = ALIGN (0x4)

.bss            0x20000018      0x68c load address 0x08006684
                0x20000018                        _sbss = .
                0x20000018                        __bss_start__ = _sbss
 *(.bss)
 .bss           0x20000018       0x1c C:/ST/STM32CubeIDE_1.16.0/STM32CubeIDE/plugins/com.st.stm32cube.ide.mcu.externaltools.gnu-tools-for-stm32.13.3.rel1.win32_1.0.0.202411081344/tools/bin/../lib/gcc/arm-none-eabi/13.3.1/thumb/v7e-m/nofp/crtbegin.o
 *(.bss*)
 .bss.RadioEvents.0
                0x20000034       0x1c ./Core/Src/main.o
 .bss.rxerror   0x20000050        0x1 ./Core/Src/main.o
                0x20000050                rxerror
 .bss.txDone    0x20000051        0x1 ./Core/Src/main.o
                0x20000051                txDone
 .bss.txTimout  0x20000052        0x1 ./Core/Src/main.o
                0x20000052                txTimout
 .bss.rxTimout  0x20000053        0x1 ./Core/Src/main.o
                0x20000053                rxTimout
 .bss.rxDone    0x20000054        0x1 ./Core/Src/main.o
                0x20000054                rxDone
 *fill*         0x20000055        0x3 
 .bss.hrtc      0x20000058       0x38 ./Core/Src/rtc.o
                0x20000058                hrtc
 .bss.hsubghz   0x20000090        0xc ./Core/Src/subghz.o
                0x20000090                hsubghz
 .bss.SYS_TimerInitialisedFlag
                0x2000009c        0x1 ./Core/Src/sys_app.o
 *fill*         0x2000009d        0x3 
 .bss.RtcTimerContext
                0x200000a0        0x4 ./Core/Src/timer_if.o
 .bss.RTC_Initialized
                0x200000a4        0x1 ./Core/Src/timer_if.o
 *fill*         0x200000a5        0x3 
 .bss.hdma_usart2_tx
                0x200000a8       0x60 ./Core/Src/usart.o
                0x200000a8                hdma_usart2_tx
 .bss.huart2    0x20000108       0x94 ./Core/Src/usart.o
                0x20000108                huart2
 .bss.RxCpltCallback
                0x2000019c        0x4 ./Core/Src/usart_if.o
 .bss.TxCpltCallback
                0x200001a0        0x4 ./Core/Src/usart_if.o
 .bss.charRx    0x200001a4        0x1 ./Core/Src/usart_if.o
                0x200001a4                charRx
 *fill*         0x200001a5        0x3 
 .bss.RxTimeoutTimer
                0x200001a8       0x18 ./Middlewares/Third_Party/SubGHz_Phy/stm32_radio_driver/radio.o
                0x200001a8                RxTimeoutTimer
 .bss.TxTimeoutTimer
                0x200001c0       0x18 ./Middlewares/Third_Party/SubGHz_Phy/stm32_radio_driver/radio.o
                0x200001c0                TxTimeoutTimer
 .bss.SubgRf    0x200001d8       0x5c ./Middlewares/Third_Party/SubGHz_Phy/stm32_radio_driver/radio.o
                0x200001d8                SubgRf
 .bss.RadioEvents
                0x20000234        0x4 ./Middlewares/Third_Party/SubGHz_Phy/stm32_radio_driver/radio.o
 .bss.RadioBuffer
                0x20000238       0xff ./Middlewares/Third_Party/SubGHz_Phy/stm32_radio_driver/radio.o
 *fill*         0x20000337        0x1 
 .bss.RadioOnDioIrqCb
                0x20000338        0x4 ./Middlewares/Third_Party/SubGHz_Phy/stm32_radio_driver/radio_driver.o
 .bss.ImageCalibrated
                0x2000033c        0x1 ./Middlewares/Third_Party/SubGHz_Phy/stm32_radio_driver/radio_driver.o
 *fill*         0x2000033d        0x3 
 .bss.FrequencyError
                0x20000340        0x4 ./Middlewares/Third_Party/SubGHz_Phy/stm32_radio_driver/radio_driver.o
                0x20000340                FrequencyError
 .bss.LoRaHeaderType
                0x20000344        0x1 ./Middlewares/Third_Party/SubGHz_Phy/stm32_radio_driver/radio_driver.o
 .bss.PacketType
                0x20000345        0x1 ./Middlewares/Third_Party/SubGHz_Phy/stm32_radio_driver/radio_driver.o
 .bss.OperatingMode
                0x20000346        0x1 ./Middlewares/Third_Party/SubGHz_Phy/stm32_radio_driver/radio_driver.o
 *fill*         0x20000347        0x1 
 .bss.RadioEvents
                0x20000348       0x1c ./SubGHz_Phy/App/subghz_phy_app.o
 .bss.OffModeDisable
                0x20000364        0x4 ./Utilities/lpm/tiny_lpm/stm32_lpm.o
 .bss.StopModeDisable
                0x20000368        0x4 ./Utilities/lpm/tiny_lpm/stm32_lpm.o
 .bss.TaskPrio  0x2000036c        0x8 ./Utilities/sequencer/stm32_seq.o
 .bss.TaskCb    0x20000374        0x4 ./Utilities/sequencer/stm32_seq.o
 .bss.CurrentTaskIdx
                0x20000378        0x4 ./Utilities/sequencer/stm32_seq.o
 .bss.EvtWaited
                0x2000037c        0x4 ./Utilities/sequencer/stm32_seq.o
 .bss.EvtSet    0x20000380        0x4 ./Utilities/sequencer/stm32_seq.o
 .bss.TaskSet   0x20000384        0x4 ./Utilities/sequencer/stm32_seq.o
 .bss.TimerListHead
                0x20000388        0x4 ./Utilities/timer/stm32_timer.o
 .bss.sztmp     0x2000038c      0x100 ./Utilities/trace/adv_trace/stm32_adv_trace.o
 .bss.ADV_TRACE_Buffer
                0x2000048c      0x200 ./Utilities/trace/adv_trace/stm32_adv_trace.o
 .bss.ADV_TRACE_Ctx
                0x2000068c       0x18 ./Utilities/trace/adv_trace/stm32_adv_trace.o
 *(COMMON)
                0x200006a4                        . = ALIGN (0x4)
                0x200006a4                        _ebss = .
                0x200006a4                        __bss_end__ = _ebss

._user_heap_stack
                0x200006a4      0x604 load address 0x08006684
                0x200006a8                        . = ALIGN (0x8)
 *fill*         0x200006a4        0x4 
                [!provide]                        PROVIDE (end = .)
                0x200006a8                        PROVIDE (_end = .)
                0x200008a8                        . = (. + _Min_Heap_Size)
 *fill*         0x200006a8      0x200 
                0x20000ca8                        . = (. + _Min_Stack_Size)
 *fill*         0x200008a8      0x400 
                0x20000ca8                        . = ALIGN (0x8)

/DISCARD/
 libc.a(*)
 libm.a(*)
 libgcc.a(*)

.ARM.attributes
                0x00000000       0x2a
 *(.ARM.attributes)
 .ARM.attributes
                0x00000000       0x1e C:/ST/STM32CubeIDE_1.16.0/STM32CubeIDE/plugins/com.st.stm32cube.ide.mcu.externaltools.gnu-tools-for-stm32.13.3.rel1.win32_1.0.0.202411081344/tools/bin/../lib/gcc/arm-none-eabi/13.3.1/thumb/v7e-m/nofp/crti.o
 .ARM.attributes
                0x0000001e       0x2e C:/ST/STM32CubeIDE_1.16.0/STM32CubeIDE/plugins/com.st.stm32cube.ide.mcu.externaltools.gnu-tools-for-stm32.13.3.rel1.win32_1.0.0.202411081344/tools/bin/../lib/gcc/arm-none-eabi/13.3.1/thumb/v7e-m/nofp/crtbegin.o
 .ARM.attributes
                0x0000004c       0x2e ./Core/Src/dma.o
 .ARM.attributes
                0x0000007a       0x2e ./Core/Src/gpio.o
 .ARM.attributes
                0x000000a8       0x2e ./Core/Src/main.o
 .ARM.attributes
                0x000000d6       0x2e ./Core/Src/rtc.o
 .ARM.attributes
                0x00000104       0x2e ./Core/Src/stm32_lpm_if.o
 .ARM.attributes
                0x00000132       0x2e ./Core/Src/stm32wlxx_hal_msp.o
 .ARM.attributes
                0x00000160       0x2e ./Core/Src/stm32wlxx_it.o
 .ARM.attributes
                0x0000018e       0x2e ./Core/Src/subghz.o
 .ARM.attributes
                0x000001bc       0x2e ./Core/Src/sys_app.o
 .ARM.attributes
                0x000001ea       0x2e ./Core/Src/sys_debug.o
 .ARM.attributes
                0x00000218       0x2e ./Core/Src/system_stm32wlxx.o
 .ARM.attributes
                0x00000246       0x2e ./Core/Src/timer_if.o
 .ARM.attributes
                0x00000274       0x2e ./Core/Src/usart.o
 .ARM.attributes
                0x000002a2       0x2e ./Core/Src/usart_if.o
 .ARM.attributes
                0x000002d0       0x21 ./Core/Startup/startup_stm32wle5ccux.o
 .ARM.attributes
                0x000002f1       0x2e ./Drivers/STM32WLxx_HAL_Driver/Src/stm32wlxx_hal.o
 .ARM.attributes
                0x0000031f       0x2e ./Drivers/STM32WLxx_HAL_Driver/Src/stm32wlxx_hal_cortex.o
 .ARM.attributes
                0x0000034d       0x2e ./Drivers/STM32WLxx_HAL_Driver/Src/stm32wlxx_hal_dma.o
 .ARM.attributes
                0x0000037b       0x2e ./Drivers/STM32WLxx_HAL_Driver/Src/stm32wlxx_hal_gpio.o
 .ARM.attributes
                0x000003a9       0x2e ./Drivers/STM32WLxx_HAL_Driver/Src/stm32wlxx_hal_pwr.o
 .ARM.attributes
                0x000003d7       0x2e ./Drivers/STM32WLxx_HAL_Driver/Src/stm32wlxx_hal_pwr_ex.o
 .ARM.attributes
                0x00000405       0x2e ./Drivers/STM32WLxx_HAL_Driver/Src/stm32wlxx_hal_rcc.o
 .ARM.attributes
                0x00000433       0x2e ./Drivers/STM32WLxx_HAL_Driver/Src/stm32wlxx_hal_rcc_ex.o
 .ARM.attributes
                0x00000461       0x2e ./Drivers/STM32WLxx_HAL_Driver/Src/stm32wlxx_hal_rtc.o
 .ARM.attributes
                0x0000048f       0x2e ./Drivers/STM32WLxx_HAL_Driver/Src/stm32wlxx_hal_rtc_ex.o
 .ARM.attributes
                0x000004bd       0x2e ./Drivers/STM32WLxx_HAL_Driver/Src/stm32wlxx_hal_subghz.o
 .ARM.attributes
                0x000004eb       0x2e ./Drivers/STM32WLxx_HAL_Driver/Src/stm32wlxx_hal_uart.o
 .ARM.attributes
                0x00000519       0x2e ./Drivers/STM32WLxx_HAL_Driver/Src/stm32wlxx_hal_uart_ex.o
 .ARM.attributes
                0x00000547       0x2e ./Middlewares/Third_Party/SubGHz_Phy/stm32_radio_driver/radio.o
 .ARM.attributes
                0x00000575       0x2e ./Middlewares/Third_Party/SubGHz_Phy/stm32_radio_driver/radio_driver.o
 .ARM.attributes
                0x000005a3       0x2e ./Middlewares/Third_Party/SubGHz_Phy/stm32_radio_driver/radio_fw.o
 .ARM.attributes
                0x000005d1       0x2e ./SubGHz_Phy/App/app_subghz_phy.o
 .ARM.attributes
                0x000005ff       0x2e ./SubGHz_Phy/App/subghz_phy_app.o
 .ARM.attributes
                0x0000062d       0x2e ./SubGHz_Phy/Target/radio_board_if.o
 .ARM.attributes
                0x0000065b       0x2e ./Utilities/lpm/tiny_lpm/stm32_lpm.o
 .ARM.attributes
                0x00000689       0x2e ./Utilities/misc/stm32_mem.o
 .ARM.attributes
                0x000006b7       0x2e ./Utilities/misc/stm32_systime.o
 .ARM.attributes
                0x000006e5       0x2e ./Utilities/misc/stm32_tiny_vsnprintf.o
 .ARM.attributes
                0x00000713       0x2e ./Utilities/sequencer/stm32_seq.o
 .ARM.attributes
                0x00000741       0x2e ./Utilities/timer/stm32_timer.o
 .ARM.attributes
                0x0000076f       0x2e ./Utilities/trace/adv_trace/stm32_adv_trace.o
 .ARM.attributes
                0x0000079d       0x2e C:/ST/STM32CubeIDE_1.16.0/STM32CubeIDE/plugins/com.st.stm32cube.ide.mcu.externaltools.gnu-tools-for-stm32.13.3.rel1.win32_1.0.0.202411081344/tools/bin/../lib/gcc/arm-none-eabi/13.3.1/../../../../arm-none-eabi/lib/thumb/v7e-m/nofp\libc_nano.a(libc_a-memset.o)
 .ARM.attributes
                0x000007cb       0x2e C:/ST/STM32CubeIDE_1.16.0/STM32CubeIDE/plugins/com.st.stm32cube.ide.mcu.externaltools.gnu-tools-for-stm32.13.3.rel1.win32_1.0.0.202411081344/tools/bin/../lib/gcc/arm-none-eabi/13.3.1/../../../../arm-none-eabi/lib/thumb/v7e-m/nofp\libc_nano.a(libc_a-init.o)
 .ARM.attributes
                0x000007f9       0x17 C:/ST/STM32CubeIDE_1.16.0/STM32CubeIDE/plugins/com.st.stm32cube.ide.mcu.externaltools.gnu-tools-for-stm32.13.3.rel1.win32_1.0.0.202411081344/tools/bin/../lib/gcc/arm-none-eabi/13.3.1/../../../../arm-none-eabi/lib/thumb/v7e-m/nofp\libc_nano.a(libc_a-strlen.o)
 .ARM.attributes
                0x00000810       0x1e C:/ST/STM32CubeIDE_1.16.0/STM32CubeIDE/plugins/com.st.stm32cube.ide.mcu.externaltools.gnu-tools-for-stm32.13.3.rel1.win32_1.0.0.202411081344/tools/bin/../lib/gcc/arm-none-eabi/13.3.1/thumb/v7e-m/nofp\libgcc.a(_aeabi_uldivmod.o)
 .ARM.attributes
                0x0000082e       0x2e C:/ST/STM32CubeIDE_1.16.0/STM32CubeIDE/plugins/com.st.stm32cube.ide.mcu.externaltools.gnu-tools-for-stm32.13.3.rel1.win32_1.0.0.202411081344/tools/bin/../lib/gcc/arm-none-eabi/13.3.1/thumb/v7e-m/nofp\libgcc.a(_udivmoddi4.o)
 .ARM.attributes
                0x0000085c       0x1e C:/ST/STM32CubeIDE_1.16.0/STM32CubeIDE/plugins/com.st.stm32cube.ide.mcu.externaltools.gnu-tools-for-stm32.13.3.rel1.win32_1.0.0.202411081344/tools/bin/../lib/gcc/arm-none-eabi/13.3.1/thumb/v7e-m/nofp\libgcc.a(_dvmd_tls.o)
 .ARM.attributes
                0x0000087a       0x1e C:/ST/STM32CubeIDE_1.16.0/STM32CubeIDE/plugins/com.st.stm32cube.ide.mcu.externaltools.gnu-tools-for-stm32.13.3.rel1.win32_1.0.0.202411081344/tools/bin/../lib/gcc/arm-none-eabi/13.3.1/thumb/v7e-m/nofp/crtn.o
OUTPUT(rak_lora.elf elf32-littlearm)
LOAD linker stubs
LOAD C:/ST/STM32CubeIDE_1.16.0/STM32CubeIDE/plugins/com.st.stm32cube.ide.mcu.externaltools.gnu-tools-for-stm32.13.3.rel1.win32_1.0.0.202411081344/tools/bin/../lib/gcc/arm-none-eabi/13.3.1/../../../../arm-none-eabi/lib/thumb/v7e-m/nofp\libc.a
LOAD C:/ST/STM32CubeIDE_1.16.0/STM32CubeIDE/plugins/com.st.stm32cube.ide.mcu.externaltools.gnu-tools-for-stm32.13.3.rel1.win32_1.0.0.202411081344/tools/bin/../lib/gcc/arm-none-eabi/13.3.1/../../../../arm-none-eabi/lib/thumb/v7e-m/nofp\libm.a
LOAD C:/ST/STM32CubeIDE_1.16.0/STM32CubeIDE/plugins/com.st.stm32cube.ide.mcu.externaltools.gnu-tools-for-stm32.13.3.rel1.win32_1.0.0.202411081344/tools/bin/../lib/gcc/arm-none-eabi/13.3.1/thumb/v7e-m/nofp\libgcc.a

.debug_info     0x00000000    0x29b83
 .debug_info    0x00000000      0x5b0 ./Core/Src/dma.o
 .debug_info    0x000005b0      0x5ad ./Core/Src/gpio.o
 .debug_info    0x00000b5d     0x1bee ./Core/Src/main.o
 .debug_info    0x0000274b      0xd04 ./Core/Src/rtc.o
 .debug_info    0x0000344f      0x3ae ./Core/Src/stm32_lpm_if.o
 .debug_info    0x000037fd       0xd0 ./Core/Src/stm32wlxx_hal_msp.o
 .debug_info    0x000038cd      0x8fb ./Core/Src/stm32wlxx_it.o
 .debug_info    0x000041c8      0x786 ./Core/Src/subghz.o
 .debug_info    0x0000494e      0x8e9 ./Core/Src/sys_app.o
 .debug_info    0x00005237      0x71b ./Core/Src/sys_debug.o
 .debug_info    0x00005952      0x433 ./Core/Src/system_stm32wlxx.o
 .debug_info    0x00005d85      0xf6b ./Core/Src/timer_if.o
 .debug_info    0x00006cf0      0xfc7 ./Core/Src/usart.o
 .debug_info    0x00007cb7     0x1332 ./Core/Src/usart_if.o
 .debug_info    0x00008fe9       0x30 ./Core/Startup/startup_stm32wle5ccux.o
 .debug_info    0x00009019     0x125d ./Drivers/STM32WLxx_HAL_Driver/Src/stm32wlxx_hal.o
 .debug_info    0x0000a276      0xfa2 ./Drivers/STM32WLxx_HAL_Driver/Src/stm32wlxx_hal_cortex.o
 .debug_info    0x0000b218      0x9eb ./Drivers/STM32WLxx_HAL_Driver/Src/stm32wlxx_hal_dma.o
 .debug_info    0x0000bc03      0x6a5 ./Drivers/STM32WLxx_HAL_Driver/Src/stm32wlxx_hal_gpio.o
 .debug_info    0x0000c2a8      0x93f ./Drivers/STM32WLxx_HAL_Driver/Src/stm32wlxx_hal_pwr.o
 .debug_info    0x0000cbe7      0xea7 ./Drivers/STM32WLxx_HAL_Driver/Src/stm32wlxx_hal_pwr_ex.o
 .debug_info    0x0000da8e     0x1aae ./Drivers/STM32WLxx_HAL_Driver/Src/stm32wlxx_hal_rcc.o
 .debug_info    0x0000f53c     0x1627 ./Drivers/STM32WLxx_HAL_Driver/Src/stm32wlxx_hal_rcc_ex.o
 .debug_info    0x00010b63     0x12b0 ./Drivers/STM32WLxx_HAL_Driver/Src/stm32wlxx_hal_rtc.o
 .debug_info    0x00011e13     0x174c ./Drivers/STM32WLxx_HAL_Driver/Src/stm32wlxx_hal_rtc_ex.o
 .debug_info    0x0001355f     0x1ac2 ./Drivers/STM32WLxx_HAL_Driver/Src/stm32wlxx_hal_subghz.o
 .debug_info    0x00015021     0x634e ./Drivers/STM32WLxx_HAL_Driver/Src/stm32wlxx_hal_uart.o
 .debug_info    0x0001b36f     0x12f7 ./Drivers/STM32WLxx_HAL_Driver/Src/stm32wlxx_hal_uart_ex.o
 .debug_info    0x0001c666     0x4740 ./Middlewares/Third_Party/SubGHz_Phy/stm32_radio_driver/radio.o
 .debug_info    0x00020da6     0x31d9 ./Middlewares/Third_Party/SubGHz_Phy/stm32_radio_driver/radio_driver.o
 .debug_info    0x00023f7f      0xc47 ./Middlewares/Third_Party/SubGHz_Phy/stm32_radio_driver/radio_fw.o
 .debug_info    0x00024bc6      0x10f ./SubGHz_Phy/App/app_subghz_phy.o
 .debug_info    0x00024cd5     0x1127 ./SubGHz_Phy/App/subghz_phy_app.o
 .debug_info    0x00025dfc      0x247 ./SubGHz_Phy/Target/radio_board_if.o
 .debug_info    0x00026043      0x409 ./Utilities/lpm/tiny_lpm/stm32_lpm.o
 .debug_info    0x0002644c      0x1fe ./Utilities/misc/stm32_mem.o
 .debug_info    0x0002664a      0x9a1 ./Utilities/misc/stm32_systime.o
 .debug_info    0x00026feb      0x3c1 ./Utilities/misc/stm32_tiny_vsnprintf.o
 .debug_info    0x000273ac      0xc05 ./Utilities/sequencer/stm32_seq.o
 .debug_info    0x00027fb1      0xc24 ./Utilities/timer/stm32_timer.o
 .debug_info    0x00028bd5      0xfae ./Utilities/trace/adv_trace/stm32_adv_trace.o

.debug_abbrev   0x00000000     0x7455
 .debug_abbrev  0x00000000      0x1a1 ./Core/Src/dma.o
 .debug_abbrev  0x000001a1      0x1dd ./Core/Src/gpio.o
 .debug_abbrev  0x0000037e      0x41e ./Core/Src/main.o
 .debug_abbrev  0x0000079c      0x2be ./Core/Src/rtc.o
 .debug_abbrev  0x00000a5a      0x1ec ./Core/Src/stm32_lpm_if.o
 .debug_abbrev  0x00000c46       0x7e ./Core/Src/stm32wlxx_hal_msp.o
 .debug_abbrev  0x00000cc4      0x1c5 ./Core/Src/stm32wlxx_it.o
 .debug_abbrev  0x00000e89      0x252 ./Core/Src/subghz.o
 .debug_abbrev  0x000010db      0x31d ./Core/Src/sys_app.o
 .debug_abbrev  0x000013f8      0x226 ./Core/Src/sys_debug.o
 .debug_abbrev  0x0000161e      0x143 ./Core/Src/system_stm32wlxx.o
 .debug_abbrev  0x00001761      0x47f ./Core/Src/timer_if.o
 .debug_abbrev  0x00001be0      0x2e4 ./Core/Src/usart.o
 .debug_abbrev  0x00001ec4      0x32f ./Core/Src/usart_if.o
 .debug_abbrev  0x000021f3       0x24 ./Core/Startup/startup_stm32wle5ccux.o
 .debug_abbrev  0x00002217      0x409 ./Drivers/STM32WLxx_HAL_Driver/Src/stm32wlxx_hal.o
 .debug_abbrev  0x00002620      0x37a ./Drivers/STM32WLxx_HAL_Driver/Src/stm32wlxx_hal_cortex.o
 .debug_abbrev  0x0000299a      0x2b3 ./Drivers/STM32WLxx_HAL_Driver/Src/stm32wlxx_hal_dma.o
 .debug_abbrev  0x00002c4d      0x221 ./Drivers/STM32WLxx_HAL_Driver/Src/stm32wlxx_hal_gpio.o
 .debug_abbrev  0x00002e6e      0x25c ./Drivers/STM32WLxx_HAL_Driver/Src/stm32wlxx_hal_pwr.o