../Drivers/STM32WLxx_HAL_Driver/Inc/stm32wlxx_ll_rcc.h:1257:22:LL_RCC_LSE_SetDriveCapability	16	static
../Core/Src/main.c:94:6:OnTxDone	4	static
../Core/Src/main.c:101:6:OnRxDone	32	static
../Core/Src/main.c:112:6:OnTxTimeout	4	static
../Core/Src/main.c:119:6:OnRxTimeout	4	static
../Core/Src/main.c:126:6:OnRxError	4	static
../Core/Src/main.c:132:6:RadioInit	56	static
../Core/Src/main.c:162:5:main	8	static
../Core/Src/main.c:214:6:SystemClock_Config	112	static
../Core/Src/main.c:266:6:Error_Handler	4	static,ignoring_inline_asm
