../Core/Src/stm32wlxx_it.c:71:6:NMI_Handler	4	static
../Core/Src/stm32wlxx_it.c:86:6:HardFault_Handler	4	static
../Core/Src/stm32wlxx_it.c:101:6:MemManage_Handler	4	static
../Core/Src/stm32wlxx_it.c:116:6:BusFault_Handler	4	static
../Core/Src/stm32wlxx_it.c:131:6:UsageFault_Handler	4	static
../Core/Src/stm32wlxx_it.c:146:6:SVC_Handler	4	static
../Core/Src/stm32wlxx_it.c:159:6:DebugMon_Handler	4	static
../Core/Src/stm32wlxx_it.c:172:6:PendSV_Handler	4	static
../Core/Src/stm32wlxx_it.c:185:6:SysTick_Handler	4	static
../Core/Src/stm32wlxx_it.c:205:6:TAMP_STAMP_LSECSS_SSRU_IRQHandler	8	static
../Core/Src/stm32wlxx_it.c:219:6:DMA1_Channel5_IRQHandler	8	static
../Core/Src/stm32wlxx_it.c:233:6:RTC_Alarm_IRQHandler	8	static
../Core/Src/stm32wlxx_it.c:247:6:SUBGHZ_Radio_IRQHandler	8	static
