Archive member included to satisfy reference by file (symbol)

C:/ST/STM32CubeIDE_1.16.0/STM32CubeIDE/plugins/com.st.stm32cube.ide.mcu.externaltools.gnu-tools-for-stm32.13.3.rel1.win32_1.0.0.202411081344/tools/bin/../lib/gcc/arm-none-eabi/13.3.1/../../../../arm-none-eabi/lib/thumb/v7e-m/nofp\libc_nano.a(libc_a-exit.o)
                              C:/ST/STM32CubeIDE_1.16.0/STM32CubeIDE/plugins/com.st.stm32cube.ide.mcu.externaltools.gnu-tools-for-stm32.13.3.rel1.win32_1.0.0.202411081344/tools/bin/../lib/gcc/arm-none-eabi/13.3.1/../../../../arm-none-eabi/lib/thumb/v7e-m/nofp/crt0.o (exit)
C:/ST/STM32CubeIDE_1.16.0/STM32CubeIDE/plugins/com.st.stm32cube.ide.mcu.externaltools.gnu-tools-for-stm32.13.3.rel1.win32_1.0.0.202411081344/tools/bin/../lib/gcc/arm-none-eabi/13.3.1/../../../../arm-none-eabi/lib/thumb/v7e-m/nofp\libc_nano.a(libc_a-findfp.o)
                              C:/ST/STM32CubeIDE_1.16.0/STM32CubeIDE/plugins/com.st.stm32cube.ide.mcu.externaltools.gnu-tools-for-stm32.13.3.rel1.win32_1.0.0.202411081344/tools/bin/../lib/gcc/arm-none-eabi/13.3.1/../../../../arm-none-eabi/lib/thumb/v7e-m/nofp\libc_nano.a(libc_a-exit.o) (__stdio_exit_handler)
C:/ST/STM32CubeIDE_1.16.0/STM32CubeIDE/plugins/com.st.stm32cube.ide.mcu.externaltools.gnu-tools-for-stm32.13.3.rel1.win32_1.0.0.202411081344/tools/bin/../lib/gcc/arm-none-eabi/13.3.1/../../../../arm-none-eabi/lib/thumb/v7e-m/nofp\libc_nano.a(libc_a-fwalk.o)
                              C:/ST/STM32CubeIDE_1.16.0/STM32CubeIDE/plugins/com.st.stm32cube.ide.mcu.externaltools.gnu-tools-for-stm32.13.3.rel1.win32_1.0.0.202411081344/tools/bin/../lib/gcc/arm-none-eabi/13.3.1/../../../../arm-none-eabi/lib/thumb/v7e-m/nofp\libc_nano.a(libc_a-findfp.o) (_fwalk_sglue)
C:/ST/STM32CubeIDE_1.16.0/STM32CubeIDE/plugins/com.st.stm32cube.ide.mcu.externaltools.gnu-tools-for-stm32.13.3.rel1.win32_1.0.0.202411081344/tools/bin/../lib/gcc/arm-none-eabi/13.3.1/../../../../arm-none-eabi/lib/thumb/v7e-m/nofp\libc_nano.a(libc_a-sprintf.o)
                              ./Core/Src/main.o (sprintf)
C:/ST/STM32CubeIDE_1.16.0/STM32CubeIDE/plugins/com.st.stm32cube.ide.mcu.externaltools.gnu-tools-for-stm32.13.3.rel1.win32_1.0.0.202411081344/tools/bin/../lib/gcc/arm-none-eabi/13.3.1/../../../../arm-none-eabi/lib/thumb/v7e-m/nofp\libc_nano.a(libc_a-stdio.o)
                              C:/ST/STM32CubeIDE_1.16.0/STM32CubeIDE/plugins/com.st.stm32cube.ide.mcu.externaltools.gnu-tools-for-stm32.13.3.rel1.win32_1.0.0.202411081344/tools/bin/../lib/gcc/arm-none-eabi/13.3.1/../../../../arm-none-eabi/lib/thumb/v7e-m/nofp\libc_nano.a(libc_a-findfp.o) (__sread)
C:/ST/STM32CubeIDE_1.16.0/STM32CubeIDE/plugins/com.st.stm32cube.ide.mcu.externaltools.gnu-tools-for-stm32.13.3.rel1.win32_1.0.0.202411081344/tools/bin/../lib/gcc/arm-none-eabi/13.3.1/../../../../arm-none-eabi/lib/thumb/v7e-m/nofp\libc_nano.a(libc_a-memset.o)
                              C:/ST/STM32CubeIDE_1.16.0/STM32CubeIDE/plugins/com.st.stm32cube.ide.mcu.externaltools.gnu-tools-for-stm32.13.3.rel1.win32_1.0.0.202411081344/tools/bin/../lib/gcc/arm-none-eabi/13.3.1/../../../../arm-none-eabi/lib/thumb/v7e-m/nofp/crt0.o (memset)
C:/ST/STM32CubeIDE_1.16.0/STM32CubeIDE/plugins/com.st.stm32cube.ide.mcu.externaltools.gnu-tools-for-stm32.13.3.rel1.win32_1.0.0.202411081344/tools/bin/../lib/gcc/arm-none-eabi/13.3.1/../../../../arm-none-eabi/lib/thumb/v7e-m/nofp\libc_nano.a(libc_a-strncmp.o)
                              ./Core/Src/main.o (strncmp)
C:/ST/STM32CubeIDE_1.16.0/STM32CubeIDE/plugins/com.st.stm32cube.ide.mcu.externaltools.gnu-tools-for-stm32.13.3.rel1.win32_1.0.0.202411081344/tools/bin/../lib/gcc/arm-none-eabi/13.3.1/../../../../arm-none-eabi/lib/thumb/v7e-m/nofp\libc_nano.a(libc_a-closer.o)
                              C:/ST/STM32CubeIDE_1.16.0/STM32CubeIDE/plugins/com.st.stm32cube.ide.mcu.externaltools.gnu-tools-for-stm32.13.3.rel1.win32_1.0.0.202411081344/tools/bin/../lib/gcc/arm-none-eabi/13.3.1/../../../../arm-none-eabi/lib/thumb/v7e-m/nofp\libc_nano.a(libc_a-stdio.o) (_close_r)
C:/ST/STM32CubeIDE_1.16.0/STM32CubeIDE/plugins/com.st.stm32cube.ide.mcu.externaltools.gnu-tools-for-stm32.13.3.rel1.win32_1.0.0.202411081344/tools/bin/../lib/gcc/arm-none-eabi/13.3.1/../../../../arm-none-eabi/lib/thumb/v7e-m/nofp\libc_nano.a(libc_a-reent.o)
                              C:/ST/STM32CubeIDE_1.16.0/STM32CubeIDE/plugins/com.st.stm32cube.ide.mcu.externaltools.gnu-tools-for-stm32.13.3.rel1.win32_1.0.0.202411081344/tools/bin/../lib/gcc/arm-none-eabi/13.3.1/../../../../arm-none-eabi/lib/thumb/v7e-m/nofp\libc_nano.a(libc_a-closer.o) (errno)
C:/ST/STM32CubeIDE_1.16.0/STM32CubeIDE/plugins/com.st.stm32cube.ide.mcu.externaltools.gnu-tools-for-stm32.13.3.rel1.win32_1.0.0.202411081344/tools/bin/../lib/gcc/arm-none-eabi/13.3.1/../../../../arm-none-eabi/lib/thumb/v7e-m/nofp\libc_nano.a(libc_a-impure.o)
[...]
Memory Configuration

Name             Origin             Length             Attributes
RAM              0x20000000         0x00010000         xrw
RAM2             0x10000000         0x00008000         xrw
FLASH            0x08000000         0x00040000         xr
*default*        0x00000000         0xffffffff

Linker script and memory map

LOAD C:/ST/STM32CubeIDE_1.16.0/STM32CubeIDE/plugins/com.st.stm32cube.ide.mcu.externaltools.gnu-tools-for-stm32.13.3.rel1.win32_1.0.0.202411081344/tools/bin/../lib/gcc/arm-none-eabi/13.3.1/thumb/v7e-m/nofp/crti.o
LOAD C:/ST/STM32CubeIDE_1.16.0/STM32CubeIDE/plugins/com.st.stm32cube.ide.mcu.externaltools.gnu-tools-for-stm32.13.3.rel1.win32_1.0.0.202411081344/tools/bin/../lib/gcc/arm-none-eabi/13.3.1/thumb/v7e-m/nofp/crtbegin.o
LOAD C:/ST/STM32CubeIDE_1.16.0/STM32CubeIDE/plugins/com.st.stm32cube.ide.mcu.externaltools.gnu-tools-for-stm32.13.3.rel1.win32_1.0.0.202411081344/tools/bin/../lib/gcc/arm-none-eabi/13.3.1/../../../../arm-none-eabi/lib/thumb/v7e-m/nofp/crt0.o
LOAD ./Core/Src/gpio.o
LOAD ./Core/Src/main.o
LOAD ./Core/Src/stm32wlxx_hal_msp.o
LOAD ./Core/Src/stm32wlxx_it.o
LOAD ./Core/Src/subghz.o
LOAD ./Core/Src/syscalls.o
LOAD ./Core/Src/sysmem.o
LOAD ./Core/Src/system_stm32wlxx.o
LOAD ./Core/Src/usart.o
LOAD ./Core/Startup/startup_stm32wl55jcix.o
LOAD ./Drivers/BSP/STM32WLxx_Nucleo/stm32wlxx_nucleo.o
LOAD ./Drivers/BSP/STM32WLxx_Nucleo/stm32wlxx_nucleo_radio.o
LOAD ./Drivers/Radio/radio_board_if.o
LOAD ./Drivers/Radio/radio_driver.o
LOAD ./Drivers/STM32WLxx_HAL_Driver/Src/stm32wlxx_hal.o
LOAD ./Drivers/STM32WLxx_HAL_Driver/Src/stm32wlxx_hal_cortex.o
LOAD ./Drivers/STM32WLxx_HAL_Driver/Src/stm32wlxx_hal_dma.o
LOAD ./Drivers/STM32WLxx_HAL_Driver/Src/stm32wlxx_hal_dma_ex.o
LOAD ./Drivers/STM32WLxx_HAL_Driver/Src/stm32wlxx_hal_exti.o
LOAD ./Drivers/STM32WLxx_HAL_Driver/Src/stm32wlxx_hal_flash.o
LOAD ./Drivers/STM32WLxx_HAL_Driver/Src/stm32wlxx_hal_flash_ex.o
LOAD ./Drivers/STM32WLxx_HAL_Driver/Src/stm32wlxx_hal_gpio.o
LOAD ./Drivers/STM32WLxx_HAL_Driver/Src/stm32wlxx_hal_pwr.o
LOAD ./Drivers/STM32WLxx_HAL_Driver/Src/stm32wlxx_hal_pwr_ex.o
LOAD ./Drivers/STM32WLxx_HAL_Driver/Src/stm32wlxx_hal_rcc.o
LOAD ./Drivers/STM32WLxx_HAL_Driver/Src/stm32wlxx_hal_rcc_ex.o
LOAD ./Drivers/STM32WLxx_HAL_Driver/Src/stm32wlxx_hal_subghz.o
LOAD ./Drivers/STM32WLxx_HAL_Driver/Src/stm32wlxx_hal_uart.o
LOAD ./Drivers/STM32WLxx_HAL_Driver/Src/stm32wlxx_hal_uart_ex.o
LOAD ./Utils/misc/stm32_mem.o
START GROUP
LOAD C:/ST/STM32CubeIDE_1.16.0/STM32CubeIDE/plugins/com.st.stm32cube.ide.mcu.externaltools.gnu-tools-for-stm32.13.3.rel1.win32_1.0.0.202411081344/tools/bin/../lib/gcc/arm-none-eabi/13.3.1/../../../../arm-none-eabi/lib/thumb/v7e-m/nofp\libc_nano.a
LOAD C:/ST/STM32CubeIDE_1.16.0/STM32CubeIDE/plugins/com.st.stm32cube.ide.mcu.externaltools.gnu-tools-for-stm32.13.3.rel1.win32_1.0.0.202411081344/tools/bin/../lib/gcc/arm-none-eabi/13.3.1/../../../../arm-none-eabi/lib/thumb/v7e-m/nofp\libm.a
END GROUP
START GROUP
LOAD C:/ST/STM32CubeIDE_1.16.0/STM32CubeIDE/plugins/com.st.stm32cube.ide.mcu.externaltools.gnu-tools-for-stm32.13.3.rel1.win32_1.0.0.202411081344/tools/bin/../lib/gcc/arm-none-eabi/13.3.1/thumb/v7e-m/nofp\libgcc.a
LOAD C:/ST/STM32CubeIDE_1.16.0/STM32CubeIDE/plugins/com.st.stm32cube.ide.mcu.externaltools.gnu-tools-for-stm32.13.3.rel1.win32_1.0.0.202411081344/tools/bin/../lib/gcc/arm-none-eabi/13.3.1/../../../../arm-none-eabi/lib/thumb/v7e-m/nofp\libc_nano.a
END GROUP
START GROUP
LOAD C:/ST/STM32CubeIDE_1.16.0/STM32CubeIDE/plugins/com.st.stm32cube.ide.mcu.externaltools.gnu-tools-for-stm32.13.3.rel1.win32_1.0.0.202411081344/tools/bin/../lib/gcc/arm-none-eabi/13.3.1/thumb/v7e-m/nofp\libgcc.a
LOAD C:/ST/STM32CubeIDE_1.16.0/STM32CubeIDE/plugins/com.st.stm32cube.ide.mcu.externaltools.gnu-tools-for-stm32.13.3.rel1.win32_1.0.0.202411081344/tools/bin/../lib/gcc/arm-none-eabi/13.3.1/../../../../arm-none-eabi/lib/thumb/v7e-m/nofp\libc_nano.a
LOAD C:/ST/STM32CubeIDE_1.16.0/STM32CubeIDE/plugins/com.st.stm32cube.ide.mcu.externaltools.gnu-tools-for-stm32.13.3.rel1.win32_1.0.0.202411081344/tools/bin/../lib/gcc/arm-none-eabi/13.3.1/../../../../arm-none-eabi/lib/thumb/v7e-m/nofp\libnosys.a
END GROUP
START GROUP
LOAD C:/ST/STM32CubeIDE_1.16.0/STM32CubeIDE/plugins/com.st.stm32cube.ide.mcu.externaltools.gnu-tools-for-stm32.13.3.rel1.win32_1.0.0.202411081344/tools/bin/../lib/gcc/arm-none-eabi/13.3.1/thumb/v7e-m/nofp\libgcc.a
LOAD C:/ST/STM32CubeIDE_1.16.0/STM32CubeIDE/plugins/com.st.stm32cube.ide.mcu.externaltools.gnu-tools-for-stm32.13.3.rel1.win32_1.0.0.202411081344/tools/bin/../lib/gcc/arm-none-eabi/13.3.1/../../../../arm-none-eabi/lib/thumb/v7e-m/nofp\libc_nano.a
LOAD C:/ST/STM32CubeIDE_1.16.0/STM32CubeIDE/plugins/com.st.stm32cube.ide.mcu.externaltools.gnu-tools-for-stm32.13.3.rel1.win32_1.0.0.202411081344/tools/bin/../lib/gcc/arm-none-eabi/13.3.1/../../../../arm-none-eabi/lib/thumb/v7e-m/nofp\libnosys.a
END GROUP
LOAD C:/ST/STM32CubeIDE_1.16.0/STM32CubeIDE/plugins/com.st.stm32cube.ide.mcu.externaltools.gnu-tools-for-stm32.13.3.rel1.win32_1.0.0.202411081344/tools/bin/../lib/gcc/arm-none-eabi/13.3.1/thumb/v7e-m/nofp/crtend.o
LOAD C:/ST/STM32CubeIDE_1.16.0/STM32CubeIDE/plugins/com.st.stm32cube.ide.mcu.externaltools.gnu-tools-for-stm32.13.3.rel1.win32_1.0.0.202411081344/tools/bin/../lib/gcc/arm-none-eabi/13.3.1/thumb/v7e-m/nofp/crtn.o
                0x20010000                        _estack = (ORIGIN (RAM) + LENGTH (RAM))
                0x00000200                        _Min_Heap_Size = 0x200
                0x00000400                        _Min_Stack_Size = 0x400

.isr_vector     0x08000000      0x138
                0x08000000                        . = ALIGN (0x4)
 *(.isr_vector)
 .isr_vector    0x08000000      0x138 ./Core/Startup/startup_stm32wl55jcix.o
                0x08000000                g_pfnVectors
                0x08000138                        . = ALIGN (0x4)

.text           0x08000140     0x6294
                0x08000140                        . = ALIGN (0x4)
 *(.text)
 .text          0x08000140       0x40 C:/ST/STM32CubeIDE_1.16.0/STM32CubeIDE/plugins/com.st.stm32cube.ide.mcu.externaltools.gnu-tools-for-stm32.13.3.rel1.win32_1.0.0.202411081344/tools/bin/../lib/gcc/arm-none-eabi/13.3.1/thumb/v7e-m/nofp/crtbegin.o
 .text          0x08000180       0x10 C:/ST/STM32CubeIDE_1.16.0/STM32CubeIDE/plugins/com.st.stm32cube.ide.mcu.externaltools.gnu-tools-for-stm32.13.3.rel1.win32_1.0.0.202411081344/tools/bin/../lib/gcc/arm-none-eabi/13.3.1/../../../../arm-none-eabi/lib/thumb/v7e-m/nofp\libc_nano.a(libc_a-strlen.o)
                0x08000180                strlen
 .text          0x08000190       0xa0 C:/ST/STM32CubeIDE_1.16.0/STM32CubeIDE/plugins/com.st.stm32cube.ide.mcu.externaltools.gnu-tools-for-stm32.13.3.rel1.win32_1.0.0.202411081344/tools/bin/../lib/gcc/arm-none-eabi/13.3.1/../../../../arm-none-eabi/lib/thumb/v7e-m/nofp\libc_nano.a(libc_a-memchr.o)
                0x08000190                memchr
 .text          0x08000230       0x30 C:/ST/STM32CubeIDE_1.16.0/STM32CubeIDE/plugins/com.st.stm32cube.ide.mcu.externaltools.gnu-tools-for-stm32.13.3.rel1.win32_1.0.0.202411081344/tools/bin/../lib/gcc/arm-none-eabi/13.3.1/thumb/v7e-m/nofp\libgcc.a(_aeabi_uldivmod.o)
                0x08000230                __aeabi_uldivmod
 .text          0x08000260      0x2f8 C:/ST/STM32CubeIDE_1.16.0/STM32CubeIDE/plugins/com.st.stm32cube.ide.mcu.externaltools.gnu-tools-for-stm32.13.3.rel1.win32_1.0.0.202411081344/tools/bin/../lib/gcc/arm-none-eabi/13.3.1/thumb/v7e-m/nofp\libgcc.a(_udivmoddi4.o)
                0x08000260                __udivmoddi4
 .text          0x08000558        0x4 C:/ST/STM32CubeIDE_1.16.0/STM32CubeIDE/plugins/com.st.stm32cube.ide.mcu.externaltools.gnu-tools-for-stm32.13.3.rel1.win32_1.0.0.202411081344/tools/bin/../lib/gcc/arm-none-eabi/13.3.1/thumb/v7e-m/nofp\libgcc.a(_dvmd_tls.o)
                0x08000558                __aeabi_idiv0
                0x08000558                __aeabi_ldiv0
 *(.text*)
 .text.LL_AHB2_GRP1_EnableClock
                0x0800055c       0x30 ./Core/Src/gpio.o
 .text.MX_GPIO_Init
                0x0800058c       0x50 ./Core/Src/gpio.o
                0x0800058c                MX_GPIO_Init
 .text.LL_RCC_LSE_SetDriveCapability
                0x080005dc       0x2a ./Core/Src/main.o
 .text.LL_AHB2_GRP1_EnableClock
                0x08000606       0x30 ./Core/Src/main.o
 *fill*         0x08000636        0x2 
 .text.main     0x08000638      0x1e8 ./Core/Src/main.o
                0x08000638                main
 .text.SystemClock_Config
                0x08000820       0xb0 ./Core/Src/main.o
                0x08000820                SystemClock_Config
 .text.radioInit
                0x080008d0       0xe4 ./Core/Src/main.o
                0x080008d0                radioInit
 .text.RadioOnDioIrq
                0x080009b4       0x8c ./Core/Src/main.o
                0x080009b4                RadioOnDioIrq
 .text.eventTxDone
                0x08000a40       0x68 ./Core/Src/main.o
                0x08000a40                eventTxDone
 .text.eventRxDone
                0x08000aa8       0xf4 ./Core/Src/main.o
                0x08000aa8                eventRxDone
 .text.eventTxTimeout
                0x08000b9c       0x68 ./Core/Src/main.o
                0x08000b9c                eventTxTimeout
 .text.eventRxTimeout
                0x08000c04       0x6c ./Core/Src/main.o
                0x08000c04                eventRxTimeout
 .text.eventRxError
                0x08000c70       0x6c ./Core/Src/main.o
                0x08000c70                eventRxError
 .text.enterMasterRx
                0x08000cdc       0x5c ./Core/Src/main.o
                0x08000cdc                enterMasterRx
 .text.enterSlaveRx
                0x08000d38       0x5c ./Core/Src/main.o
                0x08000d38                enterSlaveRx
 .text.enterMasterTx
                0x08000d94       0x94 ./Core/Src/main.o
                0x08000d94                enterMasterTx
 .text.enterSlaveTx
                0x08000e28       0x94 ./Core/Src/main.o
                0x08000e28                enterSlaveTx
 .text.transitionRxDone
                0x08000ebc       0x98 ./Core/Src/main.o
                0x08000ebc                transitionRxDone
 .text.Error_Handler
                0x08000f54        0xc ./Core/Src/main.o
                0x08000f54                Error_Handler
 .text.HAL_MspInit
                0x08000f60        0xc ./Core/Src/stm32wlxx_hal_msp.o
                0x08000f60                HAL_MspInit
 .text.NMI_Handler
                0x08000f6c        0x8 ./Core/Src/stm32wlxx_it.o
                0x08000f6c                NMI_Handler
 .text.HardFault_Handler
                0x08000f74        0x8 ./Core/Src/stm32wlxx_it.o
                0x08000f74                HardFault_Handler
 .text.MemManage_Handler
                0x08000f7c        0x8 ./Core/Src/stm32wlxx_it.o
                0x08000f7c                MemManage_Handler
 .text.BusFault_Handler
                0x08000f84        0x8 ./Core/Src/stm32wlxx_it.o
                0x08000f84                BusFault_Handler
 .text.UsageFault_Handler
                0x08000f8c        0x8 ./Core/Src/stm32wlxx_it.o
                0x08000f8c                UsageFault_Handler
 .text.SVC_Handler
                0x08000f94        0xc ./Core/Src/stm32wlxx_it.o
                0x08000f94                SVC_Handler
 .text.DebugMon_Handler
                0x08000fa0        0xc ./Core/Src/stm32wlxx_it.o
                0x08000fa0                DebugMon_Handler
 .text.PendSV_Handler
                0x08000fac        0xc ./Core/Src/stm32wlxx_it.o
                0x08000fac                PendSV_Handler
 .text.SysTick_Handler
                0x08000fb8        0xc ./Core/Src/stm32wlxx_it.o
                0x08000fb8                SysTick_Handler
 .text.SUBGHZ_Radio_IRQHandler
                0x08000fc4       0x14 ./Core/Src/stm32wlxx_it.o
                0x08000fc4                SUBGHZ_Radio_IRQHandler
 .text.LL_APB3_GRP1_EnableClock
                0x08000fd8       0x30 ./Core/Src/subghz.o
 .text.MX_SUBGHZ_Init
                0x08001008       0x24 ./Core/Src/subghz.o
                0x08001008                MX_SUBGHZ_Init
 .text.HAL_SUBGHZ_MspInit
                0x0800102c       0x26 ./Core/Src/subghz.o
                0x0800102c                HAL_SUBGHZ_MspInit
 *fill*         0x08001052        0x2 
 .text._sbrk    0x08001054       0x6c ./Core/Src/sysmem.o
                0x08001054                _sbrk
 .text.SystemInit
                0x080010c0        0xc ./Core/Src/system_stm32wlxx.o
                0x080010c0                SystemInit
 .text.LL_AHB2_GRP1_EnableClock
                0x080010cc       0x30 ./Core/Src/usart.o
 .text.LL_APB1_GRP1_EnableClock
                0x080010fc       0x30 ./Core/Src/usart.o
 .text.MX_USART2_UART_Init
                0x0800112c       0x98 ./Core/Src/usart.o
                0x0800112c                MX_USART2_UART_Init
 .text.HAL_UART_MspInit
                0x080011c4       0x8c ./Core/Src/usart.o
                0x080011c4                HAL_UART_MspInit
 .text.Reset_Handler
                0x08001250       0x50 ./Core/Startup/startup_stm32wl55jcix.o
                0x08001250                Reset_Handler
 .text.Default_Handler
                0x080012a0        0x2 ./Core/Startup/startup_stm32wl55jcix.o
                0x080012a0                RTC_Alarm_IRQHandler
                0x080012a0                EXTI2_IRQHandler
                0x080012a0                TIM1_CC_IRQHandler
                0x080012a0                EXTI3_IRQHandler
                0x080012a0                LPTIM2_IRQHandler
                0x080012a0                I2C3_ER_IRQHandler
                0x080012a0                LPTIM3_IRQHandler
                0x080012a0                EXTI0_IRQHandler
                0x080012a0                I2C2_EV_IRQHandler
                0x080012a0                TAMP_STAMP_LSECSS_SSRU_IRQHandler
                0x080012a0                SPI1_IRQHandler
                0x080012a0                DMA2_Channel2_IRQHandler
                0x080012a0                DMA1_Channel4_IRQHandler
                0x080012a0                PKA_IRQHandler
                0x080012a0                TIM17_IRQHandler
                0x080012a0                DMA1_Channel7_IRQHandler
                0x080012a0                SUBGHZSPI_IRQHandler
                0x080012a0                IPCC_C1_TX_IRQHandler
                0x080012a0                DMA2_Channel1_IRQHandler
                0x080012a0                I2C1_EV_IRQHandler
                0x080012a0                DMAMUX1_OVR_IRQHandler
                0x080012a0                DMA1_Channel6_IRQHandler
                0x080012a0                TIM16_IRQHandler
                0x080012a0                DMA2_Channel4_IRQHandler
                0x080012a0                RCC_IRQHandler
                0x080012a0                TIM1_TRG_COM_IRQHandler
                0x080012a0                DMA1_Channel1_IRQHandler
                0x080012a0                Default_Handler
                0x080012a0                DMA2_Channel7_IRQHandler
                0x080012a0                EXTI15_10_IRQHandler
                0x080012a0                IPCC_C1_RX_IRQHandler
                0x080012a0                ADC_IRQHandler
                0x080012a0                C2SEV_PWR_C2H_IRQHandler
                0x080012a0                I2C3_EV_IRQHandler
                0x080012a0                EXTI9_5_IRQHandler
                0x080012a0                RTC_WKUP_IRQHandler
                0x080012a0                PVD_PVM_IRQHandler
                0x080012a0                SPI2_IRQHandler
                0x080012a0                DMA2_Channel5_IRQHandler
                0x080012a0                DMA1_Channel5_IRQHandler
                0x080012a0                EXTI4_IRQHandler
                0x080012a0                RNG_IRQHandler
                0x080012a0                DMA1_Channel3_IRQHandler
                0x080012a0                COMP_IRQHandler
                0x080012a0                HSEM_IRQHandler
                0x080012a0                TIM1_UP_IRQHandler
                0x080012a0                WWDG_IRQHandler
                0x080012a0                LPUART1_IRQHandler
                0x080012a0                DMA2_Channel6_IRQHandler
                0x080012a0                TIM2_IRQHandler
                0x080012a0                TIM1_BRK_IRQHandler
                0x080012a0                DAC_IRQHandler
                0x080012a0                EXTI1_IRQHandler
                0x080012a0                AES_IRQHandler
                0x080012a0                USART2_IRQHandler
                0x080012a0                I2C2_ER_IRQHandler
                0x080012a0                DMA1_Channel2_IRQHandler
                0x080012a0                FLASH_IRQHandler
                0x080012a0                USART1_IRQHandler
                0x080012a0                I2C1_ER_IRQHandler
                0x080012a0                LPTIM1_IRQHandler
                0x080012a0                DMA2_Channel3_IRQHandler
 .text.LL_AHB2_GRP1_EnableClock
                0x080012a2       0x30 ./Drivers/BSP/STM32WLxx_Nucleo/stm32wlxx_nucleo.o
 *fill*         0x080012d2        0x2 
 .text.BSP_LED_Init
                0x080012d4       0x74 ./Drivers/BSP/STM32WLxx_Nucleo/stm32wlxx_nucleo.o
                0x080012d4                BSP_LED_Init
 .text.BSP_LED_Off
                0x08001348       0x34 ./Drivers/BSP/STM32WLxx_Nucleo/stm32wlxx_nucleo.o
                0x08001348                BSP_LED_Off
 .text.BSP_LED_Toggle
                0x0800137c       0x34 ./Drivers/BSP/STM32WLxx_Nucleo/stm32wlxx_nucleo.o
                0x0800137c                BSP_LED_Toggle
 .text.LL_AHB2_GRP1_EnableClock
                0x080013b0       0x30 ./Drivers/BSP/STM32WLxx_Nucleo/stm32wlxx_nucleo_radio.o
 .text.BSP_RADIO_Init
                0x080013e0       0x7c ./Drivers/BSP/STM32WLxx_Nucleo/stm32wlxx_nucleo_radio.o
                0x080013e0                BSP_RADIO_Init
 .text.BSP_RADIO_ConfigRFSwitch
                0x0800145c       0xb8 ./Drivers/BSP/STM32WLxx_Nucleo/stm32wlxx_nucleo_radio.o
                0x0800145c                BSP_RADIO_ConfigRFSwitch
 .text.BSP_RADIO_GetTxConfig
                0x08001514        0xe ./Drivers/BSP/STM32WLxx_Nucleo/stm32wlxx_nucleo_radio.o
                0x08001514                BSP_RADIO_GetTxConfig
 .text.BSP_RADIO_IsTCXO
                0x08001522        0xe ./Drivers/BSP/STM32WLxx_Nucleo/stm32wlxx_nucleo_radio.o
                0x08001522                BSP_RADIO_IsTCXO
 .text.BSP_RADIO_IsDCDC
                0x08001530        0xe ./Drivers/BSP/STM32WLxx_Nucleo/stm32wlxx_nucleo_radio.o
                0x08001530                BSP_RADIO_IsDCDC
 .text.BSP_RADIO_GetRFOMaxPowerConfig
                0x0800153e       0x26 ./Drivers/BSP/STM32WLxx_Nucleo/stm32wlxx_nucleo_radio.o
                0x0800153e                BSP_RADIO_GetRFOMaxPowerConfig
 .text.RBI_Init
                0x08001564        0xe ./Drivers/Radio/radio_board_if.o
                0x08001564                RBI_Init
 .text.RBI_ConfigRFSwitch
                0x08001572       0x1c ./Drivers/Radio/radio_board_if.o
                0x08001572                RBI_ConfigRFSwitch
 .text.RBI_GetTxConfig
                0x0800158e        0xe ./Drivers/Radio/radio_board_if.o
                0x0800158e                RBI_GetTxConfig
 .text.RBI_IsTCXO
                0x0800159c        0xe ./Drivers/Radio/radio_board_if.o
                0x0800159c                RBI_IsTCXO
 .text.RBI_IsDCDC
                0x080015aa        0xe ./Drivers/Radio/radio_board_if.o
                0x080015aa                RBI_IsDCDC
 .text.RBI_GetRFOMaxPowerConfig
                0x080015b8       0x1c ./Drivers/Radio/radio_board_if.o
                0x080015b8                RBI_GetRFOMaxPowerConfig
 .text.SUBGRF_Init
                0x080015d4       0x84 ./Drivers/Radio/radio_driver.o
                0x080015d4                SUBGRF_Init
 .text.SUBGRF_GetOperatingMode
                0x08001658       0x14 ./Drivers/Radio/radio_driver.o
                0x08001658                SUBGRF_GetOperatingMode
 .text.SUBGRF_SetPayload
                0x0800166c       0x20 ./Drivers/Radio/radio_driver.o
                0x0800166c                SUBGRF_SetPayload
 .text.SUBGRF_GetPayload
                0x0800168c       0x44 ./Drivers/Radio/radio_driver.o
                0x0800168c                SUBGRF_GetPayload
 .text.SUBGRF_SendPayload
                0x080016d0       0x26 ./Drivers/Radio/radio_driver.o
                0x080016d0                SUBGRF_SendPayload
 .text.SUBGRF_SetSyncWord
                0x080016f6       0x1e ./Drivers/Radio/radio_driver.o
                0x080016f6                SUBGRF_SetSyncWord
 .text.SUBGRF_SetCrcSeed
                0x08001714       0x40 ./Drivers/Radio/radio_driver.o
                0x08001714                SUBGRF_SetCrcSeed
 .text.SUBGRF_SetCrcPolynomial
                0x08001754       0x40 ./Drivers/Radio/radio_driver.o
                0x08001754                SUBGRF_SetCrcPolynomial
 .text.SUBGRF_SetWhiteningSeed
                0x08001794       0x66 ./Drivers/Radio/radio_driver.o
                0x08001794                SUBGRF_SetWhiteningSeed
 .text.SUBGRF_GetRandom
                0x080017fa       0x8c ./Drivers/Radio/radio_driver.o
                0x080017fa                SUBGRF_GetRandom
 *fill*         0x08001886        0x2 
 .text.SUBGRF_SetStandby
                0x08001888       0x38 ./Drivers/Radio/radio_driver.o
                0x08001888                SUBGRF_SetStandby
 .text.SUBGRF_SetTx
                0x080018c0       0x40 ./Drivers/Radio/radio_driver.o
                0x080018c0                SUBGRF_SetTx
 .text.SUBGRF_SetRx
                0x08001900       0x40 ./Drivers/Radio/radio_driver.o
                0x08001900                SUBGRF_SetRx
 .text.SUBGRF_SetStopRxTimerOnPreambleDetect
                0x08001940       0x1e ./Drivers/Radio/radio_driver.o
                0x08001940                SUBGRF_SetStopRxTimerOnPreambleDetect
 .text.SUBGRF_SetRegulatorMode
                0x0800195e       0x2e ./Drivers/Radio/radio_driver.o
                0x0800195e                SUBGRF_SetRegulatorMode
 .text.SUBGRF_Calibrate
                0x0800198c       0x98 ./Drivers/Radio/radio_driver.o
                0x0800198c                SUBGRF_Calibrate
 .text.SUBGRF_CalibrateImage
                0x08001a24       0x8c ./Drivers/Radio/radio_driver.o
                0x08001a24                SUBGRF_CalibrateImage
 .text.SUBGRF_SetPaConfig
                0x08001ab0       0x44 ./Drivers/Radio/radio_driver.o
                0x08001ab0                SUBGRF_SetPaConfig
 .text.SUBGRF_SetDioIrqParams
                0x08001af4       0x74 ./Drivers/Radio/radio_driver.o
                0x08001af4                SUBGRF_SetDioIrqParams
 .text.SUBGRF_SetTcxoMode
                0x08001b68       0x42 ./Drivers/Radio/radio_driver.o
                0x08001b68                SUBGRF_SetTcxoMode
 *fill*         0x08001baa        0x2 
 .text.SUBGRF_SetRfFrequency
                0x08001bac       0x8c ./Drivers/Radio/radio_driver.o
                0x08001bac                SUBGRF_SetRfFrequency
 .text.SUBGRF_SetPacketType
                0x08001c38       0x38 ./Drivers/Radio/radio_driver.o
                0x08001c38                SUBGRF_SetPacketType
 .text.SUBGRF_GetPacketType
                0x08001c70       0x14 ./Drivers/Radio/radio_driver.o
                0x08001c70                SUBGRF_GetPacketType
 .text.SUBGRF_SetTxParams
                0x08001c84      0x19a ./Drivers/Radio/radio_driver.o
                0x08001c84                SUBGRF_SetTxParams
 *fill*         0x08001e1e        0x2 
 .text.SUBGRF_SetModulationParams
                0x08001e20      0x19c ./Drivers/Radio/radio_driver.o
                0x08001e20                SUBGRF_SetModulationParams
 .text.SUBGRF_SetPacketParams
                0x08001fbc      0x138 ./Drivers/Radio/radio_driver.o
                0x08001fbc                SUBGRF_SetPacketParams
 .text.SUBGRF_SetBufferBaseAddress
                0x080020f4       0x2e ./Drivers/Radio/radio_driver.o
                0x080020f4                SUBGRF_SetBufferBaseAddress
 *fill*         0x08002122        0x2 
 .text.SUBGRF_GetRxBufferStatus
                0x08002124       0x58 ./Drivers/Radio/radio_driver.o
                0x08002124                SUBGRF_GetRxBufferStatus
 .text.SUBGRF_GetPacketStatus
                0x0800217c       0xa4 ./Drivers/Radio/radio_driver.o
                0x0800217c                SUBGRF_GetPacketStatus
 .text.SUBGRF_WriteRegister
                0x08002220       0x28 ./Drivers/Radio/radio_driver.o
                0x08002220                SUBGRF_WriteRegister
 .text.SUBGRF_ReadRegister
                0x08002248       0x28 ./Drivers/Radio/radio_driver.o
                0x08002248                SUBGRF_ReadRegister
 .text.SUBGRF_WriteRegisters
                0x08002270       0x44 ./Drivers/Radio/radio_driver.o
                0x08002270                SUBGRF_WriteRegisters
 .text.SUBGRF_ReadRegisters
                0x080022b4       0x44 ./Drivers/Radio/radio_driver.o
                0x080022b4                SUBGRF_ReadRegisters
 .text.SUBGRF_WriteBuffer
                0x080022f8       0x44 ./Drivers/Radio/radio_driver.o
                0x080022f8                SUBGRF_WriteBuffer
 .text.SUBGRF_ReadBuffer
                0x0800233c       0x44 ./Drivers/Radio/radio_driver.o
                0x0800233c                SUBGRF_ReadBuffer
 .text.SUBGRF_WriteCommand
                0x08002380       0x44 ./Drivers/Radio/radio_driver.o
 .text.SUBGRF_ReadCommand
                0x080023c4       0x44 ./Drivers/Radio/radio_driver.o
 .text.SUBGRF_SetSwitch
                0x08002408       0x50 ./Drivers/Radio/radio_driver.o
                0x08002408                SUBGRF_SetSwitch
 .text.SUBGRF_SetRfTxPower
                0x08002458       0x68 ./Drivers/Radio/radio_driver.o
                0x08002458                SUBGRF_SetRfTxPower
 .text.HAL_SUBGHZ_TxCpltCallback
                0x080024c0       0x1c ./Drivers/Radio/radio_driver.o
                0x080024c0                HAL_SUBGHZ_TxCpltCallback
 .text.HAL_SUBGHZ_RxCpltCallback
                0x080024dc       0x1c ./Drivers/Radio/radio_driver.o
                0x080024dc                HAL_SUBGHZ_RxCpltCallback
 .text.HAL_SUBGHZ_CRCErrorCallback
                0x080024f8       0x1c ./Drivers/Radio/radio_driver.o
                0x080024f8                HAL_SUBGHZ_CRCErrorCallback
 .text.HAL_SUBGHZ_CADStatusCallback
                0x08002514       0x3c ./Drivers/Radio/radio_driver.o
                0x08002514                HAL_SUBGHZ_CADStatusCallback
 .text.HAL_SUBGHZ_RxTxTimeoutCallback
                0x08002550       0x20 ./Drivers/Radio/radio_driver.o
                0x08002550                HAL_SUBGHZ_RxTxTimeoutCallback
 .text.HAL_SUBGHZ_HeaderErrorCallback
                0x08002570       0x1c ./Drivers/Radio/radio_driver.o
                0x08002570                HAL_SUBGHZ_HeaderErrorCallback
 .text.HAL_SUBGHZ_PreambleDetectedCallback
                0x0800258c       0x1c ./Drivers/Radio/radio_driver.o
                0x0800258c                HAL_SUBGHZ_PreambleDetectedCallback
 .text.HAL_SUBGHZ_SyncWordValidCallback
                0x080025a8       0x1c ./Drivers/Radio/radio_driver.o
                0x080025a8                HAL_SUBGHZ_SyncWordValidCallback
 .text.HAL_SUBGHZ_HeaderValidCallback
                0x080025c4       0x1c ./Drivers/Radio/radio_driver.o
                0x080025c4                HAL_SUBGHZ_HeaderValidCallback
 .text.Radio_SMPS_Set
                0x080025e0       0x42 ./Drivers/Radio/radio_driver.o
 *fill*         0x08002622        0x2 
 .text.SUBGRF_GetFskBandwidthRegValue
                0x08002624       0x50 ./Drivers/Radio/radio_driver.o
                0x08002624                SUBGRF_GetFskBandwidthRegValue
 .text.SUBGRF_GetCFO
                0x08002674       0xe8 ./Drivers/Radio/radio_driver.o
                0x08002674                SUBGRF_GetCFO
 .text.HAL_Init
                0x0800275c       0x40 ./Drivers/STM32WLxx_HAL_Driver/Src/stm32wlxx_hal.o
                0x0800275c                HAL_Init
 .text.HAL_InitTick
                0x0800279c       0x74 ./Drivers/STM32WLxx_HAL_Driver/Src/stm32wlxx_hal.o
                0x0800279c                HAL_InitTick
 .text.HAL_IncTick
                0x08002810       0x24 ./Drivers/STM32WLxx_HAL_Driver/Src/stm32wlxx_hal.o
                0x08002810                HAL_IncTick
 .text.HAL_GetTick
                0x08002834       0x14 ./Drivers/STM32WLxx_HAL_Driver/Src/stm32wlxx_hal.o
                0x08002834                HAL_GetTick
 .text.HAL_Delay
                0x08002848       0x48 ./Drivers/STM32WLxx_HAL_Driver/Src/stm32wlxx_hal.o
                0x08002848                HAL_Delay
 .text.__NVIC_SetPriorityGrouping
                0x08002890       0x48 ./Drivers/STM32WLxx_HAL_Driver/Src/stm32wlxx_hal_cortex.o
 .text.__NVIC_GetPriorityGrouping
                0x080028d8       0x1c ./Drivers/STM32WLxx_HAL_Driver/Src/stm32wlxx_hal_cortex.o
 .text.__NVIC_EnableIRQ
                0x080028f4       0x38 ./Drivers/STM32WLxx_HAL_Driver/Src/stm32wlxx_hal_cortex.o
 .text.__NVIC_SetPriority
                0x0800292c       0x54 ./Drivers/STM32WLxx_HAL_Driver/Src/stm32wlxx_hal_cortex.o
 .text.NVIC_EncodePriority
                0x08002980       0x64 ./Drivers/STM32WLxx_HAL_Driver/Src/stm32wlxx_hal_cortex.o
 .text.SysTick_Config
                0x080029e4       0x44 ./Drivers/STM32WLxx_HAL_Driver/Src/stm32wlxx_hal_cortex.o
 .text.HAL_NVIC_SetPriorityGrouping
                0x08002a28       0x16 ./Drivers/STM32WLxx_HAL_Driver/Src/stm32wlxx_hal_cortex.o
                0x08002a28                HAL_NVIC_SetPriorityGrouping
 .text.HAL_NVIC_SetPriority
                0x08002a3e       0x34 ./Drivers/STM32WLxx_HAL_Driver/Src/stm32wlxx_hal_cortex.o
                0x08002a3e                HAL_NVIC_SetPriority
 .text.HAL_NVIC_EnableIRQ
                0x08002a72       0x1c ./Drivers/STM32WLxx_HAL_Driver/Src/stm32wlxx_hal_cortex.o
                0x08002a72                HAL_NVIC_EnableIRQ
 .text.HAL_SYSTICK_Config
                0x08002a8e       0x18 ./Drivers/STM32WLxx_HAL_Driver/Src/stm32wlxx_hal_cortex.o
                0x08002a8e                HAL_SYSTICK_Config
 *fill*         0x08002aa6        0x2 
 .text.HAL_GPIO_Init
                0x08002aa8      0x2c0 ./Drivers/STM32WLxx_HAL_Driver/Src/stm32wlxx_hal_gpio.o
                0x08002aa8                HAL_GPIO_Init
 .text.HAL_GPIO_WritePin
                0x08002d68       0x2e ./Drivers/STM32WLxx_HAL_Driver/Src/stm32wlxx_hal_gpio.o
                0x08002d68                HAL_GPIO_WritePin
 .text.HAL_GPIO_TogglePin
                0x08002d96       0x32 ./Drivers/STM32WLxx_HAL_Driver/Src/stm32wlxx_hal_gpio.o
                0x08002d96                HAL_GPIO_TogglePin
 .text.HAL_PWR_EnableBkUpAccess
                0x08002dc8       0x1c ./Drivers/STM32WLxx_HAL_Driver/Src/stm32wlxx_hal_pwr.o
                0x08002dc8                HAL_PWR_EnableBkUpAccess
 .text.HAL_PWREx_GetVoltageRange
                0x08002de4       0x18 ./Drivers/STM32WLxx_HAL_Driver/Src/stm32wlxx_hal_pwr_ex.o
                0x08002de4                HAL_PWREx_GetVoltageRange
 .text.LL_PWR_IsEnabledBkUpAccess
                0x08002dfc       0x24 ./Drivers/STM32WLxx_HAL_Driver/Src/stm32wlxx_hal_rcc.o
 .text.LL_RCC_HSE_EnableTcxo
                0x08002e20       0x1c ./Drivers/STM32WLxx_HAL_Driver/Src/stm32wlxx_hal_rcc.o
 .text.LL_RCC_HSE_DisableTcxo
                0x08002e3c       0x1c ./Drivers/STM32WLxx_HAL_Driver/Src/stm32wlxx_hal_rcc.o
 .text.LL_RCC_HSE_IsEnabledDiv2
                0x08002e58       0x22 ./Drivers/STM32WLxx_HAL_Driver/Src/stm32wlxx_hal_rcc.o
 .text.LL_RCC_HSE_Enable
                0x08002e7a       0x1c ./Drivers/STM32WLxx_HAL_Driver/Src/stm32wlxx_hal_rcc.o
 .text.LL_RCC_HSE_Disable
                0x08002e96       0x1c ./Drivers/STM32WLxx_HAL_Driver/Src/stm32wlxx_hal_rcc.o
 .text.LL_RCC_HSE_IsReady
                0x08002eb2       0x22 ./Drivers/STM32WLxx_HAL_Driver/Src/stm32wlxx_hal_rcc.o
 .text.LL_RCC_HSI_Enable
                0x08002ed4       0x1c ./Drivers/STM32WLxx_HAL_Driver/Src/stm32wlxx_hal_rcc.o
 .text.LL_RCC_HSI_Disable
                0x08002ef0       0x1c ./Drivers/STM32WLxx_HAL_Driver/Src/stm32wlxx_hal_rcc.o
 .text.LL_RCC_HSI_IsReady
                0x08002f0c       0x22 ./Drivers/STM32WLxx_HAL_Driver/Src/stm32wlxx_hal_rcc.o
 .text.LL_RCC_HSI_SetCalibTrimming
                0x08002f2e       0x28 ./Drivers/STM32WLxx_HAL_Driver/Src/stm32wlxx_hal_rcc.o
 .text.LL_RCC_LSE_IsReady
                0x08002f56       0x22 ./Drivers/STM32WLxx_HAL_Driver/Src/stm32wlxx_hal_rcc.o
 .text.LL_RCC_LSI_Enable
                0x08002f78       0x20 ./Drivers/STM32WLxx_HAL_Driver/Src/stm32wlxx_hal_rcc.o
 .text.LL_RCC_LSI_Disable
                0x08002f98       0x20 ./Drivers/STM32WLxx_HAL_Driver/Src/stm32wlxx_hal_rcc.o
 .text.LL_RCC_LSI_IsReady
                0x08002fb8       0x22 ./Drivers/STM32WLxx_HAL_Driver/Src/stm32wlxx_hal_rcc.o
 .text.LL_RCC_MSI_Enable
                0x08002fda       0x1c ./Drivers/STM32WLxx_HAL_Driver/Src/stm32wlxx_hal_rcc.o
 .text.LL_RCC_MSI_Disable
                0x08002ff6       0x1c ./Drivers/STM32WLxx_HAL_Driver/Src/stm32wlxx_hal_rcc.o
 .text.LL_RCC_MSI_IsReady
                0x08003012       0x20 ./Drivers/STM32WLxx_HAL_Driver/Src/stm32wlxx_hal_rcc.o
 .text.LL_RCC_MSI_IsEnabledRangeSelect
                0x08003032       0x20 ./Drivers/STM32WLxx_HAL_Driver/Src/stm32wlxx_hal_rcc.o
 .text.LL_RCC_MSI_GetRange
                0x08003052       0x16 ./Drivers/STM32WLxx_HAL_Driver/Src/stm32wlxx_hal_rcc.o
 .text.LL_RCC_MSI_GetRangeAfterStandby
                0x08003068       0x18 ./Drivers/STM32WLxx_HAL_Driver/Src/stm32wlxx_hal_rcc.o
 .text.LL_RCC_MSI_SetCalibTrimming
                0x08003080       0x28 ./Drivers/STM32WLxx_HAL_Driver/Src/stm32wlxx_hal_rcc.o
 .text.LL_RCC_SetSysClkSource
                0x080030a8       0x26 ./Drivers/STM32WLxx_HAL_Driver/Src/stm32wlxx_hal_rcc.o
 .text.LL_RCC_GetSysClkSource
                0x080030ce       0x16 ./Drivers/STM32WLxx_HAL_Driver/Src/stm32wlxx_hal_rcc.o
 .text.LL_RCC_SetAHBPrescaler
                0x080030e4       0x26 ./Drivers/STM32WLxx_HAL_Driver/Src/stm32wlxx_hal_rcc.o
 .text.LL_C2_RCC_SetAHBPrescaler
                0x0800310a       0x2a ./Drivers/STM32WLxx_HAL_Driver/Src/stm32wlxx_hal_rcc.o
 .text.LL_RCC_SetAHB3Prescaler
                0x08003134       0x2c ./Drivers/STM32WLxx_HAL_Driver/Src/stm32wlxx_hal_rcc.o
 .text.LL_RCC_SetAPB1Prescaler
                0x08003160       0x26 ./Drivers/STM32WLxx_HAL_Driver/Src/stm32wlxx_hal_rcc.o
 .text.LL_RCC_SetAPB2Prescaler
                0x08003186       0x26 ./Drivers/STM32WLxx_HAL_Driver/Src/stm32wlxx_hal_rcc.o
 .text.LL_RCC_GetAHBPrescaler
                0x080031ac       0x16 ./Drivers/STM32WLxx_HAL_Driver/Src/stm32wlxx_hal_rcc.o
 .text.LL_RCC_GetAHB3Prescaler
                0x080031c2       0x1a ./Drivers/STM32WLxx_HAL_Driver/Src/stm32wlxx_hal_rcc.o
 .text.LL_RCC_GetAPB1Prescaler
                0x080031dc       0x16 ./Drivers/STM32WLxx_HAL_Driver/Src/stm32wlxx_hal_rcc.o
 .text.LL_RCC_GetAPB2Prescaler
                0x080031f2       0x16 ./Drivers/STM32WLxx_HAL_Driver/Src/stm32wlxx_hal_rcc.o
 .text.LL_RCC_PLL_Enable
                0x08003208       0x1c ./Drivers/STM32WLxx_HAL_Driver/Src/stm32wlxx_hal_rcc.o
 .text.LL_RCC_PLL_Disable
                0x08003224       0x1c ./Drivers/STM32WLxx_HAL_Driver/Src/stm32wlxx_hal_rcc.o
 .text.LL_RCC_PLL_IsReady
                0x08003240       0x22 ./Drivers/STM32WLxx_HAL_Driver/Src/stm32wlxx_hal_rcc.o
 .text.LL_RCC_PLL_GetN
                0x08003262       0x18 ./Drivers/STM32WLxx_HAL_Driver/Src/stm32wlxx_hal_rcc.o
 .text.LL_RCC_PLL_GetR
                0x0800327a       0x16 ./Drivers/STM32WLxx_HAL_Driver/Src/stm32wlxx_hal_rcc.o
 .text.LL_RCC_PLL_GetDivider
                0x08003290       0x16 ./Drivers/STM32WLxx_HAL_Driver/Src/stm32wlxx_hal_rcc.o
 .text.LL_RCC_PLL_GetMainSource
                0x080032a6       0x16 ./Drivers/STM32WLxx_HAL_Driver/Src/stm32wlxx_hal_rcc.o
 .text.LL_RCC_IsActiveFlag_HPRE
                0x080032bc       0x22 ./Drivers/STM32WLxx_HAL_Driver/Src/stm32wlxx_hal_rcc.o
 .text.LL_RCC_IsActiveFlag_C2HPRE
                0x080032de       0x24 ./Drivers/STM32WLxx_HAL_Driver/Src/stm32wlxx_hal_rcc.o
 .text.LL_RCC_IsActiveFlag_SHDHPRE
                0x08003302       0x24 ./Drivers/STM32WLxx_HAL_Driver/Src/stm32wlxx_hal_rcc.o
 .text.LL_RCC_IsActiveFlag_PPRE1
                0x08003326       0x22 ./Drivers/STM32WLxx_HAL_Driver/Src/stm32wlxx_hal_rcc.o
 .text.LL_RCC_IsActiveFlag_PPRE2
                0x08003348       0x22 ./Drivers/STM32WLxx_HAL_Driver/Src/stm32wlxx_hal_rcc.o
 *fill*         0x0800336a        0x2 
 .text.HAL_RCC_OscConfig
                0x0800336c      0x704 ./Drivers/STM32WLxx_HAL_Driver/Src/stm32wlxx_hal_rcc.o
                0x0800336c                HAL_RCC_OscConfig
 .text.HAL_RCC_ClockConfig
                0x08003a70      0x284 ./Drivers/STM32WLxx_HAL_Driver/Src/stm32wlxx_hal_rcc.o
                0x08003a70                HAL_RCC_ClockConfig
 .text.HAL_RCC_GetSysClockFreq
                0x08003cf4      0x140 ./Drivers/STM32WLxx_HAL_Driver/Src/stm32wlxx_hal_rcc.o
                0x08003cf4                HAL_RCC_GetSysClockFreq
 .text.HAL_RCC_GetHCLKFreq
                0x08003e34       0x28 ./Drivers/STM32WLxx_HAL_Driver/Src/stm32wlxx_hal_rcc.o
                0x08003e34                HAL_RCC_GetHCLKFreq
 .text.HAL_RCC_GetPCLK1Freq
                0x08003e5c       0x24 ./Drivers/STM32WLxx_HAL_Driver/Src/stm32wlxx_hal_rcc.o
                0x08003e5c                HAL_RCC_GetPCLK1Freq
 .text.HAL_RCC_GetPCLK2Freq
                0x08003e80       0x24 ./Drivers/STM32WLxx_HAL_Driver/Src/stm32wlxx_hal_rcc.o
                0x08003e80                HAL_RCC_GetPCLK2Freq
 .text.RCC_SetFlashLatencyFromMSIRange
                0x08003ea4       0x60 ./Drivers/STM32WLxx_HAL_Driver/Src/stm32wlxx_hal_rcc.o
 .text.RCC_SetFlashLatency
                0x08003f04      0x104 ./Drivers/STM32WLxx_HAL_Driver/Src/stm32wlxx_hal_rcc.o
 .text.LL_RCC_LSE_IsReady
                0x08004008       0x22 ./Drivers/STM32WLxx_HAL_Driver/Src/stm32wlxx_hal_rcc_ex.o
 .text.LL_RCC_SetUSARTClockSource
                0x0800402a       0x30 ./Drivers/STM32WLxx_HAL_Driver/Src/stm32wlxx_hal_rcc_ex.o
 .text.LL_RCC_SetI2SClockSource
                0x0800405a       0x2a ./Drivers/STM32WLxx_HAL_Driver/Src/stm32wlxx_hal_rcc_ex.o
 .text.LL_RCC_SetLPUARTClockSource
                0x08004084       0x2a ./Drivers/STM32WLxx_HAL_Driver/Src/stm32wlxx_hal_rcc_ex.o
 .text.LL_RCC_SetI2CClockSource
                0x080040ae       0x38 ./Drivers/STM32WLxx_HAL_Driver/Src/stm32wlxx_hal_rcc_ex.o
 .text.LL_RCC_SetLPTIMClockSource
                0x080040e6       0x32 ./Drivers/STM32WLxx_HAL_Driver/Src/stm32wlxx_hal_rcc_ex.o
 .text.LL_RCC_SetRNGClockSource
                0x08004118       0x2a ./Drivers/STM32WLxx_HAL_Driver/Src/stm32wlxx_hal_rcc_ex.o
 .text.LL_RCC_SetADCClockSource
                0x08004142       0x2a ./Drivers/STM32WLxx_HAL_Driver/Src/stm32wlxx_hal_rcc_ex.o
 .text.LL_RCC_SetRTCClockSource
                0x0800416c       0x2a ./Drivers/STM32WLxx_HAL_Driver/Src/stm32wlxx_hal_rcc_ex.o
 .text.LL_RCC_GetRTCClockSource
                0x08004196       0x18 ./Drivers/STM32WLxx_HAL_Driver/Src/stm32wlxx_hal_rcc_ex.o
 .text.LL_RCC_ForceBackupDomainReset
                0x080041ae       0x20 ./Drivers/STM32WLxx_HAL_Driver/Src/stm32wlxx_hal_rcc_ex.o
 .text.LL_RCC_ReleaseBackupDomainReset
                0x080041ce       0x20 ./Drivers/STM32WLxx_HAL_Driver/Src/stm32wlxx_hal_rcc_ex.o
 *fill*         0x080041ee        0x2 
 .text.HAL_RCCEx_PeriphCLKConfig
                0x080041f0      0x234 ./Drivers/STM32WLxx_HAL_Driver/Src/stm32wlxx_hal_rcc_ex.o
                0x080041f0                HAL_RCCEx_PeriphCLKConfig
 .text.LL_PWR_SetRadioBusyTrigger
                0x08004424       0x28 ./Drivers/STM32WLxx_HAL_Driver/Src/stm32wlxx_hal_subghz.o
 .text.LL_PWR_UnselectSUBGHZSPI_NSS
                0x0800444c       0x20 ./Drivers/STM32WLxx_HAL_Driver/Src/stm32wlxx_hal_subghz.o
 .text.LL_PWR_SelectSUBGHZSPI_NSS
                0x0800446c       0x20 ./Drivers/STM32WLxx_HAL_Driver/Src/stm32wlxx_hal_subghz.o
 .text.LL_PWR_ClearFlag_RFBUSY
                0x0800448c       0x18 ./Drivers/STM32WLxx_HAL_Driver/Src/stm32wlxx_hal_subghz.o
 .text.LL_PWR_IsActiveFlag_RFBUSYS
                0x080044a4       0x24 ./Drivers/STM32WLxx_HAL_Driver/Src/stm32wlxx_hal_subghz.o
 .text.LL_PWR_IsActiveFlag_RFBUSYMS
                0x080044c8       0x24 ./Drivers/STM32WLxx_HAL_Driver/Src/stm32wlxx_hal_subghz.o
 .text.LL_RCC_RF_DisableReset
                0x080044ec       0x20 ./Drivers/STM32WLxx_HAL_Driver/Src/stm32wlxx_hal_subghz.o
 .text.LL_RCC_IsRFUnderReset
                0x0800450c       0x24 ./Drivers/STM32WLxx_HAL_Driver/Src/stm32wlxx_hal_subghz.o
 .text.LL_EXTI_EnableIT_32_63
                0x08004530       0x28 ./Drivers/STM32WLxx_HAL_Driver/Src/stm32wlxx_hal_subghz.o
 .text.HAL_SUBGHZ_Init
                0x08004558       0xc8 ./Drivers/STM32WLxx_HAL_Driver/Src/stm32wlxx_hal_subghz.o
                0x08004558                HAL_SUBGHZ_Init
 .text.HAL_SUBGHZ_WriteRegisters
                0x08004620       0xbe ./Drivers/STM32WLxx_HAL_Driver/Src/stm32wlxx_hal_subghz.o
                0x08004620                HAL_SUBGHZ_WriteRegisters
 .text.HAL_SUBGHZ_ReadRegisters
                0x080046de       0xc2 ./Drivers/STM32WLxx_HAL_Driver/Src/stm32wlxx_hal_subghz.o
                0x080046de                HAL_SUBGHZ_ReadRegisters
 .text.HAL_SUBGHZ_ExecSetCmd
                0x080047a0       0xbe ./Drivers/STM32WLxx_HAL_Driver/Src/stm32wlxx_hal_subghz.o
                0x080047a0                HAL_SUBGHZ_ExecSetCmd
 .text.HAL_SUBGHZ_ExecGetCmd
                0x0800485e       0xa8 ./Drivers/STM32WLxx_HAL_Driver/Src/stm32wlxx_hal_subghz.o
                0x0800485e                HAL_SUBGHZ_ExecGetCmd
 .text.HAL_SUBGHZ_WriteBuffer
                0x08004906       0xa6 ./Drivers/STM32WLxx_HAL_Driver/Src/stm32wlxx_hal_subghz.o
                0x08004906                HAL_SUBGHZ_WriteBuffer
 .text.HAL_SUBGHZ_ReadBuffer
                0x080049ac       0xb0 ./Drivers/STM32WLxx_HAL_Driver/Src/stm32wlxx_hal_subghz.o
                0x080049ac                HAL_SUBGHZ_ReadBuffer
 .text.HAL_SUBGHZ_IRQHandler
                0x08004a5c      0x11c ./Drivers/STM32WLxx_HAL_Driver/Src/stm32wlxx_hal_subghz.o
                0x08004a5c                HAL_SUBGHZ_IRQHandler
 .text.HAL_SUBGHZ_LrFhssHopCallback
                0x08004b78       0x12 ./Drivers/STM32WLxx_HAL_Driver/Src/stm32wlxx_hal_subghz.o
                0x08004b78                HAL_SUBGHZ_LrFhssHopCallback
 *fill*         0x08004b8a        0x2 
 .text.SUBGHZSPI_Init
                0x08004b8c       0x40 ./Drivers/STM32WLxx_HAL_Driver/Src/stm32wlxx_hal_subghz.o
                0x08004b8c                SUBGHZSPI_Init
 .text.SUBGHZSPI_Transmit
                0x08004bcc       0xac ./Drivers/STM32WLxx_HAL_Driver/Src/stm32wlxx_hal_subghz.o
                0x08004bcc                SUBGHZSPI_Transmit
 .text.SUBGHZSPI_Receive
                0x08004c78       0xb0 ./Drivers/STM32WLxx_HAL_Driver/Src/stm32wlxx_hal_subghz.o
                0x08004c78                SUBGHZSPI_Receive
 .text.SUBGHZ_CheckDeviceReady
                0x08004d28       0x48 ./Drivers/STM32WLxx_HAL_Driver/Src/stm32wlxx_hal_subghz.o
                0x08004d28                SUBGHZ_CheckDeviceReady
 .text.SUBGHZ_WaitOnBusy
                0x08004d70       0x5c ./Drivers/STM32WLxx_HAL_Driver/Src/stm32wlxx_hal_subghz.o
                0x08004d70                SUBGHZ_WaitOnBusy
 .text.LL_RCC_GetUSARTClockSource
                0x08004dcc       0x24 ./Drivers/STM32WLxx_HAL_Driver/Src/stm32wlxx_hal_uart.o
 .text.LL_RCC_GetLPUARTClockSource
                0x08004df0       0x1e ./Drivers/STM32WLxx_HAL_Driver/Src/stm32wlxx_hal_uart.o
 .text.HAL_UART_Init
                0x08004e0e       0xa0 ./Drivers/STM32WLxx_HAL_Driver/Src/stm32wlxx_hal_uart.o
                0x08004e0e                HAL_UART_Init
 .text.HAL_UART_Transmit
                0x08004eae      0x10c ./Drivers/STM32WLxx_HAL_Driver/Src/stm32wlxx_hal_uart.o
                0x08004eae                HAL_UART_Transmit
 *fill*         0x08004fba        0x2 
 .text.UART_SetConfig
                0x08004fbc      0x4e8 ./Drivers/STM32WLxx_HAL_Driver/Src/stm32wlxx_hal_uart.o
                0x08004fbc                UART_SetConfig
 .text.UART_AdvFeatureConfig
                0x080054a4      0x142 ./Drivers/STM32WLxx_HAL_Driver/Src/stm32wlxx_hal_uart.o
                0x080054a4                UART_AdvFeatureConfig
 .text.UART_CheckIdleState
                0x080055e6       0x9c ./Drivers/STM32WLxx_HAL_Driver/Src/stm32wlxx_hal_uart.o
                0x080055e6                UART_CheckIdleState
 .text.UART_WaitOnFlagUntilTimeout
                0x08005682      0x19c ./Drivers/STM32WLxx_HAL_Driver/Src/stm32wlxx_hal_uart.o
                0x08005682                UART_WaitOnFlagUntilTimeout
 .text.HAL_UARTEx_DisableFifoMode
                0x0800581e       0x70 ./Drivers/STM32WLxx_HAL_Driver/Src/stm32wlxx_hal_uart_ex.o
                0x0800581e                HAL_UARTEx_DisableFifoMode
 .text.HAL_UARTEx_SetTxFifoThreshold
                0x0800588e       0x7c ./Drivers/STM32WLxx_HAL_Driver/Src/stm32wlxx_hal_uart_ex.o
                0x0800588e                HAL_UARTEx_SetTxFifoThreshold
 .text.HAL_UARTEx_SetRxFifoThreshold
                0x0800590a       0x7c ./Drivers/STM32WLxx_HAL_Driver/Src/stm32wlxx_hal_uart_ex.o
                0x0800590a                HAL_UARTEx_SetRxFifoThreshold
 *fill*         0x08005986        0x2 
 .text.UARTEx_SetNbDataToProcess
                0x08005988       0x98 ./Drivers/STM32WLxx_HAL_Driver/Src/stm32wlxx_hal_uart_ex.o
 .text.UTIL_MEM_set_8
                0x08005a20       0x36 ./Utils/misc/stm32_mem.o
                0x08005a20                UTIL_MEM_set_8
 *fill*         0x08005a56        0x2 
 .text.sprintf  0x08005a58       0x44 C:/ST/STM32CubeIDE_1.16.0/STM32CubeIDE/plugins/com.st.stm32cube.ide.mcu.externaltools.gnu-tools-for-stm32.13.3.rel1.win32_1.0.0.202411081344/tools/bin/../lib/gcc/arm-none-eabi/13.3.1/../../../../arm-none-eabi/lib/thumb/v7e-m/nofp\libc_nano.a(libc_a-sprintf.o)
                0x08005a58                siprintf
                0x08005a58                sprintf
 .text.memset   0x08005a9c       0x10 C:/ST/STM32CubeIDE_1.16.0/STM32CubeIDE/plugins/com.st.stm32cube.ide.mcu.externaltools.gnu-tools-for-stm32.13.3.rel1.win32_1.0.0.202411081344/tools/bin/../lib/gcc/arm-none-eabi/13.3.1/../../../../arm-none-eabi/lib/thumb/v7e-m/nofp\libc_nano.a(libc_a-memset.o)
                0x08005a9c                memset
 .text.strncmp  0x08005aac       0x24 C:/ST/STM32CubeIDE_1.16.0/STM32CubeIDE/plugins/com.st.stm32cube.ide.mcu.externaltools.gnu-tools-for-stm32.13.3.rel1.win32_1.0.0.202411081344/tools/bin/../lib/gcc/arm-none-eabi/13.3.1/../../../../arm-none-eabi/lib/thumb/v7e-m/nofp\libc_nano.a(libc_a-strncmp.o)
                0x08005aac                strncmp
 .text.__errno  0x08005ad0        0xc C:/ST/STM32CubeIDE_1.16.0/STM32CubeIDE/plugins/com.st.stm32cube.ide.mcu.externaltools.gnu-tools-for-stm32.13.3.rel1.win32_1.0.0.202411081344/tools/bin/../lib/gcc/arm-none-eabi/13.3.1/../../../../arm-none-eabi/lib/thumb/v7e-m/nofp\libc_nano.a(libc_a-errno.o)
                0x08005ad0                __errno
 .text.__libc_init_array
                0x08005adc       0x48 C:/ST/STM32CubeIDE_1.16.0/STM32CubeIDE/plugins/com.st.stm32cube.ide.mcu.externaltools.gnu-tools-for-stm32.13.3.rel1.win32_1.0.0.202411081344/tools/bin/../lib/gcc/arm-none-eabi/13.3.1/../../../../arm-none-eabi/lib/thumb/v7e-m/nofp\libc_nano.a(libc_a-init.o)
                0x08005adc                __libc_init_array
 .text.__retarget_lock_acquire_recursive
                0x08005b24        0x2 C:/ST/STM32CubeIDE_1.16.0/STM32CubeIDE/plugins/com.st.stm32cube.ide.mcu.externaltools.gnu-tools-for-stm32.13.3.rel1.win32_1.0.0.202411081344/tools/bin/../lib/gcc/arm-none-eabi/13.3.1/../../../../arm-none-eabi/lib/thumb/v7e-m/nofp\libc_nano.a(libc_a-lock.o)
                0x08005b24                __retarget_lock_acquire_recursive
 .text.__retarget_lock_release_recursive
                0x08005b26        0x2 C:/ST/STM32CubeIDE_1.16.0/STM32CubeIDE/plugins/com.st.stm32cube.ide.mcu.externaltools.gnu-tools-for-stm32.13.3.rel1.win32_1.0.0.202411081344/tools/bin/../lib/gcc/arm-none-eabi/13.3.1/../../../../arm-none-eabi/lib/thumb/v7e-m/nofp\libc_nano.a(libc_a-lock.o)
                0x08005b26                __retarget_lock_release_recursive
 .text._free_r  0x08005b28       0x94 C:/ST/STM32CubeIDE_1.16.0/STM32CubeIDE/plugins/com.st.stm32cube.ide.mcu.externaltools.gnu-tools-for-stm32.13.3.rel1.win32_1.0.0.202411081344/tools/bin/../lib/gcc/arm-none-eabi/13.3.1/../../../../arm-none-eabi/lib/thumb/v7e-m/nofp\libc_nano.a(libc_a-freer.o)
                0x08005b28                _free_r
 .text.sbrk_aligned
                0x08005bbc       0x44 C:/ST/STM32CubeIDE_1.16.0/STM32CubeIDE/plugins/com.st.stm32cube.ide.mcu.externaltools.gnu-tools-for-stm32.13.3.rel1.win32_1.0.0.202411081344/tools/bin/../lib/gcc/arm-none-eabi/13.3.1/../../../../arm-none-eabi/lib/thumb/v7e-m/nofp\libc_nano.a(libc_a-mallocr.o)
 .text._malloc_r
                0x08005c00      0x100 C:/ST/STM32CubeIDE_1.16.0/STM32CubeIDE/plugins/com.st.stm32cube.ide.mcu.externaltools.gnu-tools-for-stm32.13.3.rel1.win32_1.0.0.202411081344/tools/bin/../lib/gcc/arm-none-eabi/13.3.1/../../../../arm-none-eabi/lib/thumb/v7e-m/nofp\libc_nano.a(libc_a-mallocr.o)
                0x08005c00                _malloc_r
 .text.__malloc_lock
                0x08005d00        0xc C:/ST/STM32CubeIDE_1.16.0/STM32CubeIDE/plugins/com.st.stm32cube.ide.mcu.externaltools.gnu-tools-for-stm32.13.3.rel1.win32_1.0.0.202411081344/tools/bin/../lib/gcc/arm-none-eabi/13.3.1/../../../../arm-none-eabi/lib/thumb/v7e-m/nofp\libc_nano.a(libc_a-mlock.o)
                0x08005d00                __malloc_lock
 .text.__malloc_unlock
                0x08005d0c        0xc C:/ST/STM32CubeIDE_1.16.0/STM32CubeIDE/plugins/com.st.stm32cube.ide.mcu.externaltools.gnu-tools-for-stm32.13.3.rel1.win32_1.0.0.202411081344/tools/bin/../lib/gcc/arm-none-eabi/13.3.1/../../../../arm-none-eabi/lib/thumb/v7e-m/nofp\libc_nano.a(libc_a-mlock.o)
                0x08005d0c                __malloc_unlock
 .text.__ssputs_r
                0x08005d18       0xb6 C:/ST/STM32CubeIDE_1.16.0/STM32CubeIDE/plugins/com.st.stm32cube.ide.mcu.externaltools.gnu-tools-for-stm32.13.3.rel1.win32_1.0.0.202411081344/tools/bin/../lib/gcc/arm-none-eabi/13.3.1/../../../../arm-none-eabi/lib/thumb/v7e-m/nofp\libc_nano.a(libc_a-nano-svfprintf.o)
                0x08005d18                __ssputs_r
 *fill*         0x08005dce        0x2 
 .text._svfprintf_r
                0x08005dd0      0x1f8 C:/ST/STM32CubeIDE_1.16.0/STM32CubeIDE/plugins/com.st.stm32cube.ide.mcu.externaltools.gnu-tools-for-stm32.13.3.rel1.win32_1.0.0.202411081344/tools/bin/../lib/gcc/arm-none-eabi/13.3.1/../../../../arm-none-eabi/lib/thumb/v7e-m/nofp\libc_nano.a(libc_a-nano-svfprintf.o)
                0x08005dd0                _svfiprintf_r
                0x08005dd0                _svfprintf_r
 .text._printf_common
                0x08005fc8       0xda C:/ST/STM32CubeIDE_1.16.0/STM32CubeIDE/plugins/com.st.stm32cube.ide.mcu.externaltools.gnu-tools-for-stm32.13.3.rel1.win32_1.0.0.202411081344/tools/bin/../lib/gcc/arm-none-eabi/13.3.1/../../../../arm-none-eabi/lib/thumb/v7e-m/nofp\libc_nano.a(libc_a-nano-vfprintf_i.o)
                0x08005fc8                _printf_common
 *fill*         0x080060a2        0x2 
 .text._printf_i
                0x080060a4      0x23c C:/ST/STM32CubeIDE_1.16.0/STM32CubeIDE/plugins/com.st.stm32cube.ide.mcu.externaltools.gnu-tools-for-stm32.13.3.rel1.win32_1.0.0.202411081344/tools/bin/../lib/gcc/arm-none-eabi/13.3.1/../../../../arm-none-eabi/lib/thumb/v7e-m/nofp\libc_nano.a(libc_a-nano-vfprintf_i.o)
                0x080060a4                _printf_i
 .text.memmove  0x080062e0       0x34 C:/ST/STM32CubeIDE_1.16.0/STM32CubeIDE/plugins/com.st.stm32cube.ide.mcu.externaltools.gnu-tools-for-stm32.13.3.rel1.win32_1.0.0.202411081344/tools/bin/../lib/gcc/arm-none-eabi/13.3.1/../../../../arm-none-eabi/lib/thumb/v7e-m/nofp\libc_nano.a(libc_a-memmove.o)
                0x080062e0                memmove
 .text._sbrk_r  0x08006314       0x20 C:/ST/STM32CubeIDE_1.16.0/STM32CubeIDE/plugins/com.st.stm32cube.ide.mcu.externaltools.gnu-tools-for-stm32.13.3.rel1.win32_1.0.0.202411081344/tools/bin/../lib/gcc/arm-none-eabi/13.3.1/../../../../arm-none-eabi/lib/thumb/v7e-m/nofp\libc_nano.a(libc_a-sbrkr.o)
                0x08006314                _sbrk_r
 .text.memcpy   0x08006334       0x1c C:/ST/STM32CubeIDE_1.16.0/STM32CubeIDE/plugins/com.st.stm32cube.ide.mcu.externaltools.gnu-tools-for-stm32.13.3.rel1.win32_1.0.0.202411081344/tools/bin/../lib/gcc/arm-none-eabi/13.3.1/../../../../arm-none-eabi/lib/thumb/v7e-m/nofp\libc_nano.a(libc_a-memcpy-stub.o)
                0x08006334                memcpy
 .text._realloc_r
                0x08006350       0x5c C:/ST/STM32CubeIDE_1.16.0/STM32CubeIDE/plugins/com.st.stm32cube.ide.mcu.externaltools.gnu-tools-for-stm32.13.3.rel1.win32_1.0.0.202411081344/tools/bin/../lib/gcc/arm-none-eabi/13.3.1/../../../../arm-none-eabi/lib/thumb/v7e-m/nofp\libc_nano.a(libc_a-reallocr.o)
                0x08006350                _realloc_r
 .text._malloc_usable_size_r
                0x080063ac       0x10 C:/ST/STM32CubeIDE_1.16.0/STM32CubeIDE/plugins/com.st.stm32cube.ide.mcu.externaltools.gnu-tools-for-stm32.13.3.rel1.win32_1.0.0.202411081344/tools/bin/../lib/gcc/arm-none-eabi/13.3.1/../../../../arm-none-eabi/lib/thumb/v7e-m/nofp\libc_nano.a(libc_a-msizer.o)
                0x080063ac                _malloc_usable_size_r
 *(.glue_7)
 .glue_7        0x080063bc        0x0 linker stubs
 *(.glue_7t)
 .glue_7t       0x080063bc        0x0 linker stubs
 *(.eh_frame)
 .eh_frame      0x080063bc        0x0 C:/ST/STM32CubeIDE_1.16.0/STM32CubeIDE/plugins/com.st.stm32cube.ide.mcu.externaltools.gnu-tools-for-stm32.13.3.rel1.win32_1.0.0.202411081344/tools/bin/../lib/gcc/arm-none-eabi/13.3.1/thumb/v7e-m/nofp/crtbegin.o
 *(.init)
 .init          0x080063bc        0x4 C:/ST/STM32CubeIDE_1.16.0/STM32CubeIDE/plugins/com.st.stm32cube.ide.mcu.externaltools.gnu-tools-for-stm32.13.3.rel1.win32_1.0.0.202411081344/tools/bin/../lib/gcc/arm-none-eabi/13.3.1/thumb/v7e-m/nofp/crti.o
                0x080063bc                _init
 .init          0x080063c0        0x8 C:/ST/STM32CubeIDE_1.16.0/STM32CubeIDE/plugins/com.st.stm32cube.ide.mcu.externaltools.gnu-tools-for-stm32.13.3.rel1.win32_1.0.0.202411081344/tools/bin/../lib/gcc/arm-none-eabi/13.3.1/thumb/v7e-m/nofp/crtn.o
 *(.fini)
 .fini          0x080063c8        0x4 C:/ST/STM32CubeIDE_1.16.0/STM32CubeIDE/plugins/com.st.stm32cube.ide.mcu.externaltools.gnu-tools-for-stm32.13.3.rel1.win32_1.0.0.202411081344/tools/bin/../lib/gcc/arm-none-eabi/13.3.1/thumb/v7e-m/nofp/crti.o
                0x080063c8                _fini
 .fini          0x080063cc        0x8 C:/ST/STM32CubeIDE_1.16.0/STM32CubeIDE/plugins/com.st.stm32cube.ide.mcu.externaltools.gnu-tools-for-stm32.13.3.rel1.win32_1.0.0.202411081344/tools/bin/../lib/gcc/arm-none-eabi/13.3.1/thumb/v7e-m/nofp/crtn.o
                0x080063d4                        . = ALIGN (0x4)
                0x080063d4                        _etext = .

.vfp11_veneer   0x080063d4        0x0
 .vfp11_veneer  0x080063d4        0x0 linker stubs

.v4_bx          0x080063d4        0x0
 .v4_bx         0x080063d4        0x0 linker stubs

.iplt           0x080063d4        0x0
 .iplt          0x080063d4        0x0 C:/ST/STM32CubeIDE_1.16.0/STM32CubeIDE/plugins/com.st.stm32cube.ide.mcu.externaltools.gnu-tools-for-stm32.13.3.rel1.win32_1.0.0.202411081344/tools/bin/../lib/gcc/arm-none-eabi/13.3.1/thumb/v7e-m/nofp/crtbegin.o

.rodata         0x080063d4      0x340
                0x080063d4                        . = ALIGN (0x4)
 *(.rodata)
 .rodata        0x080063d4      0x16f ./Core/Src/main.o
 *fill*         0x08006543        0x1 
 .rodata        0x08006544       0x1c ./Drivers/STM32WLxx_HAL_Driver/Src/stm32wlxx_hal_rcc.o
 *(.rodata*)
 .rodata.AHBPrescTable
                0x08006560       0x40 ./Core/Src/system_stm32wlxx.o
                0x08006560                AHBPrescTable
 .rodata.APBPrescTable
                0x080065a0       0x20 ./Core/Src/system_stm32wlxx.o
                0x080065a0                APBPrescTable
 .rodata.MSIRangeTable
                0x080065c0       0x40 ./Core/Src/system_stm32wlxx.o
                0x080065c0                MSIRangeTable
 .rodata.LED_PIN
                0x08006600        0x6 ./Drivers/BSP/STM32WLxx_Nucleo/stm32wlxx_nucleo.o
 *fill*         0x08006606        0x2 
 .rodata.FskBandwidths
                0x08006608       0xb0 ./Drivers/Radio/radio_driver.o
 .rodata.UARTPrescTable
                0x080066b8       0x18 ./Drivers/STM32WLxx_HAL_Driver/Src/stm32wlxx_hal_uart.o
                0x080066b8                UARTPrescTable
 .rodata.numerator.1
                0x080066d0        0x8 ./Drivers/STM32WLxx_HAL_Driver/Src/stm32wlxx_hal_uart_ex.o
 .rodata.denominator.0
                0x080066d8        0x8 ./Drivers/STM32WLxx_HAL_Driver/Src/stm32wlxx_hal_uart_ex.o
 .rodata._svfprintf_r.str1.1
                0x080066e0       0x33 C:/ST/STM32CubeIDE_1.16.0/STM32CubeIDE/plugins/com.st.stm32cube.ide.mcu.externaltools.gnu-tools-for-stm32.13.3.rel1.win32_1.0.0.202411081344/tools/bin/../lib/gcc/arm-none-eabi/13.3.1/../../../../arm-none-eabi/lib/thumb/v7e-m/nofp\libc_nano.a(libc_a-nano-svfprintf.o)
                                 0x11 (size before relaxing)
 .rodata._printf_i.str1.1
                0x08006713       0x22 C:/ST/STM32CubeIDE_1.16.0/STM32CubeIDE/plugins/com.st.stm32cube.ide.mcu.externaltools.gnu-tools-for-stm32.13.3.rel1.win32_1.0.0.202411081344/tools/bin/../lib/gcc/arm-none-eabi/13.3.1/../../../../arm-none-eabi/lib/thumb/v7e-m/nofp\libc_nano.a(libc_a-nano-vfprintf_i.o)
                0x08006738                        . = ALIGN (0x4)
 *fill*         0x08006713        0x1 

.ARM.extab      0x08006714        0x0
                0x08006714                        . = ALIGN (0x4)
 *(.ARM.extab* .gnu.linkonce.armextab.*)
                0x08006714                        . = ALIGN (0x4)

.ARM            0x08006714        0x8
                0x08006714                        . = ALIGN (0x4)
                0x08006714                        __exidx_start = .
 *(.ARM.exidx*)
 .ARM.exidx     0x08006714        0x8 C:/ST/STM32CubeIDE_1.16.0/STM32CubeIDE/plugins/com.st.stm32cube.ide.mcu.externaltools.gnu-tools-for-stm32.13.3.rel1.win32_1.0.0.202411081344/tools/bin/../lib/gcc/arm-none-eabi/13.3.1/../../../../arm-none-eabi/lib/thumb/v7e-m/nofp\libc_nano.a(libc_a-strlen.o)
 .ARM.exidx     0x0800671c        0x0 C:/ST/STM32CubeIDE_1.16.0/STM32CubeIDE/plugins/com.st.stm32cube.ide.mcu.externaltools.gnu-tools-for-stm32.13.3.rel1.win32_1.0.0.202411081344/tools/bin/../lib/gcc/arm-none-eabi/13.3.1/../../../../arm-none-eabi/lib/thumb/v7e-m/nofp\libc_nano.a(libc_a-memchr.o)
                                  0x8 (size before relaxing)
 .ARM.exidx     0x0800671c        0x0 C:/ST/STM32CubeIDE_1.16.0/STM32CubeIDE/plugins/com.st.stm32cube.ide.mcu.externaltools.gnu-tools-for-stm32.13.3.rel1.win32_1.0.0.202411081344/tools/bin/../lib/gcc/arm-none-eabi/13.3.1/thumb/v7e-m/nofp\libgcc.a(_udivmoddi4.o)
                                  0x8 (size before relaxing)
                0x0800671c                        __exidx_end = .
                0x0800671c                        . = ALIGN (0x4)

.preinit_array  0x0800671c        0x0
                0x0800671c                        . = ALIGN (0x4)
                0x0800671c                        PROVIDE (__preinit_array_start = .)
 *(.preinit_array*)
                0x0800671c                        PROVIDE (__preinit_array_end = .)
                0x0800671c                        . = ALIGN (0x4)

.init_array     0x0800671c        0x4
                0x0800671c                        . = ALIGN (0x4)
                0x0800671c                        PROVIDE (__init_array_start = .)
 *(SORT_BY_NAME(.init_array.*))
 *(.init_array*)
 .init_array    0x0800671c        0x4 C:/ST/STM32CubeIDE_1.16.0/STM32CubeIDE/plugins/com.st.stm32cube.ide.mcu.externaltools.gnu-tools-for-stm32.13.3.rel1.win32_1.0.0.202411081344/tools/bin/../lib/gcc/arm-none-eabi/13.3.1/thumb/v7e-m/nofp/crtbegin.o
                0x08006720                        PROVIDE (__init_array_end = .)
                0x08006720                        . = ALIGN (0x4)

.fini_array     0x08006720        0x4
                0x08006720                        . = ALIGN (0x4)
                [!provide]                        PROVIDE (__fini_array_start = .)
 *(SORT_BY_NAME(.fini_array.*))
 *(.fini_array*)
 .fini_array    0x08006720        0x4 C:/ST/STM32CubeIDE_1.16.0/STM32CubeIDE/plugins/com.st.stm32cube.ide.mcu.externaltools.gnu-tools-for-stm32.13.3.rel1.win32_1.0.0.202411081344/tools/bin/../lib/gcc/arm-none-eabi/13.3.1/thumb/v7e-m/nofp/crtbegin.o
                [!provide]                        PROVIDE (__fini_array_end = .)
                0x08006724                        . = ALIGN (0x4)
                0x08006724                        _sidata = LOADADDR (.data)

.rel.dyn        0x08006724        0x0
 .rel.iplt      0x08006724        0x0 C:/ST/STM32CubeIDE_1.16.0/STM32CubeIDE/plugins/com.st.stm32cube.ide.mcu.externaltools.gnu-tools-for-stm32.13.3.rel1.win32_1.0.0.202411081344/tools/bin/../lib/gcc/arm-none-eabi/13.3.1/thumb/v7e-m/nofp/crtbegin.o

.data           0x20000000       0x68 load address 0x08006724
                0x20000000                        . = ALIGN (0x4)
                0x20000000                        _sdata = .
 *(.data)
 *(.data*)
 .data.SystemCoreClock
                0x20000000        0x4 ./Core/Src/system_stm32wlxx.o
                0x20000000                SystemCoreClock
 .data.LED_PORT
                0x20000004        0xc ./Drivers/BSP/STM32WLxx_Nucleo/stm32wlxx_nucleo.o
 .data.uwTickPrio
                0x20000010        0x4 ./Drivers/STM32WLxx_HAL_Driver/Src/stm32wlxx_hal.o
                0x20000010                uwTickPrio
 .data.uwTickFreq
                0x20000014        0x1 ./Drivers/STM32WLxx_HAL_Driver/Src/stm32wlxx_hal.o
                0x20000014                uwTickFreq
 *fill*         0x20000015        0x3 
 .data._impure_ptr
                0x20000018        0x4 C:/ST/STM32CubeIDE_1.16.0/STM32CubeIDE/plugins/com.st.stm32cube.ide.mcu.externaltools.gnu-tools-for-stm32.13.3.rel1.win32_1.0.0.202411081344/tools/bin/../lib/gcc/arm-none-eabi/13.3.1/../../../../arm-none-eabi/lib/thumb/v7e-m/nofp\libc_nano.a(libc_a-impure.o)
                0x20000018                _impure_ptr
 .data._impure_data
                0x2000001c       0x4c C:/ST/STM32CubeIDE_1.16.0/STM32CubeIDE/plugins/com.st.stm32cube.ide.mcu.externaltools.gnu-tools-for-stm32.13.3.rel1.win32_1.0.0.202411081344/tools/bin/../lib/gcc/arm-none-eabi/13.3.1/../../../../arm-none-eabi/lib/thumb/v7e-m/nofp\libc_nano.a(libc_a-impure.o)
                0x2000001c                _impure_data
 *(.RamFunc)
 *(.RamFunc*)
                0x20000068                        . = ALIGN (0x4)
                0x20000068                        _edata = .

.igot.plt       0x20000068        0x0 load address 0x0800678c
 .igot.plt      0x20000068        0x0 C:/ST/STM32CubeIDE_1.16.0/STM32CubeIDE/plugins/com.st.stm32cube.ide.mcu.externaltools.gnu-tools-for-stm32.13.3.rel1.win32_1.0.0.202411081344/tools/bin/../lib/gcc/arm-none-eabi/13.3.1/thumb/v7e-m/nofp/crtbegin.o
                0x20000068                        . = ALIGN (0x4)

.bss            0x20000068      0x348 load address 0x0800678c
                0x20000068                        _sbss = .
                0x20000068                        __bss_start__ = _sbss
 *(.bss)
 .bss           0x20000068       0x1c C:/ST/STM32CubeIDE_1.16.0/STM32CubeIDE/plugins/com.st.stm32cube.ide.mcu.externaltools.gnu-tools-for-stm32.13.3.rel1.win32_1.0.0.202411081344/tools/bin/../lib/gcc/arm-none-eabi/13.3.1/thumb/v7e-m/nofp/crtbegin.o
 *(.bss*)
 .bss.fsm       0x20000084      0x114 ./Core/Src/main.o
                0x20000084                fsm
 .bss.eventReceptor
                0x20000198        0x4 ./Core/Src/main.o
                0x20000198                eventReceptor
 .bss.packetParams
                0x2000019c       0x14 ./Core/Src/main.o
                0x2000019c                packetParams
 .bss.hsubghz   0x200001b0        0xc ./Core/Src/subghz.o
                0x200001b0                hsubghz
 .bss.__sbrk_heap_end
                0x200001bc        0x4 ./Core/Src/sysmem.o
 .bss.huart2    0x200001c0       0x94 ./Core/Src/usart.o
                0x200001c0                huart2
 .bss.OperatingMode
                0x20000254        0x1 ./Drivers/Radio/radio_driver.o
 .bss.PacketType
                0x20000255        0x1 ./Drivers/Radio/radio_driver.o
 .bss.LoRaHeaderType
                0x20000256        0x1 ./Drivers/Radio/radio_driver.o
 *fill*         0x20000257        0x1 
 .bss.FrequencyError
                0x20000258        0x4 ./Drivers/Radio/radio_driver.o
                0x20000258                FrequencyError
 .bss.ImageCalibrated
                0x2000025c        0x1 ./Drivers/Radio/radio_driver.o
 *fill*         0x2000025d        0x3 
 .bss.RadioOnDioIrqCb
                0x20000260        0x4 ./Drivers/Radio/radio_driver.o
 .bss.uwTick    0x20000264        0x4 ./Drivers/STM32WLxx_HAL_Driver/Src/stm32wlxx_hal.o
                0x20000264                uwTick
 .bss.__sf      0x20000268      0x138 C:/ST/STM32CubeIDE_1.16.0/STM32CubeIDE/plugins/com.st.stm32cube.ide.mcu.externaltools.gnu-tools-for-stm32.13.3.rel1.win32_1.0.0.202411081344/tools/bin/../lib/gcc/arm-none-eabi/13.3.1/../../../../arm-none-eabi/lib/thumb/v7e-m/nofp\libc_nano.a(libc_a-findfp.o)
                0x20000268                __sf
 .bss.errno     0x200003a0        0x4 C:/ST/STM32CubeIDE_1.16.0/STM32CubeIDE/plugins/com.st.stm32cube.ide.mcu.externaltools.gnu-tools-for-stm32.13.3.rel1.win32_1.0.0.202411081344/tools/bin/../lib/gcc/arm-none-eabi/13.3.1/../../../../arm-none-eabi/lib/thumb/v7e-m/nofp\libc_nano.a(libc_a-reent.o)
                0x200003a0                errno
 .bss.__lock___malloc_recursive_mutex
                0x200003a4        0x1 C:/ST/STM32CubeIDE_1.16.0/STM32CubeIDE/plugins/com.st.stm32cube.ide.mcu.externaltools.gnu-tools-for-stm32.13.3.rel1.win32_1.0.0.202411081344/tools/bin/../lib/gcc/arm-none-eabi/13.3.1/../../../../arm-none-eabi/lib/thumb/v7e-m/nofp\libc_nano.a(libc_a-lock.o)
                0x200003a4                __lock___malloc_recursive_mutex
 *fill*         0x200003a5        0x3 
 .bss.__malloc_sbrk_start
                0x200003a8        0x4 C:/ST/STM32CubeIDE_1.16.0/STM32CubeIDE/plugins/com.st.stm32cube.ide.mcu.externaltools.gnu-tools-for-stm32.13.3.rel1.win32_1.0.0.202411081344/tools/bin/../lib/gcc/arm-none-eabi/13.3.1/../../../../arm-none-eabi/lib/thumb/v7e-m/nofp\libc_nano.a(libc_a-mallocr.o)
                0x200003a8                __malloc_sbrk_start
 .bss.__malloc_free_list
                0x200003ac        0x4 C:/ST/STM32CubeIDE_1.16.0/STM32CubeIDE/plugins/com.st.stm32cube.ide.mcu.externaltools.gnu-tools-for-stm32.13.3.rel1.win32_1.0.0.202411081344/tools/bin/../lib/gcc/arm-none-eabi/13.3.1/../../../../arm-none-eabi/lib/thumb/v7e-m/nofp\libc_nano.a(libc_a-mallocr.o)
                0x200003ac                __malloc_free_list
 *(COMMON)
                0x200003b0                        . = ALIGN (0x4)
                0x200003b0                        _ebss = .
                0x200003b0                        __bss_end__ = _ebss

._user_heap_stack
                0x200003b0      0x600 load address 0x0800678c
                0x200003b0                        . = ALIGN (0x8)
                [!provide]                        PROVIDE (end = .)
                0x200003b0                        PROVIDE (_end = .)
                0x200005b0                        . = (. + _Min_Heap_Size)
 *fill*         0x200003b0      0x200 
                0x200009b0                        . = (. + _Min_Stack_Size)
 *fill*         0x200005b0      0x400 
                0x200009b0                        . = ALIGN (0x8)

/DISCARD/
 libc.a(*)
 libm.a(*)
 libgcc.a(*)

.ARM.attributes
                0x00000000       0x2a
 *(.ARM.attributes)
 .ARM.attributes
                0x00000000       0x1e C:/ST/STM32CubeIDE_1.16.0/STM32CubeIDE/plugins/com.st.stm32cube.ide.mcu.externaltools.gnu-tools-for-stm32.13.3.rel1.win32_1.0.0.202411081344/tools/bin/../lib/gcc/arm-none-eabi/13.3.1/thumb/v7e-m/nofp/crti.o
 .ARM.attributes
                0x0000001e       0x2e C:/ST/STM32CubeIDE_1.16.0/STM32CubeIDE/plugins/com.st.stm32cube.ide.mcu.externaltools.gnu-tools-for-stm32.13.3.rel1.win32_1.0.0.202411081344/tools/bin/../lib/gcc/arm-none-eabi/13.3.1/thumb/v7e-m/nofp/crtbegin.o
 .ARM.attributes
                0x0000004c       0x2e ./Core/Src/gpio.o
 .ARM.attributes
                0x0000007a       0x2e ./Core/Src/main.o
 .ARM.attributes
                0x000000a8       0x2e ./Core/Src/stm32wlxx_hal_msp.o
 .ARM.attributes
                0x000000d6       0x2e ./Core/Src/stm32wlxx_it.o
 .ARM.attributes
                0x00000104       0x2e ./Core/Src/subghz.o
 .ARM.attributes
                0x00000132       0x2e ./Core/Src/sysmem.o
 .ARM.attributes
                0x00000160       0x2e ./Core/Src/system_stm32wlxx.o
 .ARM.attributes
                0x0000018e       0x2e ./Core/Src/usart.o
 .ARM.attributes
                0x000001bc       0x21 ./Core/Startup/startup_stm32wl55jcix.o
 .ARM.attributes
                0x000001dd       0x2e ./Drivers/BSP/STM32WLxx_Nucleo/stm32wlxx_nucleo.o
 .ARM.attributes
                0x0000020b       0x2e ./Drivers/BSP/STM32WLxx_Nucleo/stm32wlxx_nucleo_radio.o
 .ARM.attributes
                0x00000239       0x2e ./Drivers/Radio/radio_board_if.o
 .ARM.attributes
                0x00000267       0x2e ./Drivers/Radio/radio_driver.o
 .ARM.attributes
                0x00000295       0x2e ./Drivers/STM32WLxx_HAL_Driver/Src/stm32wlxx_hal.o
 .ARM.attributes
                0x000002c3       0x2e ./Drivers/STM32WLxx_HAL_Driver/Src/stm32wlxx_hal_cortex.o
 .ARM.attributes
                0x000002f1       0x2e ./Drivers/STM32WLxx_HAL_Driver/Src/stm32wlxx_hal_gpio.o
 .ARM.attributes
                0x0000031f       0x2e ./Drivers/STM32WLxx_HAL_Driver/Src/stm32wlxx_hal_pwr.o
 .ARM.attributes
                0x0000034d       0x2e ./Drivers/STM32WLxx_HAL_Driver/Src/stm32wlxx_hal_pwr_ex.o
 .ARM.attributes
                0x0000037b       0x2e ./Drivers/STM32WLxx_HAL_Driver/Src/stm32wlxx_hal_rcc.o
 .ARM.attributes
                0x000003a9       0x2e ./Drivers/STM32WLxx_HAL_Driver/Src/stm32wlxx_hal_rcc_ex.o
 .ARM.attributes
                0x000003d7       0x2e ./Drivers/STM32WLxx_HAL_Driver/Src/stm32wlxx_hal_subghz.o
 .ARM.attributes
                0x00000405       0x2e ./Drivers/STM32WLxx_HAL_Driver/Src/stm32wlxx_hal_uart.o
 .ARM.attributes
                0x00000433       0x2e ./Drivers/STM32WLxx_HAL_Driver/Src/stm32wlxx_hal_uart_ex.o
 .ARM.attributes
                0x00000461       0x2e ./Utils/misc/stm32_mem.o
 .ARM.attributes
                0x0000048f       0x2e C:/ST/STM32CubeIDE_1.16.0/STM32CubeIDE/plugins/com.st.stm32cube.ide.mcu.externaltools.gnu-tools-for-stm32.13.3.rel1.win32_1.0.0.202411081344/tools/bin/../lib/gcc/arm-none-eabi/13.3.1/../../../../arm-none-eabi/lib/thumb/v7e-m/nofp\libc_nano.a(libc_a-findfp.o)
 .ARM.attributes
                0x000004bd       0x2e C:/ST/STM32CubeIDE_1.16.0/STM32CubeIDE/plugins/com.st.stm32cube.ide.mcu.externaltools.gnu-tools-for-stm32.13.3.rel1.win32_1.0.0.202411081344/tools/bin/../lib/gcc/arm-none-eabi/13.3.1/../../../../arm-none-eabi/lib/thumb/v7e-m/nofp\libc_nano.a(libc_a-sprintf.o)
 .ARM.attributes
                0x000004eb       0x2e C:/ST/STM32CubeIDE_1.16.0/STM32CubeIDE/plugins/com.st.stm32cube.ide.mcu.externaltools.gnu-tools-for-stm32.13.3.rel1.win32_1.0.0.202411081344/tools/bin/../lib/gcc/arm-none-eabi/13.3.1/../../../../arm-none-eabi/lib/thumb/v7e-m/nofp\libc_nano.a(libc_a-memset.o)
 .ARM.attributes
                0x00000519       0x2e C:/ST/STM32CubeIDE_1.16.0/STM32CubeIDE/plugins/com.st.stm32cube.ide.mcu.externaltools.gnu-tools-for-stm32.13.3.rel1.win32_1.0.0.202411081344/tools/bin/../lib/gcc/arm-none-eabi/13.3.1/../../../../arm-none-eabi/lib/thumb/v7e-m/nofp\libc_nano.a(libc_a-strncmp.o)
 .ARM.attributes
                0x00000547       0x2e C:/ST/STM32CubeIDE_1.16.0/STM32CubeIDE/plugins/com.st.stm32cube.ide.mcu.externaltools.gnu-tools-for-stm32.13.3.rel1.win32_1.0.0.202411081344/tools/bin/../lib/gcc/arm-none-eabi/13.3.1/../../../../arm-none-eabi/lib/thumb/v7e-m/nofp\libc_nano.a(libc_a-reent.o)
 .ARM.attributes
                0x00000575       0x2e C:/ST/STM32CubeIDE_1.16.0/STM32CubeIDE/plugins/com.st.stm32cube.ide.mcu.externaltools.gnu-tools-for-stm32.13.3.rel1.win32_1.0.0.202411081344/tools/bin/../lib/gcc/arm-none-eabi/13.3.1/../../../../arm-none-eabi/lib/thumb/v7e-m/nofp\libc_nano.a(libc_a-impure.o)
 .ARM.attributes
                0x000005a3       0x2e C:/ST/STM32CubeIDE_1.16.0/STM32CubeIDE/plugins/com.st.stm32cube.ide.mcu.externaltools.gnu-tools-for-stm32.13.3.rel1.win32_1.0.0.202411081344/tools/bin/../lib/gcc/arm-none-eabi/13.3.1/../../../../arm-none-eabi/lib/thumb/v7e-m/nofp\libc_nano.a(libc_a-errno.o)
 .ARM.attributes
                0x000005d1       0x2e C:/ST/STM32CubeIDE_1.16.0/STM32CubeIDE/plugins/com.st.stm32cube.ide.mcu.externaltools.gnu-tools-for-stm32.13.3.rel1.win32_1.0.0.202411081344/tools/bin/../lib/gcc/arm-none-eabi/13.3.1/../../../../arm-none-eabi/lib/thumb/v7e-m/nofp\libc_nano.a(libc_a-init.o)
 .ARM.attributes
                0x000005ff       0x2e C:/ST/STM32CubeIDE_1.16.0/STM32CubeIDE/plugins/com.st.stm32cube.ide.mcu.externaltools.gnu-tools-for-stm32.13.3.rel1.win32_1.0.0.202411081344/tools/bin/../lib/gcc/arm-none-eabi/13.3.1/../../../../arm-none-eabi/lib/thumb/v7e-m/nofp\libc_nano.a(libc_a-lock.o)
 .ARM.attributes
                0x0000062d       0x17 C:/ST/STM32CubeIDE_1.16.0/STM32CubeIDE/plugins/com.st.stm32cube.ide.mcu.externaltools.gnu-tools-for-stm32.13.3.rel1.win32_1.0.0.202411081344/tools/bin/../lib/gcc/arm-none-eabi/13.3.1/../../../../arm-none-eabi/lib/thumb/v7e-m/nofp\libc_nano.a(libc_a-strlen.o)
 .ARM.attributes
                0x00000644       0x2e C:/ST/STM32CubeIDE_1.16.0/STM32CubeIDE/plugins/com.st.stm32cube.ide.mcu.externaltools.gnu-tools-for-stm32.13.3.rel1.win32_1.0.0.202411081344/tools/bin/../lib/gcc/arm-none-eabi/13.3.1/../../../../arm-none-eabi/lib/thumb/v7e-m/nofp\libc_nano.a(libc_a-freer.o)
 .ARM.attributes
                0x00000672       0x2e C:/ST/STM32CubeIDE_1.16.0/STM32CubeIDE/plugins/com.st.stm32cube.ide.mcu.externaltools.gnu-tools-for-stm32.13.3.rel1.win32_1.0.0.202411081344/tools/bin/../lib/gcc/arm-none-eabi/13.3.1/../../../../arm-none-eabi/lib/thumb/v7e-m/nofp\libc_nano.a(libc_a-mallocr.o)
 .ARM.attributes
                0x000006a0       0x2e C:/ST/STM32CubeIDE_1.16.0/STM32CubeIDE/plugins/com.st.stm32cube.ide.mcu.externaltools.gnu-tools-for-stm32.13.3.rel1.win32_1.0.0.202411081344/tools/bin/../lib/gcc/arm-none-eabi/13.3.1/../../../../arm-none-eabi/lib/thumb/v7e-m/nofp\libc_nano.a(libc_a-mlock.o)
 .ARM.attributes
                0x000006ce       0x2e C:/ST/STM32CubeIDE_1.16.0/STM32CubeIDE/plugins/com.st.stm32cube.ide.mcu.externaltools.gnu-tools-for-stm32.13.3.rel1.win32_1.0.0.202411081344/tools/bin/../lib/gcc/arm-none-eabi/13.3.1/../../../../arm-none-eabi/lib/thumb/v7e-m/nofp\libc_nano.a(libc_a-nano-svfprintf.o)
 .ARM.attributes
                0x000006fc       0x2e C:/ST/STM32CubeIDE_1.16.0/STM32CubeIDE/plugins/com.st.stm32cube.ide.mcu.externaltools.gnu-tools-for-stm32.13.3.rel1.win32_1.0.0.202411081344/tools/bin/../lib/gcc/arm-none-eabi/13.3.1/../../../../arm-none-eabi/lib/thumb/v7e-m/nofp\libc_nano.a(libc_a-nano-vfprintf_i.o)
 .ARM.attributes
                0x0000072a       0x2e C:/ST/STM32CubeIDE_1.16.0/STM32CubeIDE/plugins/com.st.stm32cube.ide.mcu.externaltools.gnu-tools-for-stm32.13.3.rel1.win32_1.0.0.202411081344/tools/bin/../lib/gcc/arm-none-eabi/13.3.1/../../../../arm-none-eabi/lib/thumb/v7e-m/nofp\libc_nano.a(libc_a-memmove.o)
 .ARM.attributes
                0x00000758       0x2e C:/ST/STM32CubeIDE_1.16.0/STM32CubeIDE/plugins/com.st.stm32cube.ide.mcu.externaltools.gnu-tools-for-stm32.13.3.rel1.win32_1.0.0.202411081344/tools/bin/../lib/gcc/arm-none-eabi/13.3.1/../../../../arm-none-eabi/lib/thumb/v7e-m/nofp\libc_nano.a(libc_a-sbrkr.o)
 .ARM.attributes
                0x00000786       0x1c C:/ST/STM32CubeIDE_1.16.0/STM32CubeIDE/plugins/com.st.stm32cube.ide.mcu.externaltools.gnu-tools-for-stm32.13.3.rel1.win32_1.0.0.202411081344/tools/bin/../lib/gcc/arm-none-eabi/13.3.1/../../../../arm-none-eabi/lib/thumb/v7e-m/nofp\libc_nano.a(libc_a-memchr.o)
 .ARM.attributes
                0x000007a2       0x2e C:/ST/STM32CubeIDE_1.16.0/STM32CubeIDE/plugins/com.st.stm32cube.ide.mcu.externaltools.gnu-tools-for-stm32.13.3.rel1.win32_1.0.0.202411081344/tools/bin/../lib/gcc/arm-none-eabi/13.3.1/../../../../arm-none-eabi/lib/thumb/v7e-m/nofp\libc_nano.a(libc_a-memcpy-stub.o)
 .ARM.attributes
                0x000007d0       0x2e C:/ST/STM32CubeIDE_1.16.0/STM32CubeIDE/plugins/com.st.stm32cube.ide.mcu.externaltools.gnu-tools-for-stm32.13.3.rel1.win32_1.0.0.202411081344/tools/bin/../lib/gcc/arm-none-eabi/13.3.1/../../../../arm-none-eabi/lib/thumb/v7e-m/nofp\libc_nano.a(libc_a-reallocr.o)
 .ARM.attributes
                0x000007fe       0x2e C:/ST/STM32CubeIDE_1.16.0/STM32CubeIDE/plugins/com.st.stm32cube.ide.mcu.externaltools.gnu-tools-for-stm32.13.3.rel1.win32_1.0.0.202411081344/tools/bin/../lib/gcc/arm-none-eabi/13.3.1/../../../../arm-none-eabi/lib/thumb/v7e-m/nofp\libc_nano.a(libc_a-msizer.o)
 .ARM.attributes
                0x0000082c       0x1e C:/ST/STM32CubeIDE_1.16.0/STM32CubeIDE/plugins/com.st.stm32cube.ide.mcu.externaltools.gnu-tools-for-stm32.13.3.rel1.win32_1.0.0.202411081344/tools/bin/../lib/gcc/arm-none-eabi/13.3.1/thumb/v7e-m/nofp\libgcc.a(_aeabi_uldivmod.o)
 .ARM.attributes
                0x0000084a       0x2e C:/ST/STM32CubeIDE_1.16.0/STM32CubeIDE/plugins/com.st.stm32cube.ide.mcu.externaltools.gnu-tools-for-stm32.13.3.rel1.win32_1.0.0.202411081344/tools/bin/../lib/gcc/arm-none-eabi/13.3.1/thumb/v7e-m/nofp\libgcc.a(_udivmoddi4.o)
 .ARM.attributes
                0x00000878       0x1e C:/ST/STM32CubeIDE_1.16.0/STM32CubeIDE/plugins/com.st.stm32cube.ide.mcu.externaltools.gnu-tools-for-stm32.13.3.rel1.win32_1.0.0.202411081344/tools/bin/../lib/gcc/arm-none-eabi/13.3.1/thumb/v7e-m/nofp\libgcc.a(_dvmd_tls.o)
 .ARM.attributes
                0x00000896       0x1e C:/ST/STM32CubeIDE_1.16.0/STM32CubeIDE/plugins/com.st.stm32cube.ide.mcu.externaltools.gnu-tools-for-stm32.13.3.rel1.win32_1.0.0.202411081344/tools/bin/../lib/gcc/arm-none-eabi/13.3.1/thumb/v7e-m/nofp/crtn.o
OUTPUT(radioDriverExample.elf elf32-littlearm)
LOAD linker stubs
LOAD C:/ST/STM32CubeIDE_1.16.0/STM32CubeIDE/plugins/com.st.stm32cube.ide.mcu.externaltools.gnu-tools-for-stm32.13.3.rel1.win32_1.0.0.202411081344/tools/bin/../lib/gcc/arm-none-eabi/13.3.1/../../../../arm-none-eabi/lib/thumb/v7e-m/nofp\libc.a
LOAD C:/ST/STM32CubeIDE_1.16.0/STM32CubeIDE/plugins/com.st.stm32cube.ide.mcu.externaltools.gnu-tools-for-stm32.13.3.rel1.win32_1.0.0.202411081344/tools/bin/../lib/gcc/arm-none-eabi/13.3.1/../../../../arm-none-eabi/lib/thumb/v7e-m/nofp\libm.a
LOAD C:/ST/STM32CubeIDE_1.16.0/STM32CubeIDE/plugins/com.st.stm32cube.ide.mcu.externaltools.gnu-tools-for-stm32.13.3.rel1.win32_1.0.0.202411081344/tools/bin/../lib/gcc/arm-none-eabi/13.3.1/thumb/v7e-m/nofp\libgcc.a

.debug_info     0x00000000    0x14d2e
 .debug_info    0x00000000      0x5d5 ./Core/Src/gpio.o
 .debug_info    0x000005d5     0x1ee2 ./Core/Src/main.o
 .debug_info    0x000024b7       0xce ./Core/Src/stm32wlxx_hal_msp.o
 .debug_info    0x00002585      0x270 ./Core/Src/stm32wlxx_it.o
 .debug_info    0x000027f5      0x7f8 ./Core/Src/subghz.o
 .debug_info    0x00002fed      0x168 ./Core/Src/sysmem.o
 .debug_info    0x00003155      0x515 ./Core/Src/system_stm32wlxx.o
 .debug_info    0x0000366a      0xeda ./Core/Src/usart.o
 .debug_info    0x00004544       0x30 ./Core/Startup/startup_stm32wl55jcix.o
 .debug_info    0x00004574      0xd0d ./Drivers/BSP/STM32WLxx_Nucleo/stm32wlxx_nucleo.o
 .debug_info    0x00005281      0x707 ./Drivers/BSP/STM32WLxx_Nucleo/stm32wlxx_nucleo_radio.o
 .debug_info    0x00005988      0x288 ./Drivers/Radio/radio_board_if.o
 .debug_info    0x00005c10     0x21e0 ./Drivers/Radio/radio_driver.o
 .debug_info    0x00007df0     0x1165 ./Drivers/STM32WLxx_HAL_Driver/Src/stm32wlxx_hal.o
 .debug_info    0x00008f55      0xd39 ./Drivers/STM32WLxx_HAL_Driver/Src/stm32wlxx_hal_cortex.o
 .debug_info    0x00009c8e      0x708 ./Drivers/STM32WLxx_HAL_Driver/Src/stm32wlxx_hal_gpio.o
 .debug_info    0x0000a396      0x8e8 ./Drivers/STM32WLxx_HAL_Driver/Src/stm32wlxx_hal_pwr.o
 .debug_info    0x0000ac7e      0xde7 ./Drivers/STM32WLxx_HAL_Driver/Src/stm32wlxx_hal_pwr_ex.o
 .debug_info    0x0000ba65     0x13ef ./Drivers/STM32WLxx_HAL_Driver/Src/stm32wlxx_hal_rcc.o
 .debug_info    0x0000ce54      0xf21 ./Drivers/STM32WLxx_HAL_Driver/Src/stm32wlxx_hal_rcc_ex.o
 .debug_info    0x0000dd75     0x138d ./Drivers/STM32WLxx_HAL_Driver/Src/stm32wlxx_hal_subghz.o
 .debug_info    0x0000f102     0x4a83 ./Drivers/STM32WLxx_HAL_Driver/Src/stm32wlxx_hal_uart.o
 .debug_info    0x00013b85      0xffa ./Drivers/STM32WLxx_HAL_Driver/Src/stm32wlxx_hal_uart_ex.o
 .debug_info    0x00014b7f      0x1af ./Utils/misc/stm32_mem.o

.debug_abbrev   0x00000000     0x3368
 .debug_abbrev  0x00000000      0x19d ./Core/Src/gpio.o
 .debug_abbrev  0x0000019d      0x33e ./Core/Src/main.o
 .debug_abbrev  0x000004db       0x7e ./Core/Src/stm32wlxx_hal_msp.o
 .debug_abbrev  0x00000559      0x12f ./Core/Src/stm32wlxx_it.o
 .debug_abbrev  0x00000688      0x219 ./Core/Src/subghz.o
 .debug_abbrev  0x000008a1       0xbc ./Core/Src/sysmem.o
 .debug_abbrev  0x0000095d      0x13e ./Core/Src/system_stm32wlxx.o
 .debug_abbrev  0x00000a9b      0x270 ./Core/Src/usart.o
 .debug_abbrev  0x00000d0b       0x24 ./Core/Startup/startup_stm32wl55jcix.o
 .debug_abbrev  0x00000d2f      0x28c ./Drivers/BSP/STM32WLxx_Nucleo/stm32wlxx_nucleo.o
 .debug_abbrev  0x00000fbb      0x21c ./Drivers/BSP/STM32WLxx_Nucleo/stm32wlxx_nucleo_radio.o
 .debug_abbrev  0x000011d7      0x109 ./Drivers/Radio/radio_board_if.o
 .debug_abbrev  0x000012e0      0x3f6 ./Drivers/Radio/radio_driver.o
 .debug_abbrev  0x000016d6      0x344 ./Drivers/STM32WLxx_HAL_Driver/Src/stm32wlxx_hal.o
 .debug_abbrev  0x00001a1a      0x2e8 ./Drivers/STM32WLxx_HAL_Driver/Src/stm32wlxx_hal_cortex.o
 .debug_abbrev  0x00001d02      0x1e9 ./Drivers/STM32WLxx_HAL_Driver/Src/stm32wlxx_hal_gpio.o
 .debug_abbrev  0x00001eeb      0x209 ./Drivers/STM32WLxx_HAL_Driver/Src/stm32wlxx_hal_pwr.o
 .debug_abbrev  0x000020f4      0x302 ./Drivers/STM32WLxx_HAL_Driver/Src/stm32wlxx_hal_pwr_ex.o
 .debug_abbrev  0x000023f6      0x32d ./Drivers/STM32WLxx_HAL_Driver/Src/stm32wlxx_hal_rcc.o
 .debug_abbrev  0x00002723      0x2cb ./Drivers/STM32WLxx_HAL_Driver/Src/stm32wlxx_hal_rcc_ex.o
 .debug_abbrev  0x000029ee      0x299 ./Drivers/STM32WLxx_HAL_Driver/Src/stm32wlxx_hal_subghz.o
 .debug_abbrev  0x00002c87      0x352 ./Drivers/STM32WLxx_HAL_Driver/Src/stm32wlxx_hal_uart.o
 .debug_abbrev  0x00002fd9      0x2d2 ./Drivers/STM32WLxx_HAL_Driver/Src/stm32wlxx_hal_uart_ex.o
 .debug_abbrev  0x000032ab       0xbd ./Utils/misc/stm32_mem.o

.debug_aranges  0x00000000     0x1500
 .debug_aranges
                0x00000000       0x28 ./Core/Src/gpio.o
 .debug_aranges
                0x00000028       0xa0 ./Core/Src/main.o
 .debug_aranges
                0x000000c8       0x20 ./Core/Src/stm32wlxx_hal_msp.o
 .debug_aranges
                0x000000e8       0x68 ./Core/Src/stm32wlxx_it.o
 .debug_aranges
                0x00000150       0x40 ./Core/Src/subghz.o
 .debug_aranges
                0x00000190       0x20 ./Core/Src/sysmem.o
 .debug_aranges
                0x000001b0       0x28 ./Core/Src/system_stm32wlxx.o
 .debug_aranges
                0x000001d8       0x48 ./Core/Src/usart.o
 .debug_aranges
                0x00000220       0x28 ./Core/Startup/startup_stm32wl55jcix.o
 .debug_aranges
                0x00000248       0x98 ./Drivers/BSP/STM32WLxx_Nucleo/stm32wlxx_nucleo.o
 .debug_aranges
                0x000002e0       0x58 ./Drivers/BSP/STM32WLxx_Nucleo/stm32wlxx_nucleo_radio.o
 .debug_aranges
                0x00000338       0x50 ./Drivers/Radio/radio_board_if.o
 .debug_aranges
                0x00000388      0x238 ./Drivers/Radio/radio_driver.o
 .debug_aranges
                0x000005c0      0x240 ./Drivers/STM32WLxx_HAL_Driver/Src/stm32wlxx_hal.o
 .debug_aranges
                0x00000800      0x128 ./Drivers/STM32WLxx_HAL_Driver/Src/stm32wlxx_hal_cortex.o
 .debug_aranges
                0x00000928       0x60 ./Drivers/STM32WLxx_HAL_Driver/Src/stm32wlxx_hal_gpio.o
 .debug_aranges
                0x00000988       0xc8 ./Drivers/STM32WLxx_HAL_Driver/Src/stm32wlxx_hal_pwr.o
 .debug_aranges
                0x00000a50      0x200 ./Drivers/STM32WLxx_HAL_Driver/Src/stm32wlxx_hal_pwr_ex.o
 .debug_aranges
                0x00000c50      0x230 ./Drivers/STM32WLxx_HAL_Driver/Src/stm32wlxx_hal_rcc.o
 .debug_aranges
                0x00000e80      0x1e8 ./Drivers/STM32WLxx_HAL_Driver/Src/stm32wlxx_hal_rcc_ex.o
 .debug_aranges
                0x00001068      0x168 ./Drivers/STM32WLxx_HAL_Driver/Src/stm32wlxx_hal_subghz.o
 .debug_aranges
                0x000011d0      0x258 ./Drivers/STM32WLxx_HAL_Driver/Src/stm32wlxx_hal_uart.o
 .debug_aranges
                0x00001428       0xa8 ./Drivers/STM32WLxx_HAL_Driver/Src/stm32wlxx_hal_uart_ex.o
 .debug_aranges
                0x000014d0       0x30 ./Utils/misc/stm32_mem.o

.debug_rnglists
                0x00000000      0xfcd
 .debug_rnglists
                0x00000000       0x19 ./Core/Src/gpio.o
 .debug_rnglists
                0x00000019       0x7b ./Core/Src/main.o
 .debug_rnglists
                0x00000094       0x13 ./Core/Src/stm32wlxx_hal_msp.o
 .debug_rnglists
                0x000000a7       0x49 ./Core/Src/stm32wlxx_it.o
 .debug_rnglists
                0x000000f0       0x2b ./Core/Src/subghz.o
 .debug_rnglists
                0x0000011b       0x13 ./Core/Src/sysmem.o
 .debug_rnglists
                0x0000012e       0x1a ./Core/Src/system_stm32wlxx.o
 .debug_rnglists
                0x00000148       0x33 ./Core/Src/usart.o
 .debug_rnglists
                0x0000017b       0x19 ./Core/Startup/startup_stm32wl55jcix.o
 .debug_rnglists
                0x00000194       0x6e ./Drivers/BSP/STM32WLxx_Nucleo/stm32wlxx_nucleo.o
 .debug_rnglists
                0x00000202       0x3e ./Drivers/BSP/STM32WLxx_Nucleo/stm32wlxx_nucleo_radio.o
 .debug_rnglists
                0x00000240       0x37 ./Drivers/Radio/radio_board_if.o
 .debug_rnglists
                0x00000277      0x1b0 ./Drivers/Radio/radio_driver.o
 .debug_rnglists
                0x00000427      0x1ab ./Drivers/STM32WLxx_HAL_Driver/Src/stm32wlxx_hal.o
 .debug_rnglists
                0x000005d2       0xd9 ./Drivers/STM32WLxx_HAL_Driver/Src/stm32wlxx_hal_cortex.o
 .debug_rnglists
                0x000006ab       0x45 ./Drivers/STM32WLxx_HAL_Driver/Src/stm32wlxx_hal_gpio.o
 .debug_rnglists
                0x000006f0       0x91 ./Drivers/STM32WLxx_HAL_Driver/Src/stm32wlxx_hal_pwr.o
 .debug_rnglists
                0x00000781      0x180 ./Drivers/STM32WLxx_HAL_Driver/Src/stm32wlxx_hal_pwr_ex.o
 .debug_rnglists
                0x00000901      0x1a6 ./Drivers/STM32WLxx_HAL_Driver/Src/stm32wlxx_hal_rcc.o
 .debug_rnglists
                0x00000aa7      0x16e ./Drivers/STM32WLxx_HAL_Driver/Src/stm32wlxx_hal_rcc_ex.o
 .debug_rnglists
                0x00000c15      0x114 ./Drivers/STM32WLxx_HAL_Driver/Src/stm32wlxx_hal_subghz.o
 .debug_rnglists
                0x00000d29      0x206 ./Drivers/STM32WLxx_HAL_Driver/Src/stm32wlxx_hal_uart.o
 .debug_rnglists
                0x00000f2f       0x7f ./Drivers/STM32WLxx_HAL_Driver/Src/stm32wlxx_hal_uart_ex.o
 .debug_rnglists
                0x00000fae       0x1f ./Utils/misc/stm32_mem.o

.debug_macro    0x00000000    0x1e60b
 .debug_macro   0x00000000      0x237 ./Core/Src/gpio.o
 .debug_macro   0x00000237      0xad2 ./Core/Src/gpio.o
 .debug_macro   0x00000d09      0x124 ./Core/Src/gpio.o
 .debug_macro   0x00000e2d       0x2e ./Core/Src/gpio.o
 .debug_macro   0x00000e5b       0x3a ./Core/Src/gpio.o
 .debug_macro   0x00000e95       0x22 ./Core/Src/gpio.o
 .debug_macro   0x00000eb7       0x8e ./Core/Src/gpio.o
 .debug_macro   0x00000f45       0x51 ./Core/Src/gpio.o
 .debug_macro   0x00000f96      0x103 ./Core/Src/gpio.o
 .debug_macro   0x00001099       0x6a ./Core/Src/gpio.o
 .debug_macro   0x00001103      0x1df ./Core/Src/gpio.o
 .debug_macro   0x000012e2       0x1c ./Core/Src/gpio.o
 .debug_macro   0x000012fe       0x22 ./Core/Src/gpio.o
 .debug_macro   0x00001320       0xfb ./Core/Src/gpio.o
 .debug_macro   0x0000141b     0x1011 ./Core/Src/gpio.o
 .debug_macro   0x0000242c      0x11f ./Core/Src/gpio.o
 .debug_macro   0x0000254b     0xf31a ./Core/Src/gpio.o
 .debug_macro   0x00011865       0x6d ./Core/Src/gpio.o
 .debug_macro   0x000118d2     0x341d ./Core/Src/gpio.o
 .debug_macro   0x00014cef      0x190 ./Core/Src/gpio.o
 .debug_macro   0x00014e7f       0x5c ./Core/Src/gpio.o
 .debug_macro   0x00014edb      0x416 ./Core/Src/gpio.o
 .debug_macro   0x000152f1      0x29c ./Core/Src/gpio.o
 .debug_macro   0x0001558d      0x35a ./Core/Src/gpio.o
 .debug_macro   0x000158e7      0x196 ./Core/Src/gpio.o
 .debug_macro   0x00015a7d       0x4a ./Core/Src/gpio.o
 .debug_macro   0x00015ac7      0x236 ./Core/Src/gpio.o
 .debug_macro   0x00015cfd      0x229 ./Core/Src/gpio.o
 .debug_macro   0x00015f26      0x3fa ./Core/Src/gpio.o
 .debug_macro   0x00016320       0x2e ./Core/Src/gpio.o
 .debug_macro   0x0001634e      0x107 ./Core/Src/gpio.o
 .debug_macro   0x00016455      0x1ba ./Core/Src/gpio.o
 .debug_macro   0x0001660f       0xe6 ./Core/Src/gpio.o
 .debug_macro   0x000166f5      0x283 ./Core/Src/gpio.o
 .debug_macro   0x00016978      0x133 ./Core/Src/gpio.o
 .debug_macro   0x00016aab      0x36f ./Core/Src/gpio.o
 .debug_macro   0x00016e1a      0x683 ./Core/Src/gpio.o
 .debug_macro   0x0001749d      0x20e ./Core/Src/gpio.o
 .debug_macro   0x000176ab      0xfb4 ./Core/Src/gpio.o
 .debug_macro   0x0001865f      0x136 ./Core/Src/gpio.o
 .debug_macro   0x00018795      0x2db ./Core/Src/gpio.o
 .debug_macro   0x00018a70      0x288 ./Core/Src/gpio.o
 .debug_macro   0x00018cf8       0xd6 ./Core/Src/gpio.o
 .debug_macro   0x00018dce      0x693 ./Core/Src/gpio.o
 .debug_macro   0x00019461       0xa6 ./Core/Src/gpio.o
 .debug_macro   0x00019507      0x45a ./Core/Src/gpio.o
 .debug_macro   0x00019961      0x3c0 ./Core/Src/gpio.o
 .debug_macro   0x00019d21       0x58 ./Core/Src/gpio.o
 .debug_macro   0x00019d79      0x3b4 ./Core/Src/main.o
 .debug_macro   0x0001a12d       0x61 ./Core/Src/main.o
 .debug_macro   0x0001a18e       0x24 ./Core/Src/main.o
 .debug_macro   0x0001a1b2       0x43 ./Core/Src/main.o
 .debug_macro   0x0001a1f5       0x34 ./Core/Src/main.o
 .debug_macro   0x0001a229      0x370 ./Core/Src/main.o
 .debug_macro   0x0001a599       0x16 ./Core/Src/main.o
 .debug_macro   0x0001a5af       0x4a ./Core/Src/main.o
 .debug_macro   0x0001a5f9       0x34 ./Core/Src/main.o
 .debug_macro   0x0001a62d       0x10 ./Core/Src/main.o
 .debug_macro   0x0001a63d       0x58 ./Core/Src/main.o
 .debug_macro   0x0001a695       0x8e ./Core/Src/main.o
 .debug_macro   0x0001a723       0x1c ./Core/Src/main.o
 .debug_macro   0x0001a73f      0x185 ./Core/Src/main.o
 .debug_macro   0x0001a8c4       0x10 ./Core/Src/main.o
 .debug_macro   0x0001a8d4       0x3c ./Core/Src/main.o
 .debug_macro   0x0001a910       0x20 ./Core/Src/main.o
 .debug_macro   0x0001a930       0x1c ./Core/Src/main.o
 .debug_macro   0x0001a94c       0x10 ./Core/Src/main.o
 .debug_macro   0x0001a95c       0x1c ./Core/Src/main.o
 .debug_macro   0x0001a978       0x16 ./Core/Src/main.o
 .debug_macro   0x0001a98e      0x146 ./Core/Src/main.o
 .debug_macro   0x0001aad4       0x22 ./Core/Src/main.o
 .debug_macro   0x0001aaf6      0x283 ./Core/Src/main.o
 .debug_macro   0x0001ad79       0x52 ./Core/Src/main.o
 .debug_macro   0x0001adcb       0x1c ./Core/Src/main.o
 .debug_macro   0x0001ade7      0x13f ./Core/Src/main.o
 .debug_macro   0x0001af26      0x22d ./Core/Src/stm32wlxx_hal_msp.o
 .debug_macro   0x0001b153      0x237 ./Core/Src/stm32wlxx_it.o
 .debug_macro   0x0001b38a      0x237 ./Core/Src/subghz.o
 .debug_macro   0x0001b5c1      0x112 ./Core/Src/sysmem.o
 .debug_macro   0x0001b6d3      0x23c ./Core/Src/sysmem.o
 .debug_macro   0x0001b90f      0x21e ./Core/Src/system_stm32wlxx.o
 .debug_macro   0x0001bb2d      0x237 ./Core/Src/usart.o
 .debug_macro   0x0001bd64      0x245 ./Drivers/BSP/STM32WLxx_Nucleo/stm32wlxx_nucleo.o
 .debug_macro   0x0001bfa9       0x16 ./Drivers/BSP/STM32WLxx_Nucleo/stm32wlxx_nucleo.o
 .debug_macro   0x0001bfbf      0x245 ./Drivers/BSP/STM32WLxx_Nucleo/stm32wlxx_nucleo_radio.o
 .debug_macro   0x0001c204       0xb8 ./Drivers/BSP/STM32WLxx_Nucleo/stm32wlxx_nucleo_radio.o
 .debug_macro   0x0001c2bc      0x272 ./Drivers/Radio/radio_board_if.o
 .debug_macro   0x0001c52e       0x10 ./Drivers/Radio/radio_board_if.o
 .debug_macro   0x0001c53e       0x5e ./Drivers/Radio/radio_board_if.o
 .debug_macro   0x0001c59c      0x145 ./Drivers/Radio/radio_board_if.o
 .debug_macro   0x0001c6e1       0x16 ./Drivers/Radio/radio_board_if.o
 .debug_macro   0x0001c6f7      0x3b8 ./Drivers/Radio/radio_driver.o
 .debug_macro   0x0001caaf       0x16 ./Drivers/Radio/radio_driver.o
 .debug_macro   0x0001cac5       0x1c ./Drivers/Radio/radio_driver.o
 .debug_macro   0x0001cae1       0x16 ./Drivers/Radio/radio_driver.o
 .debug_macro   0x0001caf7       0x16 ./Drivers/Radio/radio_driver.o
 .debug_macro   0x0001cb0d       0x16 ./Drivers/Radio/radio_driver.o
 .debug_macro   0x0001cb23       0xf4 ./Drivers/Radio/radio_driver.o
 .debug_macro   0x0001cc17       0x62 ./Drivers/Radio/radio_driver.o
 .debug_macro   0x0001cc79      0x289 ./Drivers/Radio/radio_driver.o
 .debug_macro   0x0001cf02      0x242 ./Drivers/STM32WLxx_HAL_Driver/Src/stm32wlxx_hal.o
 .debug_macro   0x0001d144      0x21e ./Drivers/STM32WLxx_HAL_Driver/Src/stm32wlxx_hal_cortex.o