../Drivers/STM32WLxx_HAL_Driver/Inc/stm32wlxx_ll_bus.h:449:22:LL_AHB2_GRP1_EnableClock	24	static
../Core/Src/main.c:73:5:main	56	static
../Core/Src/main.c:310:6:SystemClock_Config	112	static
../Core/Src/main.c:353:13:MX_SUBGHZ_Init	8	static
../Core/Src/main.c:379:13:MX_USART1_UART_Init	8	static
../Core/Src/main.c:427:13:MX_GPIO_Init	8	static
../Core/Src/main.c:442:6:uint8_to_bits	24	static
../Core/Src/main.c:449:6:reset_uart_buff	16	static
../Core/Src/main.c:462:6:Error_Handler	4	static,ignoring_inline_asm
