../Drivers/STM32WLxx_HAL_Driver/Inc/stm32wlxx_ll_rcc.h:1257:22:LL_RCC_LSE_SetDriveCapability	16	static
../Core/Src/main.c:89:6:OnTxDone	4	static
../Core/Src/main.c:96:6:OnRxDone	32	static
../Core/Src/main.c:107:6:OnTxTimeout	4	static
../Core/Src/main.c:114:6:OnRxTimeout	4	static
../Core/Src/main.c:121:6:OnRxError	4	static
../Core/Src/main.c:127:6:RadioInit	56	static
../Core/Src/main.c:157:5:main	8	static
../Core/Src/main.c:208:6:SystemClock_Config	112	static
../Core/Src/main.c:264:6:HAL_TIM_PeriodElapsedCallback	16	static
../Core/Src/main.c:282:6:Error_Handler	4	static,ignoring_inline_asm
