../SubGHz_Phy/App/subghz_phy_app.c:156:6:SubghzApp_Init	56	static
../SubGHz_Phy/App/subghz_phy_app.c:252:13:OnTxDone	4	static
../SubGHz_Phy/App/subghz_phy_app.c:263:13:OnRxDone	32	static
../SubGHz_Phy/App/subghz_phy_app.c:304:13:OnTxTimeout	4	static
../SubGHz_Phy/App/subghz_phy_app.c:315:13:OnRxTimeout	4	static
../SubGHz_Phy/App/subghz_phy_app.c:326:13:OnRxError	4	static
../SubGHz_Phy/App/subghz_phy_app.c:338:13:PingPong_Process	8	static
../SubGHz_Phy/App/subghz_phy_app.c:446:13:OnledEvent	16	static
