16:14:02 **** Incremental Build of configuration Debug for project Load_Balancer ****
make -j12 all 
arm-none-eabi-gcc "../Core/Src/app_freertos.c" -mcpu=cortex-m4 -std=gnu11 -g3 -DDEBUG -DCORE_CM4 -DUSE_HAL_DRIVER -DSTM32WLE5xx -c -I../Core/Inc -I../SubGHz_Phy/App -I../SubGHz_Phy/Target -I../Utilities/trace/adv_trace -I../Drivers/STM32WLxx_HAL_Driver/Inc -I../Drivers/STM32WLxx_HAL_Driver/Inc/Legacy -I../Utilities/misc -I../Utilities/timer -I../Utilities/lpm/tiny_lpm -I../Drivers/CMSIS/Device/ST/STM32WLxx/Include -I../Middlewares/Third_Party/SubGHz_Phy -I../Middlewares/Third_Party/SubGHz_Phy/stm32_radio_driver -I../Drivers/CMSIS/Include -I../Middlewares/Third_Party/FreeRTOS/Source/include -I../Middlewares/Third_Party/FreeRTOS/Source/CMSIS_RTOS_V2 -I../Middlewares/Third_Party/FreeRTOS/Source/portable/GCC/ARM_CM3 -Os -ffunction-sections -fdata-sections -Wall -fstack-usage -fcyclomatic-complexity -MMD -MP -MF"Core/Src/app_freertos.d" -MT"Core/Src/app_freertos.o" --specs=nano.specs -mfloat-abi=soft -mthumb -o "Core/Src/app_freertos.o"
arm-none-eabi-gcc -o "Load_Balancer.elf" @"objects.list"   -mcpu=cortex-m4 -T"D:\Projects\LoRa_SOM\RAK3172\Load_Balancer\STM32WLE5CCUX_FLASH.ld" --specs=nosys.specs -Wl,-Map="Load_Balancer.map" -Wl,--gc-sections -static -u _printf_float --specs=nano.specs -mfloat-abi=soft -mthumb -Wl,--start-group -lc -lm -Wl,--end-group
Finished building target: Load_Balancer.elf
 
arm-none-eabi-size  Load_Balancer.elf 
arm-none-eabi-objdump -h -S Load_Balancer.elf  > "Load_Balancer.list"
arm-none-eabi-objcopy  -O binary Load_Balancer.elf  "Load_Balancer.bin"
   text	   data	    bss	    dec	    hex	filename
  66576	    596	  39544	 106716	  1a0dc	Load_Balancer.elf
Finished building: default.size.stdout
 
Finished building: Load_Balancer.bin
 
Finished building: Load_Balancer.list
 

16:14:04 Build Finished. 0 errors, 0 warnings. (took 2s.262ms)

