21:20:15 **** Incremental Build of configuration Debug for project rak_lora_test6 ****
make -j8 all 
arm-none-eabi-gcc "../Core/Src/main.c" -mcpu=cortex-m4 -std=gnu11 -g3 -DDEBUG -DCORE_CM4 -DUSE_HAL_DRIVER -DSTM32WLE5xx -c -I../Core/Inc -I../Drivers/STM32WLxx_HAL_Driver/Inc -I../Drivers/STM32WLxx_HAL_Driver/Inc/Legacy -I../Drivers/CMSIS/Device/ST/STM32WLxx/Include -I../Drivers/CMSIS/Include -I../SubGHz_Phy/App -I../SubGHz_Phy/Target -I../Utilities/trace/adv_trace -I../Utilities/misc -I../Utilities/sequencer -I../Utilities/timer -I../Utilities/lpm/tiny_lpm -I../Middlewares/Third_Party/SubGHz_Phy -I../Middlewares/Third_Party/SubGHz_Phy/stm32_radio_driver -O0 -ffunction-sections -fdata-sections -Wall -fstack-usage -fcyclomatic-complexity -MMD -MP -MF"Core/Src/main.d" -MT"Core/Src/main.o" --specs=nano.specs -mfloat-abi=soft -mthumb -o "Core/Src/main.o"
arm-none-eabi-gcc "../Core/Src/usart.c" -mcpu=cortex-m4 -std=gnu11 -g3 -DDEBUG -DCORE_CM4 -DUSE_HAL_DRIVER -DSTM32WLE5xx -c -I../Core/Inc -I../Drivers/STM32WLxx_HAL_Driver/Inc -I../Drivers/STM32WLxx_HAL_Driver/Inc/Legacy -I../Drivers/CMSIS/Device/ST/STM32WLxx/Include -I../Drivers/CMSIS/Include -I../SubGHz_Phy/App -I../SubGHz_Phy/Target -I../Utilities/trace/adv_trace -I../Utilities/misc -I../Utilities/sequencer -I../Utilities/timer -I../Utilities/lpm/tiny_lpm -I../Middlewares/Third_Party/SubGHz_Phy -I../Middlewares/Third_Party/SubGHz_Phy/stm32_radio_driver -O0 -ffunction-sections -fdata-sections -Wall -fstack-usage -fcyclomatic-complexity -MMD -MP -MF"Core/Src/usart.d" -MT"Core/Src/usart.o" --specs=nano.specs -mfloat-abi=soft -mthumb -o "Core/Src/usart.o"
arm-none-eabi-gcc -o "rak_lora_test6.elf" @"objects.list"   -mcpu=cortex-m4 -T"D:\Projects\LoRa_SOM\RAK3172\rak_lora_test6\STM32WLE5CCUX_FLASH.ld" --specs=nosys.specs -Wl,-Map="rak_lora_test6.map" -Wl,--gc-sections -static --specs=nano.specs -mfloat-abi=soft -mthumb -Wl,--start-group -lc -lm -Wl,--end-group
Finished building target: rak_lora_test6.elf
 
arm-none-eabi-size  rak_lora_test6.elf 
arm-none-eabi-objdump -h -S rak_lora_test6.elf  > "rak_lora_test6.list"
   text	   data	    bss	    dec	    hex	filename
  48308	     20	   3188	  51516	   c93c	rak_lora_test6.elf
Finished building: default.size.stdout
 
Finished building: rak_lora_test6.list
 

21:20:17 Build Finished. 0 errors, 0 warnings. (took 2s.66ms)

