Archive member included to satisfy reference by file (symbol)

C:/ST/STM32CubeIDE_1.16.0/STM32CubeIDE/plugins/com.st.stm32cube.ide.mcu.externaltools.gnu-tools-for-stm32.13.3.rel1.win32_1.0.0.202411081344/tools/bin/../lib/gcc/arm-none-eabi/13.3.1/../../../../arm-none-eabi/lib/thumb/v7e-m/nofp\libc_nano.a(libc_a-exit.o)
                              C:/ST/STM32CubeIDE_1.16.0/STM32CubeIDE/plugins/com.st.stm32cube.ide.mcu.externaltools.gnu-tools-for-stm32.13.3.rel1.win32_1.0.0.202411081344/tools/bin/../lib/gcc/arm-none-eabi/13.3.1/../../../../arm-none-eabi/lib/thumb/v7e-m/nofp/crt0.o (exit)
C:/ST/STM32CubeIDE_1.16.0/STM32CubeIDE/plugins/com.st.stm32cube.ide.mcu.externaltools.gnu-tools-for-stm32.13.3.rel1.win32_1.0.0.202411081344/tools/bin/../lib/gcc/arm-none-eabi/13.3.1/../../../../arm-none-eabi/lib/thumb/v7e-m/nofp\libc_nano.a(libc_a-findfp.o)
                              C:/ST/STM32CubeIDE_1.16.0/STM32CubeIDE/plugins/com.st.stm32cube.ide.mcu.externaltools.gnu-tools-for-stm32.13.3.rel1.win32_1.0.0.202411081344/tools/bin/../lib/gcc/arm-none-eabi/13.3.1/../../../../arm-none-eabi/lib/thumb/v7e-m/nofp\libc_nano.a(libc_a-exit.o) (__stdio_exit_handler)
C:/ST/STM32CubeIDE_1.16.0/STM32CubeIDE/plugins/com.st.stm32cube.ide.mcu.externaltools.gnu-tools-for-stm32.13.3.rel1.win32_1.0.0.202411081344/tools/bin/../lib/gcc/arm-none-eabi/13.3.1/../../../../arm-none-eabi/lib/thumb/v7e-m/nofp\libc_nano.a(libc_a-fwalk.o)
                              C:/ST/STM32CubeIDE_1.16.0/STM32CubeIDE/plugins/com.st.stm32cube.ide.mcu.externaltools.gnu-tools-for-stm32.13.3.rel1.win32_1.0.0.202411081344/tools/bin/../lib/gcc/arm-none-eabi/13.3.1/../../../../arm-none-eabi/lib/thumb/v7e-m/nofp\libc_nano.a(libc_a-findfp.o) (_fwalk_sglue)
C:/ST/STM32CubeIDE_1.16.0/STM32CubeIDE/plugins/com.st.stm32cube.ide.mcu.externaltools.gnu-tools-for-stm32.13.3.rel1.win32_1.0.0.202411081344/tools/bin/../lib/gcc/arm-none-eabi/13.3.1/../../../../arm-none-eabi/lib/thumb/v7e-m/nofp\libc_nano.a(libc_a-stdio.o)
                              C:/ST/STM32CubeIDE_1.16.0/STM32CubeIDE/plugins/com.st.stm32cube.ide.mcu.externaltools.gnu-tools-for-stm32.13.3.rel1.win32_1.0.0.202411081344/tools/bin/../lib/gcc/arm-none-eabi/13.3.1/../../../../arm-none-eabi/lib/thumb/v7e-m/nofp\libc_nano.a(libc_a-findfp.o) (__sread)
C:/ST/STM32CubeIDE_1.16.0/STM32CubeIDE/plugins/com.st.stm32cube.ide.mcu.externaltools.gnu-tools-for-stm32.13.3.rel1.win32_1.0.0.202411081344/tools/bin/../lib/gcc/arm-none-eabi/13.3.1/../../../../arm-none-eabi/lib/thumb/v7e-m/nofp\libc_nano.a(libc_a-memset.o)
                              C:/ST/STM32CubeIDE_1.16.0/STM32CubeIDE/plugins/com.st.stm32cube.ide.mcu.externaltools.gnu-tools-for-stm32.13.3.rel1.win32_1.0.0.202411081344/tools/bin/../lib/gcc/arm-none-eabi/13.3.1/../../../../arm-none-eabi/lib/thumb/v7e-m/nofp/crt0.o (memset)
C:/ST/STM32CubeIDE_1.16.0/STM32CubeIDE/plugins/com.st.stm32cube.ide.mcu.externaltools.gnu-tools-for-stm32.13.3.rel1.win32_1.0.0.202411081344/tools/bin/../lib/gcc/arm-none-eabi/13.3.1/../../../../arm-none-eabi/lib/thumb/v7e-m/nofp\libc_nano.a(libc_a-closer.o)
                              C:/ST/STM32CubeIDE_1.16.0/STM32CubeIDE/plugins/com.st.stm32cube.ide.mcu.externaltools.gnu-tools-for-stm32.13.3.rel1.win32_1.0.0.202411081344/tools/bin/../lib/gcc/arm-none-eabi/13.3.1/../../../../arm-none-eabi/lib/thumb/v7e-m/nofp\libc_nano.a(libc_a-stdio.o) (_close_r)
C:/ST/STM32CubeIDE_1.16.0/STM32CubeIDE/plugins/com.st.stm32cube.ide.mcu.externaltools.gnu-tools-for-stm32.13.3.rel1.win32_1.0.0.202411081344/tools/bin/../lib/gcc/arm-none-eabi/13.3.1/../../../../arm-none-eabi/lib/thumb/v7e-m/nofp\libc_nano.a(libc_a-reent.o)
                              C:/ST/STM32CubeIDE_1.16.0/STM32CubeIDE/plugins/com.st.stm32cube.ide.mcu.externaltools.gnu-tools-for-stm32.13.3.rel1.win32_1.0.0.202411081344/tools/bin/../lib/gcc/arm-none-eabi/13.3.1/../../../../arm-none-eabi/lib/thumb/v7e-m/nofp\libc_nano.a(libc_a-closer.o) (errno)
C:/ST/STM32CubeIDE_1.16.0/STM32CubeIDE/plugins/com.st.stm32cube.ide.mcu.externaltools.gnu-tools-for-stm32.13.3.rel1.win32_1.0.0.202411081344/tools/bin/../lib/gcc/arm-none-eabi/13.3.1/../../../../arm-none-eabi/lib/thumb/v7e-m/nofp\libc_nano.a(libc_a-impure.o)
                              C:/ST/STM32CubeIDE_1.16.0/STM32CubeIDE/plugins/com.st.stm32cube.ide.mcu.externaltools.gnu-tools-for-stm32.13.3.rel1.win32_1.0.0.202411081344/tools/bin/../lib/gcc/arm-none-eabi/13.3.1/../../../../arm-none-eabi/lib/thumb/v7e-m/nofp\libc_nano.a(libc_a-reent.o) (_impure_ptr)
C:/ST/STM32CubeIDE_1.16.0/STM32CubeIDE/plugins/com.st.stm32cube.ide.mcu.externaltools.gnu-tools-for-stm32.13.3.rel1.win32_1.0.0.202411081344/tools/bin/../lib/gcc/arm-none-eabi/13.3.1/../../../../arm-none-eabi/lib/thumb/v7e-m/nofp\libc_nano.a(libc_a-lseekr.o)
[...]
Memory Configuration

Name             Origin             Length             Attributes
RAM              0x20000000         0x00010000         xrw
RAM2             0x10000000         0x00008000         xrw
FLASH            0x08000000         0x00040000         xr
*default*        0x00000000         0xffffffff

Linker script and memory map

LOAD C:/ST/STM32CubeIDE_1.16.0/STM32CubeIDE/plugins/com.st.stm32cube.ide.mcu.externaltools.gnu-tools-for-stm32.13.3.rel1.win32_1.0.0.202411081344/tools/bin/../lib/gcc/arm-none-eabi/13.3.1/thumb/v7e-m/nofp/crti.o
LOAD C:/ST/STM32CubeIDE_1.16.0/STM32CubeIDE/plugins/com.st.stm32cube.ide.mcu.externaltools.gnu-tools-for-stm32.13.3.rel1.win32_1.0.0.202411081344/tools/bin/../lib/gcc/arm-none-eabi/13.3.1/thumb/v7e-m/nofp/crtbegin.o
LOAD C:/ST/STM32CubeIDE_1.16.0/STM32CubeIDE/plugins/com.st.stm32cube.ide.mcu.externaltools.gnu-tools-for-stm32.13.3.rel1.win32_1.0.0.202411081344/tools/bin/../lib/gcc/arm-none-eabi/13.3.1/../../../../arm-none-eabi/lib/thumb/v7e-m/nofp/crt0.o
LOAD ./Core/Src/dma.o
LOAD ./Core/Src/gpio.o
LOAD ./Core/Src/main.o
LOAD ./Core/Src/rak3172LoRa.o
LOAD ./Core/Src/rtc.o
LOAD ./Core/Src/stm32_lpm_if.o
LOAD ./Core/Src/stm32wlxx_hal_msp.o
LOAD ./Core/Src/stm32wlxx_it.o
LOAD ./Core/Src/stm32wlxx_nucleo.o
LOAD ./Core/Src/stm32wlxx_nucleo_radio.o
LOAD ./Core/Src/subghz.o
LOAD ./Core/Src/sys_app.o
LOAD ./Core/Src/sys_debug.o
LOAD ./Core/Src/syscalls.o
LOAD ./Core/Src/sysmem.o
LOAD ./Core/Src/system_stm32wlxx.o
LOAD ./Core/Src/timer_if.o
LOAD ./Core/Src/usart.o
LOAD ./Core/Src/usart_if.o
LOAD ./Core/Startup/startup_stm32wle5ccux.o
LOAD ./Drivers/STM32WLxx_HAL_Driver/Src/stm32wlxx_hal.o
LOAD ./Drivers/STM32WLxx_HAL_Driver/Src/stm32wlxx_hal_cortex.o
LOAD ./Drivers/STM32WLxx_HAL_Driver/Src/stm32wlxx_hal_dma.o
LOAD ./Drivers/STM32WLxx_HAL_Driver/Src/stm32wlxx_hal_dma_ex.o
LOAD ./Drivers/STM32WLxx_HAL_Driver/Src/stm32wlxx_hal_exti.o
LOAD ./Drivers/STM32WLxx_HAL_Driver/Src/stm32wlxx_hal_flash.o
LOAD ./Drivers/STM32WLxx_HAL_Driver/Src/stm32wlxx_hal_flash_ex.o
LOAD ./Drivers/STM32WLxx_HAL_Driver/Src/stm32wlxx_hal_gpio.o
LOAD ./Drivers/STM32WLxx_HAL_Driver/Src/stm32wlxx_hal_pwr.o
LOAD ./Drivers/STM32WLxx_HAL_Driver/Src/stm32wlxx_hal_pwr_ex.o
LOAD ./Drivers/STM32WLxx_HAL_Driver/Src/stm32wlxx_hal_rcc.o
LOAD ./Drivers/STM32WLxx_HAL_Driver/Src/stm32wlxx_hal_rcc_ex.o
LOAD ./Drivers/STM32WLxx_HAL_Driver/Src/stm32wlxx_hal_rtc.o
LOAD ./Drivers/STM32WLxx_HAL_Driver/Src/stm32wlxx_hal_rtc_ex.o
LOAD ./Drivers/STM32WLxx_HAL_Driver/Src/stm32wlxx_hal_subghz.o
LOAD ./Drivers/STM32WLxx_HAL_Driver/Src/stm32wlxx_hal_uart.o
LOAD ./Drivers/STM32WLxx_HAL_Driver/Src/stm32wlxx_hal_uart_ex.o
LOAD ./Middlewares/Third_Party/SubGHz_Phy/stm32_radio_driver/lr_fhss_mac.o
LOAD ./Middlewares/Third_Party/SubGHz_Phy/stm32_radio_driver/radio.o
LOAD ./Middlewares/Third_Party/SubGHz_Phy/stm32_radio_driver/radio_driver.o
LOAD ./Middlewares/Third_Party/SubGHz_Phy/stm32_radio_driver/radio_fw.o
LOAD ./Middlewares/Third_Party/SubGHz_Phy/stm32_radio_driver/wl_lr_fhss.o
LOAD ./SubGHz_Phy/App/app_subghz_phy.o
LOAD ./SubGHz_Phy/App/subghz_phy_app.o
LOAD ./SubGHz_Phy/Target/radio_board_if.o
LOAD ./Utilities/lpm/tiny_lpm/stm32_lpm.o
LOAD ./Utilities/misc/stm32_mem.o
LOAD ./Utilities/misc/stm32_systime.o
LOAD ./Utilities/misc/stm32_tiny_sscanf.o
LOAD ./Utilities/misc/stm32_tiny_vsnprintf.o
LOAD ./Utilities/sequencer/stm32_seq.o
LOAD ./Utilities/timer/stm32_timer.o
LOAD ./Utilities/trace/adv_trace/stm32_adv_trace.o
START GROUP
LOAD C:/ST/STM32CubeIDE_1.16.0/STM32CubeIDE/plugins/com.st.stm32cube.ide.mcu.externaltools.gnu-tools-for-stm32.13.3.rel1.win32_1.0.0.202411081344/tools/bin/../lib/gcc/arm-none-eabi/13.3.1/../../../../arm-none-eabi/lib/thumb/v7e-m/nofp\libc_nano.a
LOAD C:/ST/STM32CubeIDE_1.16.0/STM32CubeIDE/plugins/com.st.stm32cube.ide.mcu.externaltools.gnu-tools-for-stm32.13.3.rel1.win32_1.0.0.202411081344/tools/bin/../lib/gcc/arm-none-eabi/13.3.1/../../../../arm-none-eabi/lib/thumb/v7e-m/nofp\libm.a
END GROUP
START GROUP
LOAD C:/ST/STM32CubeIDE_1.16.0/STM32CubeIDE/plugins/com.st.stm32cube.ide.mcu.externaltools.gnu-tools-for-stm32.13.3.rel1.win32_1.0.0.202411081344/tools/bin/../lib/gcc/arm-none-eabi/13.3.1/thumb/v7e-m/nofp\libgcc.a
LOAD C:/ST/STM32CubeIDE_1.16.0/STM32CubeIDE/plugins/com.st.stm32cube.ide.mcu.externaltools.gnu-tools-for-stm32.13.3.rel1.win32_1.0.0.202411081344/tools/bin/../lib/gcc/arm-none-eabi/13.3.1/../../../../arm-none-eabi/lib/thumb/v7e-m/nofp\libc_nano.a
END GROUP
START GROUP
LOAD C:/ST/STM32CubeIDE_1.16.0/STM32CubeIDE/plugins/com.st.stm32cube.ide.mcu.externaltools.gnu-tools-for-stm32.13.3.rel1.win32_1.0.0.202411081344/tools/bin/../lib/gcc/arm-none-eabi/13.3.1/thumb/v7e-m/nofp\libgcc.a
LOAD C:/ST/STM32CubeIDE_1.16.0/STM32CubeIDE/plugins/com.st.stm32cube.ide.mcu.externaltools.gnu-tools-for-stm32.13.3.rel1.win32_1.0.0.202411081344/tools/bin/../lib/gcc/arm-none-eabi/13.3.1/../../../../arm-none-eabi/lib/thumb/v7e-m/nofp\libc_nano.a
LOAD C:/ST/STM32CubeIDE_1.16.0/STM32CubeIDE/plugins/com.st.stm32cube.ide.mcu.externaltools.gnu-tools-for-stm32.13.3.rel1.win32_1.0.0.202411081344/tools/bin/../lib/gcc/arm-none-eabi/13.3.1/../../../../arm-none-eabi/lib/thumb/v7e-m/nofp\libnosys.a
END GROUP
START GROUP
LOAD C:/ST/STM32CubeIDE_1.16.0/STM32CubeIDE/plugins/com.st.stm32cube.ide.mcu.externaltools.gnu-tools-for-stm32.13.3.rel1.win32_1.0.0.202411081344/tools/bin/../lib/gcc/arm-none-eabi/13.3.1/thumb/v7e-m/nofp\libgcc.a
LOAD C:/ST/STM32CubeIDE_1.16.0/STM32CubeIDE/plugins/com.st.stm32cube.ide.mcu.externaltools.gnu-tools-for-stm32.13.3.rel1.win32_1.0.0.202411081344/tools/bin/../lib/gcc/arm-none-eabi/13.3.1/../../../../arm-none-eabi/lib/thumb/v7e-m/nofp\libc_nano.a
LOAD C:/ST/STM32CubeIDE_1.16.0/STM32CubeIDE/plugins/com.st.stm32cube.ide.mcu.externaltools.gnu-tools-for-stm32.13.3.rel1.win32_1.0.0.202411081344/tools/bin/../lib/gcc/arm-none-eabi/13.3.1/../../../../arm-none-eabi/lib/thumb/v7e-m/nofp\libnosys.a
END GROUP
LOAD C:/ST/STM32CubeIDE_1.16.0/STM32CubeIDE/plugins/com.st.stm32cube.ide.mcu.externaltools.gnu-tools-for-stm32.13.3.rel1.win32_1.0.0.202411081344/tools/bin/../lib/gcc/arm-none-eabi/13.3.1/thumb/v7e-m/nofp/crtend.o
LOAD C:/ST/STM32CubeIDE_1.16.0/STM32CubeIDE/plugins/com.st.stm32cube.ide.mcu.externaltools.gnu-tools-for-stm32.13.3.rel1.win32_1.0.0.202411081344/tools/bin/../lib/gcc/arm-none-eabi/13.3.1/thumb/v7e-m/nofp/crtn.o
                0x20010000                        _estack = (ORIGIN (RAM) + LENGTH (RAM))
                0x00000200                        _Min_Heap_Size = 0x200
                0x00000400                        _Min_Stack_Size = 0x400

.isr_vector     0x08000000      0x138
                0x08000000                        . = ALIGN (0x4)
 *(.isr_vector)
 .isr_vector    0x08000000      0x138 ./Core/Startup/startup_stm32wle5ccux.o
                0x08000000                g_pfnVectors
                0x08000138                        . = ALIGN (0x4)

.text           0x08000138     0xb818
                0x08000138                        . = ALIGN (0x4)
 *(.text)
 .text          0x08000138       0x40 C:/ST/STM32CubeIDE_1.16.0/STM32CubeIDE/plugins/com.st.stm32cube.ide.mcu.externaltools.gnu-tools-for-stm32.13.3.rel1.win32_1.0.0.202411081344/tools/bin/../lib/gcc/arm-none-eabi/13.3.1/thumb/v7e-m/nofp/crtbegin.o
 .text          0x08000178       0x10 C:/ST/STM32CubeIDE_1.16.0/STM32CubeIDE/plugins/com.st.stm32cube.ide.mcu.externaltools.gnu-tools-for-stm32.13.3.rel1.win32_1.0.0.202411081344/tools/bin/../lib/gcc/arm-none-eabi/13.3.1/../../../../arm-none-eabi/lib/thumb/v7e-m/nofp\libc_nano.a(libc_a-strlen.o)
                0x08000178                strlen
 .text          0x08000188       0x30 C:/ST/STM32CubeIDE_1.16.0/STM32CubeIDE/plugins/com.st.stm32cube.ide.mcu.externaltools.gnu-tools-for-stm32.13.3.rel1.win32_1.0.0.202411081344/tools/bin/../lib/gcc/arm-none-eabi/13.3.1/thumb/v7e-m/nofp\libgcc.a(_aeabi_uldivmod.o)
                0x08000188                __aeabi_uldivmod
 .text          0x080001b8      0x2f8 C:/ST/STM32CubeIDE_1.16.0/STM32CubeIDE/plugins/com.st.stm32cube.ide.mcu.externaltools.gnu-tools-for-stm32.13.3.rel1.win32_1.0.0.202411081344/tools/bin/../lib/gcc/arm-none-eabi/13.3.1/thumb/v7e-m/nofp\libgcc.a(_udivmoddi4.o)
                0x080001b8                __udivmoddi4
 .text          0x080004b0        0x4 C:/ST/STM32CubeIDE_1.16.0/STM32CubeIDE/plugins/com.st.stm32cube.ide.mcu.externaltools.gnu-tools-for-stm32.13.3.rel1.win32_1.0.0.202411081344/tools/bin/../lib/gcc/arm-none-eabi/13.3.1/thumb/v7e-m/nofp\libgcc.a(_dvmd_tls.o)
                0x080004b0                __aeabi_idiv0
                0x080004b0                __aeabi_ldiv0
 *(.text*)
 .text.LL_AHB1_GRP1_EnableClock
                0x080004b4       0x30 ./Core/Src/dma.o
 .text.MX_DMA_Init
                0x080004e4       0x24 ./Core/Src/dma.o
                0x080004e4                MX_DMA_Init
 .text.LL_AHB2_GRP1_EnableClock
                0x08000508       0x30 ./Core/Src/gpio.o
 .text.MX_GPIO_Init
                0x08000538       0xd8 ./Core/Src/gpio.o
                0x08000538                MX_GPIO_Init
 .text.LL_RCC_LSE_SetDriveCapability
                0x08000610       0x2a ./Core/Src/main.o
 *fill*         0x0800063a        0x2 
 .text.main     0x0800063c       0x30 ./Core/Src/main.o
                0x0800063c                main
 .text.SystemClock_Config
                0x0800066c       0xb4 ./Core/Src/main.o
                0x0800066c                SystemClock_Config
 .text.Error_Handler
                0x08000720        0xc ./Core/Src/main.o
                0x08000720                Error_Handler
 .text.OnTxDone
                0x0800072c       0x18 ./Core/Src/rak3172LoRa.o
                0x0800072c                OnTxDone
 .text.OnRxDone
                0x08000744       0x44 ./Core/Src/rak3172LoRa.o
                0x08000744                OnRxDone
 .text.OnTxTimeout
                0x08000788       0x18 ./Core/Src/rak3172LoRa.o
                0x08000788                OnTxTimeout
 .text.OnRxTimeout
                0x080007a0       0x18 ./Core/Src/rak3172LoRa.o
                0x080007a0                OnRxTimeout
 .text.OnRxError
                0x080007b8       0x18 ./Core/Src/rak3172LoRa.o
                0x080007b8                OnRxError
 .text.RadioInit
                0x080007d0       0xd0 ./Core/Src/rak3172LoRa.o
                0x080007d0                RadioInit
 .text.LL_RCC_EnableRTC
                0x080008a0       0x20 ./Core/Src/rtc.o
 .text.LL_APB1_GRP1_EnableClock
                0x080008c0       0x30 ./Core/Src/rtc.o
 .text.MX_RTC_Init
                0x080008f0       0xa4 ./Core/Src/rtc.o
                0x080008f0                MX_RTC_Init
 .text.HAL_RTC_MspInit
                0x08000994       0x78 ./Core/Src/rtc.o
                0x08000994                HAL_RTC_MspInit
 .text.HAL_MspInit
                0x08000a0c        0xc ./Core/Src/stm32wlxx_hal_msp.o
                0x08000a0c                HAL_MspInit
 .text.NMI_Handler
                0x08000a18        0x8 ./Core/Src/stm32wlxx_it.o
                0x08000a18                NMI_Handler
 .text.HardFault_Handler
                0x08000a20        0x8 ./Core/Src/stm32wlxx_it.o
                0x08000a20                HardFault_Handler
 .text.MemManage_Handler
                0x08000a28        0x8 ./Core/Src/stm32wlxx_it.o
                0x08000a28                MemManage_Handler
 .text.BusFault_Handler
                0x08000a30        0x8 ./Core/Src/stm32wlxx_it.o
                0x08000a30                BusFault_Handler
 .text.UsageFault_Handler
                0x08000a38        0x8 ./Core/Src/stm32wlxx_it.o
                0x08000a38                UsageFault_Handler
 .text.SVC_Handler
                0x08000a40        0xc ./Core/Src/stm32wlxx_it.o
                0x08000a40                SVC_Handler
 .text.DebugMon_Handler
                0x08000a4c        0xc ./Core/Src/stm32wlxx_it.o
                0x08000a4c                DebugMon_Handler
 .text.PendSV_Handler
                0x08000a58        0xc ./Core/Src/stm32wlxx_it.o
                0x08000a58                PendSV_Handler
 .text.SysTick_Handler
                0x08000a64        0xc ./Core/Src/stm32wlxx_it.o
                0x08000a64                SysTick_Handler
 .text.TAMP_STAMP_LSECSS_SSRU_IRQHandler
                0x08000a70       0x14 ./Core/Src/stm32wlxx_it.o
                0x08000a70                TAMP_STAMP_LSECSS_SSRU_IRQHandler
 .text.DMA1_Channel1_IRQHandler
                0x08000a84       0x14 ./Core/Src/stm32wlxx_it.o
                0x08000a84                DMA1_Channel1_IRQHandler
 .text.USART2_IRQHandler
                0x08000a98       0x14 ./Core/Src/stm32wlxx_it.o
                0x08000a98                USART2_IRQHandler
 .text.RTC_Alarm_IRQHandler
                0x08000aac       0x14 ./Core/Src/stm32wlxx_it.o
                0x08000aac                RTC_Alarm_IRQHandler
 .text.SUBGHZ_Radio_IRQHandler
                0x08000ac0       0x14 ./Core/Src/stm32wlxx_it.o
                0x08000ac0                SUBGHZ_Radio_IRQHandler
 .text.LL_AHB2_GRP1_EnableClock
                0x08000ad4       0x30 ./Core/Src/stm32wlxx_nucleo_radio.o
 .text.BSP_RADIO_Init
                0x08000b04       0x88 ./Core/Src/stm32wlxx_nucleo_radio.o
                0x08000b04                BSP_RADIO_Init
 .text.BSP_RADIO_ConfigRFSwitch
                0x08000b8c       0xcc ./Core/Src/stm32wlxx_nucleo_radio.o
                0x08000b8c                BSP_RADIO_ConfigRFSwitch
 .text.BSP_RADIO_GetTxConfig
                0x08000c58        0xe ./Core/Src/stm32wlxx_nucleo_radio.o
                0x08000c58                BSP_RADIO_GetTxConfig
 .text.BSP_RADIO_IsTCXO
                0x08000c66        0xe ./Core/Src/stm32wlxx_nucleo_radio.o
                0x08000c66                BSP_RADIO_IsTCXO
 .text.BSP_RADIO_IsDCDC
                0x08000c74        0xe ./Core/Src/stm32wlxx_nucleo_radio.o
                0x08000c74                BSP_RADIO_IsDCDC
 .text.BSP_RADIO_GetRFOMaxPowerConfig
                0x08000c82       0x26 ./Core/Src/stm32wlxx_nucleo_radio.o
                0x08000c82                BSP_RADIO_GetRFOMaxPowerConfig
 .text.LL_APB3_GRP1_EnableClock
                0x08000ca8       0x30 ./Core/Src/subghz.o
 .text.MX_SUBGHZ_Init
                0x08000cd8       0x24 ./Core/Src/subghz.o
                0x08000cd8                MX_SUBGHZ_Init
 .text.HAL_SUBGHZ_MspInit
                0x08000cfc       0x26 ./Core/Src/subghz.o
                0x08000cfc                HAL_SUBGHZ_MspInit
 .text.LL_RCC_SetClkAfterWakeFromStop
                0x08000d22       0x26 ./Core/Src/sys_app.o
 .text.SystemApp_Init
                0x08000d48       0x40 ./Core/Src/sys_app.o
                0x08000d48                SystemApp_Init
 .text.TimestampNow
                0x08000d88       0x40 ./Core/Src/sys_app.o
 .text.UTIL_ADV_TRACE_PreSendHook
                0x08000dc8       0x10 ./Core/Src/sys_app.o
                0x08000dc8                UTIL_ADV_TRACE_PreSendHook
 .text.UTIL_ADV_TRACE_PostSendHook
                0x08000dd8       0x10 ./Core/Src/sys_app.o
                0x08000dd8                UTIL_ADV_TRACE_PostSendHook
 .text.tiny_snprintf_like
                0x08000de8       0x2c ./Core/Src/sys_app.o
 .text.HAL_InitTick
                0x08000e14       0x14 ./Core/Src/sys_app.o
                0x08000e14                HAL_InitTick
 .text.HAL_GetTick
                0x08000e28       0x28 ./Core/Src/sys_app.o
                0x08000e28                HAL_GetTick
 .text.HAL_Delay
                0x08000e50       0x18 ./Core/Src/sys_app.o
                0x08000e50                HAL_Delay
 .text.LL_EXTI_EnableIT_32_63
                0x08000e68       0x28 ./Core/Src/sys_debug.o
 .text.DBG_Init
                0x08000e90       0x1c ./Core/Src/sys_debug.o
                0x08000e90                DBG_Init
 .text.SystemInit
                0x08000eac        0xc ./Core/Src/system_stm32wlxx.o
                0x08000eac                SystemInit
 .text.LL_RTC_TIME_GetSubSecond
                0x08000eb8       0x16 ./Core/Src/timer_if.o
 *fill*         0x08000ece        0x2 
 .text.TIMER_IF_Init
                0x08000ed0       0x64 ./Core/Src/timer_if.o
                0x08000ed0                TIMER_IF_Init
 .text.TIMER_IF_StartTimer
                0x08000f34       0x70 ./Core/Src/timer_if.o
                0x08000f34                TIMER_IF_StartTimer
 .text.TIMER_IF_StopTimer
                0x08000fa4       0x34 ./Core/Src/timer_if.o
                0x08000fa4                TIMER_IF_StopTimer
 .text.TIMER_IF_SetTimerContext
                0x08000fd8       0x1c ./Core/Src/timer_if.o
                0x08000fd8                TIMER_IF_SetTimerContext
 .text.TIMER_IF_GetTimerContext
                0x08000ff4       0x14 ./Core/Src/timer_if.o
                0x08000ff4                TIMER_IF_GetTimerContext
 .text.TIMER_IF_GetTimerElapsedTime
                0x08001008       0x28 ./Core/Src/timer_if.o
                0x08001008                TIMER_IF_GetTimerElapsedTime
 .text.TIMER_IF_GetTimerValue
                0x08001030       0x28 ./Core/Src/timer_if.o
                0x08001030                TIMER_IF_GetTimerValue
 .text.TIMER_IF_GetMinimumTimeout
                0x08001058       0x1a ./Core/Src/timer_if.o
                0x08001058                TIMER_IF_GetMinimumTimeout
 .text.TIMER_IF_Convert_ms2Tick
                0x08001072       0x3a ./Core/Src/timer_if.o
                0x08001072                TIMER_IF_Convert_ms2Tick
 .text.TIMER_IF_Convert_Tick2ms
                0x080010ac       0x92 ./Core/Src/timer_if.o
                0x080010ac                TIMER_IF_Convert_Tick2ms
 .text.TIMER_IF_DelayMs
                0x0800113e       0x34 ./Core/Src/timer_if.o
                0x0800113e                TIMER_IF_DelayMs
 .text.HAL_RTC_AlarmAEventCallback
                0x08001172       0x14 ./Core/Src/timer_if.o
                0x08001172                HAL_RTC_AlarmAEventCallback
 .text.HAL_RTCEx_SSRUEventCallback
                0x08001186       0x20 ./Core/Src/timer_if.o
                0x08001186                HAL_RTCEx_SSRUEventCallback
 .text.TIMER_IF_GetTime
                0x080011a6       0x8e ./Core/Src/timer_if.o
                0x080011a6                TIMER_IF_GetTime
 .text.TIMER_IF_BkUp_Write_Seconds
                0x08001234       0x20 ./Core/Src/timer_if.o
                0x08001234                TIMER_IF_BkUp_Write_Seconds
 .text.TIMER_IF_BkUp_Write_SubSeconds
                0x08001254       0x20 ./Core/Src/timer_if.o
                0x08001254                TIMER_IF_BkUp_Write_SubSeconds
 .text.TIMER_IF_BkUp_Read_Seconds
                0x08001274       0x24 ./Core/Src/timer_if.o
                0x08001274                TIMER_IF_BkUp_Read_Seconds
 .text.TIMER_IF_BkUp_Read_SubSeconds
                0x08001298       0x24 ./Core/Src/timer_if.o
                0x08001298                TIMER_IF_BkUp_Read_SubSeconds
 .text.TIMER_IF_BkUp_Write_MSBticks
                0x080012bc       0x20 ./Core/Src/timer_if.o
 .text.TIMER_IF_BkUp_Read_MSBticks
                0x080012dc       0x20 ./Core/Src/timer_if.o
 .text.GetTimerTicks
                0x080012fc       0x38 ./Core/Src/timer_if.o
 .text.LL_AHB2_GRP1_EnableClock
                0x08001334       0x30 ./Core/Src/usart.o
 .text.LL_APB1_GRP1_EnableClock
                0x08001364       0x30 ./Core/Src/usart.o
 .text.LL_APB1_GRP1_DisableClock
                0x08001394       0x24 ./Core/Src/usart.o
 .text.MX_USART2_UART_Init
                0x080013b8       0x98 ./Core/Src/usart.o
                0x080013b8                MX_USART2_UART_Init
 .text.HAL_UART_MspInit
                0x08001450       0xf4 ./Core/Src/usart.o
                0x08001450                HAL_UART_MspInit
 .text.HAL_UART_MspDeInit
                0x08001544       0x40 ./Core/Src/usart.o
                0x08001544                HAL_UART_MspDeInit
 .text.LL_APB1_GRP1_ForceReset
                0x08001584       0x22 ./Core/Src/usart_if.o
 .text.LL_APB1_GRP1_ReleaseReset
                0x080015a6       0x24 ./Core/Src/usart_if.o
 *fill*         0x080015ca        0x2 
 .text.LL_EXTI_EnableIT_0_31
                0x080015cc       0x28 ./Core/Src/usart_if.o
 .text.vcom_Init
                0x080015f4       0x2c ./Core/Src/usart_if.o
                0x080015f4                vcom_Init
 .text.vcom_DeInit
                0x08001620       0x2c ./Core/Src/usart_if.o
                0x08001620                vcom_DeInit
 .text.vcom_Trace_DMA
                0x0800164c       0x28 ./Core/Src/usart_if.o
                0x0800164c                vcom_Trace_DMA
 .text.vcom_ReceiveInit
                0x08001674       0x7c ./Core/Src/usart_if.o
                0x08001674                vcom_ReceiveInit
 .text.HAL_UART_TxCpltCallback
                0x080016f0       0x2c ./Core/Src/usart_if.o
                0x080016f0                HAL_UART_TxCpltCallback
 .text.HAL_UART_RxCpltCallback
                0x0800171c       0x50 ./Core/Src/usart_if.o
                0x0800171c                HAL_UART_RxCpltCallback
 .text.Reset_Handler
                0x0800176c       0x50 ./Core/Startup/startup_stm32wle5ccux.o
                0x0800176c                Reset_Handler
 .text.Default_Handler
                0x080017bc        0x2 ./Core/Startup/startup_stm32wle5ccux.o
                0x080017bc                EXTI2_IRQHandler
                0x080017bc                TIM1_CC_IRQHandler
                0x080017bc                EXTI3_IRQHandler
                0x080017bc                LPTIM2_IRQHandler
                0x080017bc                I2C3_ER_IRQHandler
                0x080017bc                LPTIM3_IRQHandler
                0x080017bc                EXTI0_IRQHandler
                0x080017bc                I2C2_EV_IRQHandler
                0x080017bc                SPI1_IRQHandler
                0x080017bc                DMA2_Channel2_IRQHandler
                0x080017bc                DMA1_Channel4_IRQHandler
                0x080017bc                PKA_IRQHandler
                0x080017bc                TIM17_IRQHandler
                0x080017bc                DMA1_Channel7_IRQHandler
                0x080017bc                SUBGHZSPI_IRQHandler
                0x080017bc                DMA2_Channel1_IRQHandler
                0x080017bc                I2C1_EV_IRQHandler
                0x080017bc                DMAMUX1_OVR_IRQHandler
                0x080017bc                DMA1_Channel6_IRQHandler
                0x080017bc                TIM16_IRQHandler
                0x080017bc                DMA2_Channel4_IRQHandler
                0x080017bc                RCC_IRQHandler
                0x080017bc                TIM1_TRG_COM_IRQHandler
                0x080017bc                Default_Handler
                0x080017bc                DMA2_Channel7_IRQHandler
                0x080017bc                EXTI15_10_IRQHandler
                0x080017bc                ADC_IRQHandler
                0x080017bc                I2C3_EV_IRQHandler
                0x080017bc                EXTI9_5_IRQHandler
                0x080017bc                RTC_WKUP_IRQHandler
                0x080017bc                PVD_PVM_IRQHandler
                0x080017bc                SPI2_IRQHandler
                0x080017bc                DMA2_Channel5_IRQHandler
                0x080017bc                DMA1_Channel5_IRQHandler
                0x080017bc                EXTI4_IRQHandler
                0x080017bc                RNG_IRQHandler
                0x080017bc                DMA1_Channel3_IRQHandler
                0x080017bc                COMP_IRQHandler
                0x080017bc                HSEM_IRQHandler
                0x080017bc                TIM1_UP_IRQHandler
                0x080017bc                WWDG_IRQHandler
                0x080017bc                LPUART1_IRQHandler
                0x080017bc                DMA2_Channel6_IRQHandler
                0x080017bc                TIM2_IRQHandler
                0x080017bc                TIM1_BRK_IRQHandler
                0x080017bc                DAC_IRQHandler
                0x080017bc                EXTI1_IRQHandler
                0x080017bc                AES_IRQHandler
                0x080017bc                I2C2_ER_IRQHandler
                0x080017bc                DMA1_Channel2_IRQHandler
                0x080017bc                FLASH_IRQHandler
                0x080017bc                USART1_IRQHandler
                0x080017bc                I2C1_ER_IRQHandler
                0x080017bc                LPTIM1_IRQHandler
                0x080017bc                DMA2_Channel3_IRQHandler
 *fill*         0x080017be        0x2 
 .text.LL_DBGMCU_EnableDBGSleepMode
                0x080017c0       0x1c ./Drivers/STM32WLxx_HAL_Driver/Src/stm32wlxx_hal.o
 .text.LL_DBGMCU_EnableDBGStopMode
                0x080017dc       0x1c ./Drivers/STM32WLxx_HAL_Driver/Src/stm32wlxx_hal.o
 .text.LL_DBGMCU_EnableDBGStandbyMode
                0x080017f8       0x1c ./Drivers/STM32WLxx_HAL_Driver/Src/stm32wlxx_hal.o
 .text.HAL_Init
                0x08001814       0x40 ./Drivers/STM32WLxx_HAL_Driver/Src/stm32wlxx_hal.o
                0x08001814                HAL_Init
 .text.HAL_DBGMCU_EnableDBGSleepMode
                0x08001854        0xc ./Drivers/STM32WLxx_HAL_Driver/Src/stm32wlxx_hal.o
                0x08001854                HAL_DBGMCU_EnableDBGSleepMode
 .text.HAL_DBGMCU_EnableDBGStopMode
                0x08001860        0xc ./Drivers/STM32WLxx_HAL_Driver/Src/stm32wlxx_hal.o
                0x08001860                HAL_DBGMCU_EnableDBGStopMode
 .text.HAL_DBGMCU_EnableDBGStandbyMode
                0x0800186c        0xc ./Drivers/STM32WLxx_HAL_Driver/Src/stm32wlxx_hal.o
                0x0800186c                HAL_DBGMCU_EnableDBGStandbyMode
 .text.__NVIC_SetPriorityGrouping
                0x08001878       0x48 ./Drivers/STM32WLxx_HAL_Driver/Src/stm32wlxx_hal_cortex.o
 .text.__NVIC_GetPriorityGrouping
                0x080018c0       0x1c ./Drivers/STM32WLxx_HAL_Driver/Src/stm32wlxx_hal_cortex.o
 .text.__NVIC_EnableIRQ
                0x080018dc       0x38 ./Drivers/STM32WLxx_HAL_Driver/Src/stm32wlxx_hal_cortex.o
 .text.__NVIC_DisableIRQ
                0x08001914       0x48 ./Drivers/STM32WLxx_HAL_Driver/Src/stm32wlxx_hal_cortex.o
 .text.__NVIC_SetPriority
                0x0800195c       0x54 ./Drivers/STM32WLxx_HAL_Driver/Src/stm32wlxx_hal_cortex.o
 .text.NVIC_EncodePriority
                0x080019b0       0x64 ./Drivers/STM32WLxx_HAL_Driver/Src/stm32wlxx_hal_cortex.o
 .text.HAL_NVIC_SetPriorityGrouping
                0x08001a14       0x16 ./Drivers/STM32WLxx_HAL_Driver/Src/stm32wlxx_hal_cortex.o
                0x08001a14                HAL_NVIC_SetPriorityGrouping
 .text.HAL_NVIC_SetPriority
                0x08001a2a       0x34 ./Drivers/STM32WLxx_HAL_Driver/Src/stm32wlxx_hal_cortex.o
                0x08001a2a                HAL_NVIC_SetPriority
 .text.HAL_NVIC_EnableIRQ
                0x08001a5e       0x1c ./Drivers/STM32WLxx_HAL_Driver/Src/stm32wlxx_hal_cortex.o
                0x08001a5e                HAL_NVIC_EnableIRQ
 .text.HAL_NVIC_DisableIRQ
                0x08001a7a       0x1c ./Drivers/STM32WLxx_HAL_Driver/Src/stm32wlxx_hal_cortex.o
                0x08001a7a                HAL_NVIC_DisableIRQ
 *fill*         0x08001a96        0x2 
 .text.HAL_DMA_Init
                0x08001a98      0x150 ./Drivers/STM32WLxx_HAL_Driver/Src/stm32wlxx_hal_dma.o
                0x08001a98                HAL_DMA_Init
 .text.HAL_DMA_DeInit
                0x08001be8      0x12c ./Drivers/STM32WLxx_HAL_Driver/Src/stm32wlxx_hal_dma.o
                0x08001be8                HAL_DMA_DeInit
 .text.HAL_DMA_Start_IT
                0x08001d14       0xfc ./Drivers/STM32WLxx_HAL_Driver/Src/stm32wlxx_hal_dma.o
                0x08001d14                HAL_DMA_Start_IT
 .text.HAL_DMA_Abort
                0x08001e10       0xbc ./Drivers/STM32WLxx_HAL_Driver/Src/stm32wlxx_hal_dma.o
                0x08001e10                HAL_DMA_Abort
 .text.HAL_DMA_Abort_IT
                0x08001ecc       0xbe ./Drivers/STM32WLxx_HAL_Driver/Src/stm32wlxx_hal_dma.o
                0x08001ecc                HAL_DMA_Abort_IT
 *fill*         0x08001f8a        0x2 
 .text.HAL_DMA_IRQHandler
                0x08001f8c      0x18c ./Drivers/STM32WLxx_HAL_Driver/Src/stm32wlxx_hal_dma.o
                0x08001f8c                HAL_DMA_IRQHandler
 .text.DMA_SetConfig
                0x08002118       0x7a ./Drivers/STM32WLxx_HAL_Driver/Src/stm32wlxx_hal_dma.o
 *fill*         0x08002192        0x2 
 .text.DMA_CalcDMAMUXChannelBaseAndMask
                0x08002194       0x90 ./Drivers/STM32WLxx_HAL_Driver/Src/stm32wlxx_hal_dma.o
 .text.DMA_CalcDMAMUXRequestGenBaseAndMask
                0x08002224       0x48 ./Drivers/STM32WLxx_HAL_Driver/Src/stm32wlxx_hal_dma.o
 .text.HAL_GPIO_Init
                0x0800226c      0x2c0 ./Drivers/STM32WLxx_HAL_Driver/Src/stm32wlxx_hal_gpio.o
                0x0800226c                HAL_GPIO_Init
 .text.HAL_GPIO_DeInit
                0x0800252c      0x19c ./Drivers/STM32WLxx_HAL_Driver/Src/stm32wlxx_hal_gpio.o
                0x0800252c                HAL_GPIO_DeInit
 .text.HAL_GPIO_WritePin
                0x080026c8       0x2e ./Drivers/STM32WLxx_HAL_Driver/Src/stm32wlxx_hal_gpio.o
                0x080026c8                HAL_GPIO_WritePin
 *fill*         0x080026f6        0x2 
 .text.HAL_PWR_EnableBkUpAccess
                0x080026f8       0x1c ./Drivers/STM32WLxx_HAL_Driver/Src/stm32wlxx_hal_pwr.o
                0x080026f8                HAL_PWR_EnableBkUpAccess
 .text.HAL_PWREx_GetVoltageRange
                0x08002714       0x18 ./Drivers/STM32WLxx_HAL_Driver/Src/stm32wlxx_hal_pwr_ex.o
                0x08002714                HAL_PWREx_GetVoltageRange
 .text.LL_PWR_IsEnabledBkUpAccess
                0x0800272c       0x24 ./Drivers/STM32WLxx_HAL_Driver/Src/stm32wlxx_hal_rcc.o
 .text.LL_RCC_HSE_EnableTcxo
                0x08002750       0x1c ./Drivers/STM32WLxx_HAL_Driver/Src/stm32wlxx_hal_rcc.o
 .text.LL_RCC_HSE_DisableTcxo
                0x0800276c       0x1c ./Drivers/STM32WLxx_HAL_Driver/Src/stm32wlxx_hal_rcc.o
 .text.LL_RCC_HSE_IsEnabledDiv2
                0x08002788       0x22 ./Drivers/STM32WLxx_HAL_Driver/Src/stm32wlxx_hal_rcc.o
 .text.LL_RCC_HSE_Enable
                0x080027aa       0x1c ./Drivers/STM32WLxx_HAL_Driver/Src/stm32wlxx_hal_rcc.o
 .text.LL_RCC_HSE_Disable
                0x080027c6       0x1c ./Drivers/STM32WLxx_HAL_Driver/Src/stm32wlxx_hal_rcc.o
 .text.LL_RCC_HSE_IsReady
                0x080027e2       0x22 ./Drivers/STM32WLxx_HAL_Driver/Src/stm32wlxx_hal_rcc.o
 .text.LL_RCC_HSI_Enable
                0x08002804       0x1c ./Drivers/STM32WLxx_HAL_Driver/Src/stm32wlxx_hal_rcc.o
 .text.LL_RCC_HSI_Disable
                0x08002820       0x1c ./Drivers/STM32WLxx_HAL_Driver/Src/stm32wlxx_hal_rcc.o
 .text.LL_RCC_HSI_IsReady
                0x0800283c       0x22 ./Drivers/STM32WLxx_HAL_Driver/Src/stm32wlxx_hal_rcc.o
 .text.LL_RCC_HSI_SetCalibTrimming
                0x0800285e       0x28 ./Drivers/STM32WLxx_HAL_Driver/Src/stm32wlxx_hal_rcc.o
 .text.LL_RCC_LSE_IsReady
                0x08002886       0x22 ./Drivers/STM32WLxx_HAL_Driver/Src/stm32wlxx_hal_rcc.o
 .text.LL_RCC_LSI_Enable
                0x080028a8       0x20 ./Drivers/STM32WLxx_HAL_Driver/Src/stm32wlxx_hal_rcc.o
 .text.LL_RCC_LSI_Disable
                0x080028c8       0x20 ./Drivers/STM32WLxx_HAL_Driver/Src/stm32wlxx_hal_rcc.o
 .text.LL_RCC_LSI_IsReady
                0x080028e8       0x22 ./Drivers/STM32WLxx_HAL_Driver/Src/stm32wlxx_hal_rcc.o
 .text.LL_RCC_MSI_Enable
                0x0800290a       0x1c ./Drivers/STM32WLxx_HAL_Driver/Src/stm32wlxx_hal_rcc.o
 .text.LL_RCC_MSI_Disable
                0x08002926       0x1c ./Drivers/STM32WLxx_HAL_Driver/Src/stm32wlxx_hal_rcc.o
 .text.LL_RCC_MSI_IsReady
                0x08002942       0x20 ./Drivers/STM32WLxx_HAL_Driver/Src/stm32wlxx_hal_rcc.o
 .text.LL_RCC_MSI_IsEnabledRangeSelect
                0x08002962       0x20 ./Drivers/STM32WLxx_HAL_Driver/Src/stm32wlxx_hal_rcc.o
 .text.LL_RCC_MSI_GetRange
                0x08002982       0x16 ./Drivers/STM32WLxx_HAL_Driver/Src/stm32wlxx_hal_rcc.o
 .text.LL_RCC_MSI_GetRangeAfterStandby
                0x08002998       0x18 ./Drivers/STM32WLxx_HAL_Driver/Src/stm32wlxx_hal_rcc.o
 .text.LL_RCC_MSI_SetCalibTrimming
                0x080029b0       0x28 ./Drivers/STM32WLxx_HAL_Driver/Src/stm32wlxx_hal_rcc.o
 .text.LL_RCC_SetSysClkSource
                0x080029d8       0x26 ./Drivers/STM32WLxx_HAL_Driver/Src/stm32wlxx_hal_rcc.o
 .text.LL_RCC_GetSysClkSource
                0x080029fe       0x16 ./Drivers/STM32WLxx_HAL_Driver/Src/stm32wlxx_hal_rcc.o
 .text.LL_RCC_SetAHBPrescaler
                0x08002a14       0x26 ./Drivers/STM32WLxx_HAL_Driver/Src/stm32wlxx_hal_rcc.o
 .text.LL_RCC_SetAHB3Prescaler
                0x08002a3a       0x2c ./Drivers/STM32WLxx_HAL_Driver/Src/stm32wlxx_hal_rcc.o
 .text.LL_RCC_SetAPB1Prescaler
                0x08002a66       0x26 ./Drivers/STM32WLxx_HAL_Driver/Src/stm32wlxx_hal_rcc.o
 .text.LL_RCC_SetAPB2Prescaler
                0x08002a8c       0x26 ./Drivers/STM32WLxx_HAL_Driver/Src/stm32wlxx_hal_rcc.o
 .text.LL_RCC_GetAHBPrescaler
                0x08002ab2       0x16 ./Drivers/STM32WLxx_HAL_Driver/Src/stm32wlxx_hal_rcc.o
 .text.LL_RCC_GetAHB3Prescaler
                0x08002ac8       0x1a ./Drivers/STM32WLxx_HAL_Driver/Src/stm32wlxx_hal_rcc.o
 .text.LL_RCC_GetAPB1Prescaler
                0x08002ae2       0x16 ./Drivers/STM32WLxx_HAL_Driver/Src/stm32wlxx_hal_rcc.o
 .text.LL_RCC_GetAPB2Prescaler
                0x08002af8       0x16 ./Drivers/STM32WLxx_HAL_Driver/Src/stm32wlxx_hal_rcc.o
 .text.LL_RCC_PLL_Enable
                0x08002b0e       0x1c ./Drivers/STM32WLxx_HAL_Driver/Src/stm32wlxx_hal_rcc.o
 .text.LL_RCC_PLL_Disable
                0x08002b2a       0x1c ./Drivers/STM32WLxx_HAL_Driver/Src/stm32wlxx_hal_rcc.o
 .text.LL_RCC_PLL_IsReady
                0x08002b46       0x22 ./Drivers/STM32WLxx_HAL_Driver/Src/stm32wlxx_hal_rcc.o
 .text.LL_RCC_PLL_GetN
                0x08002b68       0x18 ./Drivers/STM32WLxx_HAL_Driver/Src/stm32wlxx_hal_rcc.o
 .text.LL_RCC_PLL_GetR
                0x08002b80       0x16 ./Drivers/STM32WLxx_HAL_Driver/Src/stm32wlxx_hal_rcc.o
 .text.LL_RCC_PLL_GetDivider
                0x08002b96       0x16 ./Drivers/STM32WLxx_HAL_Driver/Src/stm32wlxx_hal_rcc.o
 .text.LL_RCC_PLL_GetMainSource
                0x08002bac       0x16 ./Drivers/STM32WLxx_HAL_Driver/Src/stm32wlxx_hal_rcc.o
 .text.LL_RCC_IsActiveFlag_HPRE
                0x08002bc2       0x22 ./Drivers/STM32WLxx_HAL_Driver/Src/stm32wlxx_hal_rcc.o
 .text.LL_RCC_IsActiveFlag_SHDHPRE
                0x08002be4       0x24 ./Drivers/STM32WLxx_HAL_Driver/Src/stm32wlxx_hal_rcc.o
 .text.LL_RCC_IsActiveFlag_PPRE1
                0x08002c08       0x22 ./Drivers/STM32WLxx_HAL_Driver/Src/stm32wlxx_hal_rcc.o
 .text.LL_RCC_IsActiveFlag_PPRE2
                0x08002c2a       0x22 ./Drivers/STM32WLxx_HAL_Driver/Src/stm32wlxx_hal_rcc.o
 .text.HAL_RCC_OscConfig
                0x08002c4c      0x704 ./Drivers/STM32WLxx_HAL_Driver/Src/stm32wlxx_hal_rcc.o
                0x08002c4c                HAL_RCC_OscConfig
 .text.HAL_RCC_ClockConfig
                0x08003350      0x248 ./Drivers/STM32WLxx_HAL_Driver/Src/stm32wlxx_hal_rcc.o
                0x08003350                HAL_RCC_ClockConfig
 .text.HAL_RCC_GetSysClockFreq
                0x08003598      0x140 ./Drivers/STM32WLxx_HAL_Driver/Src/stm32wlxx_hal_rcc.o
                0x08003598                HAL_RCC_GetSysClockFreq
 .text.HAL_RCC_GetHCLKFreq
                0x080036d8       0x28 ./Drivers/STM32WLxx_HAL_Driver/Src/stm32wlxx_hal_rcc.o
                0x080036d8                HAL_RCC_GetHCLKFreq
 .text.HAL_RCC_GetPCLK1Freq
                0x08003700       0x24 ./Drivers/STM32WLxx_HAL_Driver/Src/stm32wlxx_hal_rcc.o
                0x08003700                HAL_RCC_GetPCLK1Freq
 .text.HAL_RCC_GetPCLK2Freq
                0x08003724       0x24 ./Drivers/STM32WLxx_HAL_Driver/Src/stm32wlxx_hal_rcc.o
                0x08003724                HAL_RCC_GetPCLK2Freq
 .text.RCC_SetFlashLatencyFromMSIRange
                0x08003748       0x60 ./Drivers/STM32WLxx_HAL_Driver/Src/stm32wlxx_hal_rcc.o
 .text.RCC_SetFlashLatency
                0x080037a8      0x104 ./Drivers/STM32WLxx_HAL_Driver/Src/stm32wlxx_hal_rcc.o
 .text.LL_RCC_LSE_IsReady
                0x080038ac       0x22 ./Drivers/STM32WLxx_HAL_Driver/Src/stm32wlxx_hal_rcc_ex.o
 .text.LL_RCC_SetUSARTClockSource
                0x080038ce       0x30 ./Drivers/STM32WLxx_HAL_Driver/Src/stm32wlxx_hal_rcc_ex.o
 .text.LL_RCC_SetI2SClockSource
                0x080038fe       0x2a ./Drivers/STM32WLxx_HAL_Driver/Src/stm32wlxx_hal_rcc_ex.o
 .text.LL_RCC_SetLPUARTClockSource
                0x08003928       0x2a ./Drivers/STM32WLxx_HAL_Driver/Src/stm32wlxx_hal_rcc_ex.o
 .text.LL_RCC_SetI2CClockSource
                0x08003952       0x38 ./Drivers/STM32WLxx_HAL_Driver/Src/stm32wlxx_hal_rcc_ex.o
 .text.LL_RCC_SetLPTIMClockSource
                0x0800398a       0x32 ./Drivers/STM32WLxx_HAL_Driver/Src/stm32wlxx_hal_rcc_ex.o
 .text.LL_RCC_SetRNGClockSource
                0x080039bc       0x2a ./Drivers/STM32WLxx_HAL_Driver/Src/stm32wlxx_hal_rcc_ex.o
 .text.LL_RCC_SetADCClockSource
                0x080039e6       0x2a ./Drivers/STM32WLxx_HAL_Driver/Src/stm32wlxx_hal_rcc_ex.o
 .text.LL_RCC_SetRTCClockSource
                0x08003a10       0x2a ./Drivers/STM32WLxx_HAL_Driver/Src/stm32wlxx_hal_rcc_ex.o
 .text.LL_RCC_GetRTCClockSource
                0x08003a3a       0x18 ./Drivers/STM32WLxx_HAL_Driver/Src/stm32wlxx_hal_rcc_ex.o
 .text.LL_RCC_ForceBackupDomainReset
                0x08003a52       0x20 ./Drivers/STM32WLxx_HAL_Driver/Src/stm32wlxx_hal_rcc_ex.o
 .text.LL_RCC_ReleaseBackupDomainReset
                0x08003a72       0x20 ./Drivers/STM32WLxx_HAL_Driver/Src/stm32wlxx_hal_rcc_ex.o
 *fill*         0x08003a92        0x2 
 .text.HAL_RCCEx_PeriphCLKConfig
                0x08003a94      0x234 ./Drivers/STM32WLxx_HAL_Driver/Src/stm32wlxx_hal_rcc_ex.o
                0x08003a94                HAL_RCCEx_PeriphCLKConfig
 .text.HAL_RTC_Init
                0x08003cc8      0x104 ./Drivers/STM32WLxx_HAL_Driver/Src/stm32wlxx_hal_rtc.o
                0x08003cc8                HAL_RTC_Init
 .text.HAL_RTC_SetAlarm_IT
                0x08003dcc      0x218 ./Drivers/STM32WLxx_HAL_Driver/Src/stm32wlxx_hal_rtc.o
                0x08003dcc                HAL_RTC_SetAlarm_IT
 .text.HAL_RTC_DeactivateAlarm
                0x08003fe4       0xb8 ./Drivers/STM32WLxx_HAL_Driver/Src/stm32wlxx_hal_rtc.o
                0x08003fe4                HAL_RTC_DeactivateAlarm
 .text.HAL_RTC_AlarmIRQHandler
                0x0800409c       0x54 ./Drivers/STM32WLxx_HAL_Driver/Src/stm32wlxx_hal_rtc.o
                0x0800409c                HAL_RTC_AlarmIRQHandler
 .text.HAL_RTC_WaitForSynchro
                0x080040f0       0x4c ./Drivers/STM32WLxx_HAL_Driver/Src/stm32wlxx_hal_rtc.o
                0x080040f0                HAL_RTC_WaitForSynchro
 .text.RTC_EnterInitMode
                0x0800413c       0x68 ./Drivers/STM32WLxx_HAL_Driver/Src/stm32wlxx_hal_rtc.o
                0x0800413c                RTC_EnterInitMode
 .text.RTC_ExitInitMode
                0x080041a4       0x7c ./Drivers/STM32WLxx_HAL_Driver/Src/stm32wlxx_hal_rtc.o
                0x080041a4                RTC_ExitInitMode
 .text.RTC_ByteToBcd2
                0x08004220       0x3e ./Drivers/STM32WLxx_HAL_Driver/Src/stm32wlxx_hal_rtc.o
                0x08004220                RTC_ByteToBcd2
 *fill*         0x0800425e        0x2 
 .text.HAL_RTCEx_EnableBypassShadow
                0x08004260       0x64 ./Drivers/STM32WLxx_HAL_Driver/Src/stm32wlxx_hal_rtc_ex.o
                0x08004260                HAL_RTCEx_EnableBypassShadow
 .text.HAL_RTCEx_SetSSRU_IT
                0x080042c4       0x78 ./Drivers/STM32WLxx_HAL_Driver/Src/stm32wlxx_hal_rtc_ex.o
                0x080042c4                HAL_RTCEx_SetSSRU_IT
 .text.HAL_RTCEx_SSRUIRQHandler
                0x0800433c       0x34 ./Drivers/STM32WLxx_HAL_Driver/Src/stm32wlxx_hal_rtc_ex.o
                0x0800433c                HAL_RTCEx_SSRUIRQHandler
 .text.HAL_RTCEx_AlarmBEventCallback
                0x08004370       0x12 ./Drivers/STM32WLxx_HAL_Driver/Src/stm32wlxx_hal_rtc_ex.o
                0x08004370                HAL_RTCEx_AlarmBEventCallback
 *fill*         0x08004382        0x2 
 .text.HAL_RTCEx_BKUPWrite
                0x08004384       0x30 ./Drivers/STM32WLxx_HAL_Driver/Src/stm32wlxx_hal_rtc_ex.o
                0x08004384                HAL_RTCEx_BKUPWrite
 .text.HAL_RTCEx_BKUPRead
                0x080043b4       0x2c ./Drivers/STM32WLxx_HAL_Driver/Src/stm32wlxx_hal_rtc_ex.o
                0x080043b4                HAL_RTCEx_BKUPRead
 .text.LL_PWR_SetRadioBusyTrigger
                0x080043e0       0x28 ./Drivers/STM32WLxx_HAL_Driver/Src/stm32wlxx_hal_subghz.o
 .text.LL_PWR_UnselectSUBGHZSPI_NSS
                0x08004408       0x20 ./Drivers/STM32WLxx_HAL_Driver/Src/stm32wlxx_hal_subghz.o
 .text.LL_PWR_SelectSUBGHZSPI_NSS
                0x08004428       0x20 ./Drivers/STM32WLxx_HAL_Driver/Src/stm32wlxx_hal_subghz.o
 .text.LL_PWR_ClearFlag_RFBUSY
                0x08004448       0x18 ./Drivers/STM32WLxx_HAL_Driver/Src/stm32wlxx_hal_subghz.o
 .text.LL_PWR_IsActiveFlag_RFBUSYS
                0x08004460       0x24 ./Drivers/STM32WLxx_HAL_Driver/Src/stm32wlxx_hal_subghz.o
 .text.LL_PWR_IsActiveFlag_RFBUSYMS
                0x08004484       0x24 ./Drivers/STM32WLxx_HAL_Driver/Src/stm32wlxx_hal_subghz.o
 .text.LL_RCC_RF_DisableReset
                0x080044a8       0x20 ./Drivers/STM32WLxx_HAL_Driver/Src/stm32wlxx_hal_subghz.o
 .text.LL_RCC_IsRFUnderReset
                0x080044c8       0x24 ./Drivers/STM32WLxx_HAL_Driver/Src/stm32wlxx_hal_subghz.o
 .text.LL_EXTI_EnableIT_32_63
                0x080044ec       0x28 ./Drivers/STM32WLxx_HAL_Driver/Src/stm32wlxx_hal_subghz.o
 .text.HAL_SUBGHZ_Init
                0x08004514       0xc8 ./Drivers/STM32WLxx_HAL_Driver/Src/stm32wlxx_hal_subghz.o
                0x08004514                HAL_SUBGHZ_Init
 .text.HAL_SUBGHZ_WriteRegisters
                0x080045dc       0xbe ./Drivers/STM32WLxx_HAL_Driver/Src/stm32wlxx_hal_subghz.o
                0x080045dc                HAL_SUBGHZ_WriteRegisters
 .text.HAL_SUBGHZ_ReadRegisters
                0x0800469a       0xc2 ./Drivers/STM32WLxx_HAL_Driver/Src/stm32wlxx_hal_subghz.o
                0x0800469a                HAL_SUBGHZ_ReadRegisters
 .text.HAL_SUBGHZ_ExecSetCmd
                0x0800475c       0xbe ./Drivers/STM32WLxx_HAL_Driver/Src/stm32wlxx_hal_subghz.o
                0x0800475c                HAL_SUBGHZ_ExecSetCmd
 .text.HAL_SUBGHZ_ExecGetCmd
                0x0800481a       0xa8 ./Drivers/STM32WLxx_HAL_Driver/Src/stm32wlxx_hal_subghz.o
                0x0800481a                HAL_SUBGHZ_ExecGetCmd
 .text.HAL_SUBGHZ_WriteBuffer
                0x080048c2       0xa6 ./Drivers/STM32WLxx_HAL_Driver/Src/stm32wlxx_hal_subghz.o
                0x080048c2                HAL_SUBGHZ_WriteBuffer
 .text.HAL_SUBGHZ_ReadBuffer
                0x08004968       0xb0 ./Drivers/STM32WLxx_HAL_Driver/Src/stm32wlxx_hal_subghz.o
                0x08004968                HAL_SUBGHZ_ReadBuffer
 .text.HAL_SUBGHZ_IRQHandler
                0x08004a18      0x11c ./Drivers/STM32WLxx_HAL_Driver/Src/stm32wlxx_hal_subghz.o
                0x08004a18                HAL_SUBGHZ_IRQHandler
 .text.SUBGHZSPI_Init
                0x08004b34       0x40 ./Drivers/STM32WLxx_HAL_Driver/Src/stm32wlxx_hal_subghz.o
                0x08004b34                SUBGHZSPI_Init
 .text.SUBGHZSPI_Transmit
                0x08004b74       0xac ./Drivers/STM32WLxx_HAL_Driver/Src/stm32wlxx_hal_subghz.o
                0x08004b74                SUBGHZSPI_Transmit
 .text.SUBGHZSPI_Receive
                0x08004c20       0xb0 ./Drivers/STM32WLxx_HAL_Driver/Src/stm32wlxx_hal_subghz.o
                0x08004c20                SUBGHZSPI_Receive
 .text.SUBGHZ_CheckDeviceReady
                0x08004cd0       0x48 ./Drivers/STM32WLxx_HAL_Driver/Src/stm32wlxx_hal_subghz.o
                0x08004cd0                SUBGHZ_CheckDeviceReady
 .text.SUBGHZ_WaitOnBusy
                0x08004d18       0x5c ./Drivers/STM32WLxx_HAL_Driver/Src/stm32wlxx_hal_subghz.o
                0x08004d18                SUBGHZ_WaitOnBusy
 .text.LL_RCC_GetUSARTClockSource
                0x08004d74       0x24 ./Drivers/STM32WLxx_HAL_Driver/Src/stm32wlxx_hal_uart.o
 .text.LL_RCC_GetLPUARTClockSource
                0x08004d98       0x1e ./Drivers/STM32WLxx_HAL_Driver/Src/stm32wlxx_hal_uart.o
 .text.HAL_UART_Init
                0x08004db6       0xa0 ./Drivers/STM32WLxx_HAL_Driver/Src/stm32wlxx_hal_uart.o
                0x08004db6                HAL_UART_Init
 *fill*         0x08004e56        0x2 
 .text.HAL_UART_Receive_IT
                0x08004e58       0x98 ./Drivers/STM32WLxx_HAL_Driver/Src/stm32wlxx_hal_uart.o
                0x08004e58                HAL_UART_Receive_IT
 .text.HAL_UART_Transmit_DMA
                0x08004ef0      0x100 ./Drivers/STM32WLxx_HAL_Driver/Src/stm32wlxx_hal_uart.o
                0x08004ef0                HAL_UART_Transmit_DMA
 .text.HAL_UART_IRQHandler
                0x08004ff0      0x648 ./Drivers/STM32WLxx_HAL_Driver/Src/stm32wlxx_hal_uart.o
                0x08004ff0                HAL_UART_IRQHandler
 .text.HAL_UART_TxHalfCpltCallback
                0x08005638       0x12 ./Drivers/STM32WLxx_HAL_Driver/Src/stm32wlxx_hal_uart.o
                0x08005638                HAL_UART_TxHalfCpltCallback
 .text.HAL_UART_ErrorCallback
                0x0800564a       0x12 ./Drivers/STM32WLxx_HAL_Driver/Src/stm32wlxx_hal_uart.o
                0x0800564a                HAL_UART_ErrorCallback
 .text.HAL_UARTEx_RxEventCallback
                0x0800565c       0x16 ./Drivers/STM32WLxx_HAL_Driver/Src/stm32wlxx_hal_uart.o
                0x0800565c                HAL_UARTEx_RxEventCallback
 *fill*         0x08005672        0x2 
 .text.UART_SetConfig
                0x08005674      0x4e8 ./Drivers/STM32WLxx_HAL_Driver/Src/stm32wlxx_hal_uart.o
                0x08005674                UART_SetConfig
 .text.UART_AdvFeatureConfig
                0x08005b5c      0x142 ./Drivers/STM32WLxx_HAL_Driver/Src/stm32wlxx_hal_uart.o
                0x08005b5c                UART_AdvFeatureConfig
 .text.UART_CheckIdleState
                0x08005c9e       0x9c ./Drivers/STM32WLxx_HAL_Driver/Src/stm32wlxx_hal_uart.o
                0x08005c9e                UART_CheckIdleState
 .text.UART_WaitOnFlagUntilTimeout
                0x08005d3a      0x19c ./Drivers/STM32WLxx_HAL_Driver/Src/stm32wlxx_hal_uart.o
                0x08005d3a                UART_WaitOnFlagUntilTimeout
 *fill*         0x08005ed6        0x2 
 .text.UART_Start_Receive_IT
                0x08005ed8      0x240 ./Drivers/STM32WLxx_HAL_Driver/Src/stm32wlxx_hal_uart.o
                0x08005ed8                UART_Start_Receive_IT
 .text.UART_EndTxTransfer
                0x08006118       0x80 ./Drivers/STM32WLxx_HAL_Driver/Src/stm32wlxx_hal_uart.o
 .text.UART_EndRxTransfer
                0x08006198       0xca ./Drivers/STM32WLxx_HAL_Driver/Src/stm32wlxx_hal_uart.o
 .text.UART_DMATransmitCplt
                0x08006262       0x9a ./Drivers/STM32WLxx_HAL_Driver/Src/stm32wlxx_hal_uart.o
 .text.UART_DMATxHalfCplt
                0x080062fc       0x1c ./Drivers/STM32WLxx_HAL_Driver/Src/stm32wlxx_hal_uart.o
 .text.UART_DMAError
                0x08006318       0x80 ./Drivers/STM32WLxx_HAL_Driver/Src/stm32wlxx_hal_uart.o
 .text.UART_DMAAbortOnError
                0x08006398       0x2c ./Drivers/STM32WLxx_HAL_Driver/Src/stm32wlxx_hal_uart.o
 .text.UART_EndTransmit_IT
                0x080063c4       0x56 ./Drivers/STM32WLxx_HAL_Driver/Src/stm32wlxx_hal_uart.o
 *fill*         0x0800641a        0x2 
 .text.UART_RxISR_8BIT
                0x0800641c      0x1b8 ./Drivers/STM32WLxx_HAL_Driver/Src/stm32wlxx_hal_uart.o
 .text.UART_RxISR_16BIT
                0x080065d4      0x1b8 ./Drivers/STM32WLxx_HAL_Driver/Src/stm32wlxx_hal_uart.o
 .text.UART_RxISR_8BIT_FIFOEN
                0x0800678c      0x360 ./Drivers/STM32WLxx_HAL_Driver/Src/stm32wlxx_hal_uart.o
 .text.UART_RxISR_16BIT_FIFOEN
                0x08006aec      0x368 ./Drivers/STM32WLxx_HAL_Driver/Src/stm32wlxx_hal_uart.o
 .text.HAL_UARTEx_WakeupCallback
                0x08006e54       0x12 ./Drivers/STM32WLxx_HAL_Driver/Src/stm32wlxx_hal_uart_ex.o
                0x08006e54                HAL_UARTEx_WakeupCallback
 .text.HAL_UARTEx_RxFifoFullCallback
                0x08006e66       0x12 ./Drivers/STM32WLxx_HAL_Driver/Src/stm32wlxx_hal_uart_ex.o
                0x08006e66                HAL_UARTEx_RxFifoFullCallback
 .text.HAL_UARTEx_TxFifoEmptyCallback
                0x08006e78       0x12 ./Drivers/STM32WLxx_HAL_Driver/Src/stm32wlxx_hal_uart_ex.o
                0x08006e78                HAL_UARTEx_TxFifoEmptyCallback
 .text.HAL_UARTEx_StopModeWakeUpSourceConfig
                0x08006e8a       0xb6 ./Drivers/STM32WLxx_HAL_Driver/Src/stm32wlxx_hal_uart_ex.o
                0x08006e8a                HAL_UARTEx_StopModeWakeUpSourceConfig
 .text.HAL_UARTEx_EnableStopMode
                0x08006f40       0x64 ./Drivers/STM32WLxx_HAL_Driver/Src/stm32wlxx_hal_uart_ex.o
                0x08006f40                HAL_UARTEx_EnableStopMode
 .text.HAL_UARTEx_EnableFifoMode
                0x08006fa4       0x76 ./Drivers/STM32WLxx_HAL_Driver/Src/stm32wlxx_hal_uart_ex.o
                0x08006fa4                HAL_UARTEx_EnableFifoMode
 .text.HAL_UARTEx_SetTxFifoThreshold
                0x0800701a       0x7c ./Drivers/STM32WLxx_HAL_Driver/Src/stm32wlxx_hal_uart_ex.o
                0x0800701a                HAL_UARTEx_SetTxFifoThreshold
 .text.HAL_UARTEx_SetRxFifoThreshold
                0x08007096       0x7c ./Drivers/STM32WLxx_HAL_Driver/Src/stm32wlxx_hal_uart_ex.o
                0x08007096                HAL_UARTEx_SetRxFifoThreshold
 .text.UARTEx_Wakeup_AddressConfig
                0x08007112       0x44 ./Drivers/STM32WLxx_HAL_Driver/Src/stm32wlxx_hal_uart_ex.o
 *fill*         0x08007156        0x2 
 .text.UARTEx_SetNbDataToProcess
                0x08007158       0x98 ./Drivers/STM32WLxx_HAL_Driver/Src/stm32wlxx_hal_uart_ex.o
 .text.RadioInit
                0x080071f0       0xb8 ./Middlewares/Third_Party/SubGHz_Phy/stm32_radio_driver/radio.o
 .text.RadioGetStatus
                0x080072a8       0x2e ./Middlewares/Third_Party/SubGHz_Phy/stm32_radio_driver/radio.o
 *fill*         0x080072d6        0x2 
 .text.RadioSetModem
                0x080072d8       0xb8 ./Middlewares/Third_Party/SubGHz_Phy/stm32_radio_driver/radio.o
 .text.RadioSetChannel
                0x08007390       0x16 ./Middlewares/Third_Party/SubGHz_Phy/stm32_radio_driver/radio.o
 .text.RadioIsChannelFree
                0x080073a6       0xb4 ./Middlewares/Third_Party/SubGHz_Phy/stm32_radio_driver/radio.o
 .text.RadioRandom
                0x0800745a       0x26 ./Middlewares/Third_Party/SubGHz_Phy/stm32_radio_driver/radio.o
 .text.RadioSetRxConfig
                0x08007480      0x418 ./Middlewares/Third_Party/SubGHz_Phy/stm32_radio_driver/radio.o
 .text.RadioSetTxConfig
                0x08007898      0x224 ./Middlewares/Third_Party/SubGHz_Phy/stm32_radio_driver/radio.o
 .text.RadioCheckRfFrequency
                0x08007abc       0x14 ./Middlewares/Third_Party/SubGHz_Phy/stm32_radio_driver/radio.o
 .text.RadioGetLoRaBandwidthInHz
                0x08007ad0       0xac ./Middlewares/Third_Party/SubGHz_Phy/stm32_radio_driver/radio.o
 .text.RadioGetGfskTimeOnAirNumerator
                0x08007b7c       0x54 ./Middlewares/Third_Party/SubGHz_Phy/stm32_radio_driver/radio.o
 .text.RadioGetLoRaTimeOnAirNumerator
                0x08007bd0      0x102 ./Middlewares/Third_Party/SubGHz_Phy/stm32_radio_driver/radio.o
 *fill*         0x08007cd2        0x2 
 .text.RadioTimeOnAir
                0x08007cd4       0xb0 ./Middlewares/Third_Party/SubGHz_Phy/stm32_radio_driver/radio.o
 .text.RadioSend
                0x08007d84      0x200 ./Middlewares/Third_Party/SubGHz_Phy/stm32_radio_driver/radio.o
 .text.RadioSleep
                0x08007f84       0x26 ./Middlewares/Third_Party/SubGHz_Phy/stm32_radio_driver/radio.o
 .text.RadioStandby
                0x08007faa        0xe ./Middlewares/Third_Party/SubGHz_Phy/stm32_radio_driver/radio.o
 .text.RadioRx  0x08007fb8       0x80 ./Middlewares/Third_Party/SubGHz_Phy/stm32_radio_driver/radio.o
 .text.RadioRxBoosted
                0x08008038       0x80 ./Middlewares/Third_Party/SubGHz_Phy/stm32_radio_driver/radio.o
 .text.RadioSetRxDutyCycle
                0x080080b8       0x48 ./Middlewares/Third_Party/SubGHz_Phy/stm32_radio_driver/radio.o
 .text.RadioStartCad
                0x08008100       0x30 ./Middlewares/Third_Party/SubGHz_Phy/stm32_radio_driver/radio.o
 .text.RadioSetTxContinuousWave
                0x08008130       0x64 ./Middlewares/Third_Party/SubGHz_Phy/stm32_radio_driver/radio.o
 .text.RadioRssi
                0x08008194       0x18 ./Middlewares/Third_Party/SubGHz_Phy/stm32_radio_driver/radio.o
 .text.RadioWrite
                0x080081ac       0x24 ./Middlewares/Third_Party/SubGHz_Phy/stm32_radio_driver/radio.o
 .text.RadioRead
                0x080081d0       0x1c ./Middlewares/Third_Party/SubGHz_Phy/stm32_radio_driver/radio.o
 .text.RadioWriteRegisters
                0x080081ec       0x26 ./Middlewares/Third_Party/SubGHz_Phy/stm32_radio_driver/radio.o
 .text.RadioReadRegisters
                0x08008212       0x26 ./Middlewares/Third_Party/SubGHz_Phy/stm32_radio_driver/radio.o
 .text.RadioSetMaxPayloadLength
                0x08008238       0x5c ./Middlewares/Third_Party/SubGHz_Phy/stm32_radio_driver/radio.o
 .text.RadioSetPublicNetwork
                0x08008294       0x5c ./Middlewares/Third_Party/SubGHz_Phy/stm32_radio_driver/radio.o
 .text.RadioGetWakeupTime
                0x080082f0       0x10 ./Middlewares/Third_Party/SubGHz_Phy/stm32_radio_driver/radio.o
 .text.RadioOnTxTimeoutIrq
                0x08008300       0x14 ./Middlewares/Third_Party/SubGHz_Phy/stm32_radio_driver/radio.o
 .text.RadioOnRxTimeoutIrq
                0x08008314       0x14 ./Middlewares/Third_Party/SubGHz_Phy/stm32_radio_driver/radio.o
 .text.RadioOnTxTimeoutProcess
                0x08008328       0x28 ./Middlewares/Third_Party/SubGHz_Phy/stm32_radio_driver/radio.o
 .text.RadioOnRxTimeoutProcess
                0x08008350       0x28 ./Middlewares/Third_Party/SubGHz_Phy/stm32_radio_driver/radio.o
 .text.RadioOnDioIrq
                0x08008378       0x24 ./Middlewares/Third_Party/SubGHz_Phy/stm32_radio_driver/radio.o
 .text.RadioIrqProcess
                0x0800839c      0x44c ./Middlewares/Third_Party/SubGHz_Phy/stm32_radio_driver/radio.o
 .text.RadioTxPrbs
                0x080087e8       0x38 ./Middlewares/Third_Party/SubGHz_Phy/stm32_radio_driver/radio.o
 .text.RadioTxCw
                0x08008820       0x38 ./Middlewares/Third_Party/SubGHz_Phy/stm32_radio_driver/radio.o
 .text.payload_integration
                0x08008858      0x124 ./Middlewares/Third_Party/SubGHz_Phy/stm32_radio_driver/radio.o
 .text.RadioSetRxGenericConfig
                0x0800897c      0x38c ./Middlewares/Third_Party/SubGHz_Phy/stm32_radio_driver/radio.o
 .text.RadioSetTxGenericConfig
                0x08008d08      0x470 ./Middlewares/Third_Party/SubGHz_Phy/stm32_radio_driver/radio.o
 .text.RadioLrFhssSetCfg
                0x08009178       0x18 ./Middlewares/Third_Party/SubGHz_Phy/stm32_radio_driver/radio.o
 .text.RadioLrFhssGetTimeOnAirInMs
                0x08009190       0x16 ./Middlewares/Third_Party/SubGHz_Phy/stm32_radio_driver/radio.o
 *fill*         0x080091a6        0x2 
 .text.SUBGRF_Init
                0x080091a8       0x90 ./Middlewares/Third_Party/SubGHz_Phy/stm32_radio_driver/radio_driver.o
                0x080091a8                SUBGRF_Init
 .text.SUBGRF_GetOperatingMode
                0x08009238       0x14 ./Middlewares/Third_Party/SubGHz_Phy/stm32_radio_driver/radio_driver.o
                0x08009238                SUBGRF_GetOperatingMode
 .text.SUBGRF_SetPayload
                0x0800924c       0x20 ./Middlewares/Third_Party/SubGHz_Phy/stm32_radio_driver/radio_driver.o
                0x0800924c                SUBGRF_SetPayload
 .text.SUBGRF_GetPayload
                0x0800926c       0x44 ./Middlewares/Third_Party/SubGHz_Phy/stm32_radio_driver/radio_driver.o
                0x0800926c                SUBGRF_GetPayload
 .text.SUBGRF_SendPayload
                0x080092b0       0x26 ./Middlewares/Third_Party/SubGHz_Phy/stm32_radio_driver/radio_driver.o
                0x080092b0                SUBGRF_SendPayload
 .text.SUBGRF_SetSyncWord
                0x080092d6       0x1e ./Middlewares/Third_Party/SubGHz_Phy/stm32_radio_driver/radio_driver.o
                0x080092d6                SUBGRF_SetSyncWord
 .text.SUBGRF_SetCrcSeed
                0x080092f4       0x40 ./Middlewares/Third_Party/SubGHz_Phy/stm32_radio_driver/radio_driver.o
                0x080092f4                SUBGRF_SetCrcSeed
 .text.SUBGRF_SetCrcPolynomial
                0x08009334       0x40 ./Middlewares/Third_Party/SubGHz_Phy/stm32_radio_driver/radio_driver.o
                0x08009334                SUBGRF_SetCrcPolynomial
 .text.SUBGRF_SetWhiteningSeed
                0x08009374       0x66 ./Middlewares/Third_Party/SubGHz_Phy/stm32_radio_driver/radio_driver.o
                0x08009374                SUBGRF_SetWhiteningSeed
 .text.SUBGRF_GetRandom
                0x080093da       0x8c ./Middlewares/Third_Party/SubGHz_Phy/stm32_radio_driver/radio_driver.o
                0x080093da                SUBGRF_GetRandom
 *fill*         0x08009466        0x2 
 .text.SUBGRF_SetSleep
                0x08009468       0x68 ./Middlewares/Third_Party/SubGHz_Phy/stm32_radio_driver/radio_driver.o
                0x08009468                SUBGRF_SetSleep
 .text.SUBGRF_SetStandby
                0x080094d0       0x38 ./Middlewares/Third_Party/SubGHz_Phy/stm32_radio_driver/radio_driver.o
                0x080094d0                SUBGRF_SetStandby
 .text.SUBGRF_SetTx
                0x08009508       0x40 ./Middlewares/Third_Party/SubGHz_Phy/stm32_radio_driver/radio_driver.o
                0x08009508                SUBGRF_SetTx
 .text.SUBGRF_SetRx
                0x08009548       0x40 ./Middlewares/Third_Party/SubGHz_Phy/stm32_radio_driver/radio_driver.o
                0x08009548                SUBGRF_SetRx
 .text.SUBGRF_SetRxBoosted
                0x08009588       0x48 ./Middlewares/Third_Party/SubGHz_Phy/stm32_radio_driver/radio_driver.o
                0x08009588                SUBGRF_SetRxBoosted
 .text.SUBGRF_SetRxDutyCycle
                0x080095d0       0x58 ./Middlewares/Third_Party/SubGHz_Phy/stm32_radio_driver/radio_driver.o
                0x080095d0                SUBGRF_SetRxDutyCycle
 .text.SUBGRF_SetCad
                0x08009628       0x1c ./Middlewares/Third_Party/SubGHz_Phy/stm32_radio_driver/radio_driver.o
                0x08009628                SUBGRF_SetCad
 .text.SUBGRF_SetTxContinuousWave
                0x08009644       0x12 ./Middlewares/Third_Party/SubGHz_Phy/stm32_radio_driver/radio_driver.o
                0x08009644                SUBGRF_SetTxContinuousWave
 .text.SUBGRF_SetTxInfinitePreamble
                0x08009656       0x12 ./Middlewares/Third_Party/SubGHz_Phy/stm32_radio_driver/radio_driver.o
                0x08009656                SUBGRF_SetTxInfinitePreamble
 .text.SUBGRF_SetStopRxTimerOnPreambleDetect
                0x08009668       0x1e ./Middlewares/Third_Party/SubGHz_Phy/stm32_radio_driver/radio_driver.o
                0x08009668                SUBGRF_SetStopRxTimerOnPreambleDetect
 .text.SUBGRF_SetLoRaSymbNumTimeout
                0x08009686       0x5e ./Middlewares/Third_Party/SubGHz_Phy/stm32_radio_driver/radio_driver.o
                0x08009686                SUBGRF_SetLoRaSymbNumTimeout
 .text.SUBGRF_SetRegulatorMode
                0x080096e4       0x2e ./Middlewares/Third_Party/SubGHz_Phy/stm32_radio_driver/radio_driver.o
                0x080096e4                SUBGRF_SetRegulatorMode
 .text.SUBGRF_Calibrate
                0x08009712       0x98 ./Middlewares/Third_Party/SubGHz_Phy/stm32_radio_driver/radio_driver.o
                0x08009712                SUBGRF_Calibrate
 *fill*         0x080097aa        0x2 
 .text.SUBGRF_CalibrateImage
                0x080097ac       0x94 ./Middlewares/Third_Party/SubGHz_Phy/stm32_radio_driver/radio_driver.o
                0x080097ac                SUBGRF_CalibrateImage
 .text.SUBGRF_SetPaConfig
                0x08009840       0x44 ./Middlewares/Third_Party/SubGHz_Phy/stm32_radio_driver/radio_driver.o
                0x08009840                SUBGRF_SetPaConfig
 .text.SUBGRF_SetDioIrqParams
                0x08009884       0x74 ./Middlewares/Third_Party/SubGHz_Phy/stm32_radio_driver/radio_driver.o
                0x08009884                SUBGRF_SetDioIrqParams
 .text.SUBGRF_SetTcxoMode
                0x080098f8       0x42 ./Middlewares/Third_Party/SubGHz_Phy/stm32_radio_driver/radio_driver.o
                0x080098f8                SUBGRF_SetTcxoMode
 *fill*         0x0800993a        0x2 
 .text.SUBGRF_SetRfFrequency
                0x0800993c       0x8c ./Middlewares/Third_Party/SubGHz_Phy/stm32_radio_driver/radio_driver.o
                0x0800993c                SUBGRF_SetRfFrequency
 .text.SUBGRF_SetPacketType
                0x080099c8       0x38 ./Middlewares/Third_Party/SubGHz_Phy/stm32_radio_driver/radio_driver.o
                0x080099c8                SUBGRF_SetPacketType
 .text.SUBGRF_GetPacketType
                0x08009a00       0x14 ./Middlewares/Third_Party/SubGHz_Phy/stm32_radio_driver/radio_driver.o
                0x08009a00                SUBGRF_GetPacketType
 .text.SUBGRF_SetTxParams
                0x08009a14      0x19a ./Middlewares/Third_Party/SubGHz_Phy/stm32_radio_driver/radio_driver.o
                0x08009a14                SUBGRF_SetTxParams
 *fill*         0x08009bae        0x2 
 .text.SUBGRF_SetModulationParams
                0x08009bb0      0x19c ./Middlewares/Third_Party/SubGHz_Phy/stm32_radio_driver/radio_driver.o
                0x08009bb0                SUBGRF_SetModulationParams
 .text.SUBGRF_SetPacketParams
                0x08009d4c      0x138 ./Middlewares/Third_Party/SubGHz_Phy/stm32_radio_driver/radio_driver.o
                0x08009d4c                SUBGRF_SetPacketParams
 .text.SUBGRF_SetBufferBaseAddress
                0x08009e84       0x2e ./Middlewares/Third_Party/SubGHz_Phy/stm32_radio_driver/radio_driver.o
                0x08009e84                SUBGRF_SetBufferBaseAddress
 .text.SUBGRF_GetRssiInst
                0x08009eb2       0x2a ./Middlewares/Third_Party/SubGHz_Phy/stm32_radio_driver/radio_driver.o
                0x08009eb2                SUBGRF_GetRssiInst
 .text.SUBGRF_GetRxBufferStatus
                0x08009edc       0x58 ./Middlewares/Third_Party/SubGHz_Phy/stm32_radio_driver/radio_driver.o
                0x08009edc                SUBGRF_GetRxBufferStatus
 .text.SUBGRF_GetPacketStatus
                0x08009f34       0xa4 ./Middlewares/Third_Party/SubGHz_Phy/stm32_radio_driver/radio_driver.o
                0x08009f34                SUBGRF_GetPacketStatus
 .text.SUBGRF_WriteRegister
                0x08009fd8       0x44 ./Middlewares/Third_Party/SubGHz_Phy/stm32_radio_driver/radio_driver.o
                0x08009fd8                SUBGRF_WriteRegister
 .text.SUBGRF_ReadRegister
                0x0800a01c       0x40 ./Middlewares/Third_Party/SubGHz_Phy/stm32_radio_driver/radio_driver.o
                0x0800a01c                SUBGRF_ReadRegister
 .text.SUBGRF_WriteRegisters
                0x0800a05c       0x44 ./Middlewares/Third_Party/SubGHz_Phy/stm32_radio_driver/radio_driver.o
                0x0800a05c                SUBGRF_WriteRegisters
 .text.SUBGRF_ReadRegisters
                0x0800a0a0       0x44 ./Middlewares/Third_Party/SubGHz_Phy/stm32_radio_driver/radio_driver.o
                0x0800a0a0                SUBGRF_ReadRegisters
 .text.SUBGRF_WriteBuffer
                0x0800a0e4       0x44 ./Middlewares/Third_Party/SubGHz_Phy/stm32_radio_driver/radio_driver.o
                0x0800a0e4                SUBGRF_WriteBuffer
 .text.SUBGRF_ReadBuffer
                0x0800a128       0x44 ./Middlewares/Third_Party/SubGHz_Phy/stm32_radio_driver/radio_driver.o
                0x0800a128                SUBGRF_ReadBuffer
 .text.SUBGRF_WriteCommand
                0x0800a16c       0x44 ./Middlewares/Third_Party/SubGHz_Phy/stm32_radio_driver/radio_driver.o
                0x0800a16c                SUBGRF_WriteCommand
 .text.SUBGRF_ReadCommand
                0x0800a1b0       0x44 ./Middlewares/Third_Party/SubGHz_Phy/stm32_radio_driver/radio_driver.o
                0x0800a1b0                SUBGRF_ReadCommand
 .text.SUBGRF_SetSwitch
                0x0800a1f4       0x50 ./Middlewares/Third_Party/SubGHz_Phy/stm32_radio_driver/radio_driver.o
                0x0800a1f4                SUBGRF_SetSwitch
 .text.SUBGRF_SetRfTxPower
                0x0800a244       0x68 ./Middlewares/Third_Party/SubGHz_Phy/stm32_radio_driver/radio_driver.o
                0x0800a244                SUBGRF_SetRfTxPower
 .text.SUBGRF_GetRadioWakeUpTime
                0x0800a2ac        0xe ./Middlewares/Third_Party/SubGHz_Phy/stm32_radio_driver/radio_driver.o
                0x0800a2ac                SUBGRF_GetRadioWakeUpTime
 *fill*         0x0800a2ba        0x2 
 .text.HAL_SUBGHZ_TxCpltCallback
                0x0800a2bc       0x1c ./Middlewares/Third_Party/SubGHz_Phy/stm32_radio_driver/radio_driver.o
                0x0800a2bc                HAL_SUBGHZ_TxCpltCallback
 .text.HAL_SUBGHZ_RxCpltCallback
                0x0800a2d8       0x1c ./Middlewares/Third_Party/SubGHz_Phy/stm32_radio_driver/radio_driver.o
                0x0800a2d8                HAL_SUBGHZ_RxCpltCallback
 .text.HAL_SUBGHZ_CRCErrorCallback
                0x0800a2f4       0x1c ./Middlewares/Third_Party/SubGHz_Phy/stm32_radio_driver/radio_driver.o
                0x0800a2f4                HAL_SUBGHZ_CRCErrorCallback
 .text.HAL_SUBGHZ_CADStatusCallback
                0x0800a310       0x3c ./Middlewares/Third_Party/SubGHz_Phy/stm32_radio_driver/radio_driver.o
                0x0800a310                HAL_SUBGHZ_CADStatusCallback
 .text.HAL_SUBGHZ_RxTxTimeoutCallback
                0x0800a34c       0x20 ./Middlewares/Third_Party/SubGHz_Phy/stm32_radio_driver/radio_driver.o
                0x0800a34c                HAL_SUBGHZ_RxTxTimeoutCallback
 .text.HAL_SUBGHZ_HeaderErrorCallback
                0x0800a36c       0x1c ./Middlewares/Third_Party/SubGHz_Phy/stm32_radio_driver/radio_driver.o
                0x0800a36c                HAL_SUBGHZ_HeaderErrorCallback
 .text.HAL_SUBGHZ_PreambleDetectedCallback
                0x0800a388       0x1c ./Middlewares/Third_Party/SubGHz_Phy/stm32_radio_driver/radio_driver.o
                0x0800a388                HAL_SUBGHZ_PreambleDetectedCallback
 .text.HAL_SUBGHZ_SyncWordValidCallback
                0x0800a3a4       0x1c ./Middlewares/Third_Party/SubGHz_Phy/stm32_radio_driver/radio_driver.o
                0x0800a3a4                HAL_SUBGHZ_SyncWordValidCallback
 .text.HAL_SUBGHZ_HeaderValidCallback
                0x0800a3c0       0x1c ./Middlewares/Third_Party/SubGHz_Phy/stm32_radio_driver/radio_driver.o
                0x0800a3c0                HAL_SUBGHZ_HeaderValidCallback
 .text.HAL_SUBGHZ_LrFhssHopCallback
                0x0800a3dc       0x20 ./Middlewares/Third_Party/SubGHz_Phy/stm32_radio_driver/radio_driver.o
                0x0800a3dc                HAL_SUBGHZ_LrFhssHopCallback
 .text.Radio_SMPS_Set
                0x0800a3fc       0x42 ./Middlewares/Third_Party/SubGHz_Phy/stm32_radio_driver/radio_driver.o
 *fill*         0x0800a43e        0x2 
 .text.SUBGRF_GetFskBandwidthRegValue
                0x0800a440       0x50 ./Middlewares/Third_Party/SubGHz_Phy/stm32_radio_driver/radio_driver.o
                0x0800a440                SUBGRF_GetFskBandwidthRegValue
 .text.SUBGRF_GetCFO
                0x0800a490       0xe8 ./Middlewares/Third_Party/SubGHz_Phy/stm32_radio_driver/radio_driver.o
                0x0800a490                SUBGRF_GetCFO
 .text.RFW_TransmitLongPacket
                0x0800a578       0x24 ./Middlewares/Third_Party/SubGHz_Phy/stm32_radio_driver/radio_fw.o
                0x0800a578                RFW_TransmitLongPacket
 .text.RFW_ReceiveLongPacket
                0x0800a59c       0x24 ./Middlewares/Third_Party/SubGHz_Phy/stm32_radio_driver/radio_fw.o
                0x0800a59c                RFW_ReceiveLongPacket
 .text.RFW_Init
                0x0800a5c0       0x1a ./Middlewares/Third_Party/SubGHz_Phy/stm32_radio_driver/radio_fw.o
                0x0800a5c0                RFW_Init
 .text.RFW_DeInit
                0x0800a5da        0xc ./Middlewares/Third_Party/SubGHz_Phy/stm32_radio_driver/radio_fw.o
                0x0800a5da                RFW_DeInit
 .text.RFW_Is_Init
                0x0800a5e6        0xe ./Middlewares/Third_Party/SubGHz_Phy/stm32_radio_driver/radio_fw.o
                0x0800a5e6                RFW_Is_Init
 .text.RFW_Is_LongPacketModeEnabled
                0x0800a5f4        0xe ./Middlewares/Third_Party/SubGHz_Phy/stm32_radio_driver/radio_fw.o
                0x0800a5f4                RFW_Is_LongPacketModeEnabled
 .text.RFW_SetAntSwitch
                0x0800a602       0x14 ./Middlewares/Third_Party/SubGHz_Phy/stm32_radio_driver/radio_fw.o
                0x0800a602                RFW_SetAntSwitch
 .text.RFW_TransmitInit
                0x0800a616       0x20 ./Middlewares/Third_Party/SubGHz_Phy/stm32_radio_driver/radio_fw.o
                0x0800a616                RFW_TransmitInit
 .text.RFW_ReceiveInit
                0x0800a636       0x10 ./Middlewares/Third_Party/SubGHz_Phy/stm32_radio_driver/radio_fw.o
                0x0800a636                RFW_ReceiveInit
 .text.RFW_DeInit_TxLongPacket
                0x0800a646        0xc ./Middlewares/Third_Party/SubGHz_Phy/stm32_radio_driver/radio_fw.o
                0x0800a646                RFW_DeInit_TxLongPacket
 .text.RFW_ReceivePayload
                0x0800a652        0xc ./Middlewares/Third_Party/SubGHz_Phy/stm32_radio_driver/radio_fw.o
                0x0800a652                RFW_ReceivePayload
 .text.RFW_SetRadioModem
                0x0800a65e       0x14 ./Middlewares/Third_Party/SubGHz_Phy/stm32_radio_driver/radio_fw.o
                0x0800a65e                RFW_SetRadioModem
 .text.MX_SubGHz_Phy_Init
                0x0800a672       0x10 ./SubGHz_Phy/App/app_subghz_phy.o
                0x0800a672                MX_SubGHz_Phy_Init
 *fill*         0x0800a682        0x2 
 .text.SubghzApp_Init
                0x0800a684       0x4c ./SubGHz_Phy/App/subghz_phy_app.o
                0x0800a684                SubghzApp_Init
 .text.OnTxDone
                0x0800a6d0        0xc ./SubGHz_Phy/App/subghz_phy_app.o
 .text.OnRxDone
                0x0800a6dc       0x24 ./SubGHz_Phy/App/subghz_phy_app.o
 .text.OnTxTimeout
                0x0800a700        0xc ./SubGHz_Phy/App/subghz_phy_app.o
 .text.OnRxTimeout
                0x0800a70c        0xc ./SubGHz_Phy/App/subghz_phy_app.o
 .text.OnRxError
                0x0800a718        0xc ./SubGHz_Phy/App/subghz_phy_app.o
 .text.RBI_Init
                0x0800a724        0xe ./SubGHz_Phy/Target/radio_board_if.o
                0x0800a724                RBI_Init
 .text.RBI_ConfigRFSwitch
                0x0800a732       0x1c ./SubGHz_Phy/Target/radio_board_if.o
                0x0800a732                RBI_ConfigRFSwitch
 .text.RBI_GetTxConfig
                0x0800a74e        0xe ./SubGHz_Phy/Target/radio_board_if.o
                0x0800a74e                RBI_GetTxConfig
 .text.RBI_IsTCXO
                0x0800a75c        0xe ./SubGHz_Phy/Target/radio_board_if.o
                0x0800a75c                RBI_IsTCXO
 .text.RBI_IsDCDC
                0x0800a76a        0xe ./SubGHz_Phy/Target/radio_board_if.o
                0x0800a76a                RBI_IsDCDC
 .text.RBI_GetRFOMaxPowerConfig
                0x0800a778       0x1c ./SubGHz_Phy/Target/radio_board_if.o
                0x0800a778                RBI_GetRFOMaxPowerConfig
 .text.UTIL_LPM_Init
                0x0800a794       0x20 ./Utilities/lpm/tiny_lpm/stm32_lpm.o
                0x0800a794                UTIL_LPM_Init
 .text.UTIL_LPM_SetStopMode
                0x0800a7b4       0x60 ./Utilities/lpm/tiny_lpm/stm32_lpm.o
                0x0800a7b4                UTIL_LPM_SetStopMode
 .text.UTIL_LPM_SetOffMode
                0x0800a814       0x60 ./Utilities/lpm/tiny_lpm/stm32_lpm.o
                0x0800a814                UTIL_LPM_SetOffMode
 .text.UTIL_MEM_cpy_8
                0x0800a874       0x3e ./Utilities/misc/stm32_mem.o
                0x0800a874                UTIL_MEM_cpy_8
 .text.UTIL_MEM_set_8
                0x0800a8b2       0x36 ./Utilities/misc/stm32_mem.o
                0x0800a8b2                UTIL_MEM_set_8
 .text.SysTimeAdd
                0x0800a8e8       0x72 ./Utilities/misc/stm32_systime.o
                0x0800a8e8                SysTimeAdd
 *fill*         0x0800a95a        0x2 
 .text.SysTimeGet
                0x0800a95c       0x70 ./Utilities/misc/stm32_systime.o
                0x0800a95c                SysTimeGet
 .text.ee_skip_atoi
                0x0800a9cc       0x4c ./Utilities/misc/stm32_tiny_vsnprintf.o
 .text.ee_number
                0x0800aa18      0x1dc ./Utilities/misc/stm32_tiny_vsnprintf.o
 .text.tiny_vsnprintf_like
                0x0800abf4      0x2a4 ./Utilities/misc/stm32_tiny_vsnprintf.o
                0x0800abf4                tiny_vsnprintf_like
 .text.UTIL_TIMER_Init
                0x0800ae98       0x20 ./Utilities/timer/stm32_timer.o
                0x0800ae98                UTIL_TIMER_Init
 .text.UTIL_TIMER_Create
                0x0800aeb8       0x6c ./Utilities/timer/stm32_timer.o
                0x0800aeb8                UTIL_TIMER_Create
 .text.UTIL_TIMER_Start
                0x0800af24       0xdc ./Utilities/timer/stm32_timer.o
                0x0800af24                UTIL_TIMER_Start
 .text.UTIL_TIMER_Stop
                0x0800b000       0xe0 ./Utilities/timer/stm32_timer.o
                0x0800b000                UTIL_TIMER_Stop
 .text.UTIL_TIMER_SetPeriod
                0x0800b0e0       0x54 ./Utilities/timer/stm32_timer.o
                0x0800b0e0                UTIL_TIMER_SetPeriod
 .text.UTIL_TIMER_IRQ_Handler
                0x0800b134      0x100 ./Utilities/timer/stm32_timer.o
                0x0800b134                UTIL_TIMER_IRQ_Handler
 .text.UTIL_TIMER_GetCurrentTime
                0x0800b234       0x24 ./Utilities/timer/stm32_timer.o
                0x0800b234                UTIL_TIMER_GetCurrentTime
 .text.UTIL_TIMER_GetElapsedTime
                0x0800b258       0x38 ./Utilities/timer/stm32_timer.o
                0x0800b258                UTIL_TIMER_GetElapsedTime
 .text.TimerExists
                0x0800b290       0x38 ./Utilities/timer/stm32_timer.o
                0x0800b290                TimerExists
 .text.TimerSetTimeout
                0x0800b2c8       0x54 ./Utilities/timer/stm32_timer.o
                0x0800b2c8                TimerSetTimeout
 .text.TimerInsertTimer
                0x0800b31c       0x60 ./Utilities/timer/stm32_timer.o
                0x0800b31c                TimerInsertTimer
 .text.TimerInsertNewHeadTimer
                0x0800b37c       0x3c ./Utilities/timer/stm32_timer.o
                0x0800b37c                TimerInsertNewHeadTimer
 .text.UTIL_ADV_TRACE_Init
                0x0800b3b8       0x38 ./Utilities/trace/adv_trace/stm32_adv_trace.o
                0x0800b3b8                UTIL_ADV_TRACE_Init
 .text.UTIL_ADV_TRACE_COND_FSend
                0x0800b3f0      0x100 ./Utilities/trace/adv_trace/stm32_adv_trace.o
                0x0800b3f0                UTIL_ADV_TRACE_COND_FSend
 .text.UTIL_ADV_TRACE_RegisterTimeStampFunction
                0x0800b4f0       0x1c ./Utilities/trace/adv_trace/stm32_adv_trace.o
                0x0800b4f0                UTIL_ADV_TRACE_RegisterTimeStampFunction
 .text.UTIL_ADV_TRACE_SetVerboseLevel
                0x0800b50c       0x20 ./Utilities/trace/adv_trace/stm32_adv_trace.o
                0x0800b50c                UTIL_ADV_TRACE_SetVerboseLevel
 .text.TRACE_Send
                0x0800b52c      0x108 ./Utilities/trace/adv_trace/stm32_adv_trace.o
 .text.TRACE_TxCpltCallback
                0x0800b634      0x118 ./Utilities/trace/adv_trace/stm32_adv_trace.o
 .text.TRACE_AllocateBufer
                0x0800b74c       0xfc ./Utilities/trace/adv_trace/stm32_adv_trace.o
 .text.TRACE_Lock
                0x0800b848       0x3c ./Utilities/trace/adv_trace/stm32_adv_trace.o
 .text.TRACE_UnLock
                0x0800b884       0x3c ./Utilities/trace/adv_trace/stm32_adv_trace.o
 .text.TRACE_IsLocked
                0x0800b8c0       0x20 ./Utilities/trace/adv_trace/stm32_adv_trace.o
 .text.memset   0x0800b8e0       0x10 C:/ST/STM32CubeIDE_1.16.0/STM32CubeIDE/plugins/com.st.stm32cube.ide.mcu.externaltools.gnu-tools-for-stm32.13.3.rel1.win32_1.0.0.202411081344/tools/bin/../lib/gcc/arm-none-eabi/13.3.1/../../../../arm-none-eabi/lib/thumb/v7e-m/nofp\libc_nano.a(libc_a-memset.o)
                0x0800b8e0                memset
 .text.__libc_init_array
                0x0800b8f0       0x48 C:/ST/STM32CubeIDE_1.16.0/STM32CubeIDE/plugins/com.st.stm32cube.ide.mcu.externaltools.gnu-tools-for-stm32.13.3.rel1.win32_1.0.0.202411081344/tools/bin/../lib/gcc/arm-none-eabi/13.3.1/../../../../arm-none-eabi/lib/thumb/v7e-m/nofp\libc_nano.a(libc_a-init.o)
                0x0800b8f0                __libc_init_array
 *(.glue_7)
 .glue_7        0x0800b938        0x0 linker stubs
 *(.glue_7t)
 .glue_7t       0x0800b938        0x0 linker stubs
 *(.eh_frame)
 .eh_frame      0x0800b938        0x0 C:/ST/STM32CubeIDE_1.16.0/STM32CubeIDE/plugins/com.st.stm32cube.ide.mcu.externaltools.gnu-tools-for-stm32.13.3.rel1.win32_1.0.0.202411081344/tools/bin/../lib/gcc/arm-none-eabi/13.3.1/thumb/v7e-m/nofp/crtbegin.o
 *(.init)
 .init          0x0800b938        0x4 C:/ST/STM32CubeIDE_1.16.0/STM32CubeIDE/plugins/com.st.stm32cube.ide.mcu.externaltools.gnu-tools-for-stm32.13.3.rel1.win32_1.0.0.202411081344/tools/bin/../lib/gcc/arm-none-eabi/13.3.1/thumb/v7e-m/nofp/crti.o
                0x0800b938                _init
 .init          0x0800b93c        0x8 C:/ST/STM32CubeIDE_1.16.0/STM32CubeIDE/plugins/com.st.stm32cube.ide.mcu.externaltools.gnu-tools-for-stm32.13.3.rel1.win32_1.0.0.202411081344/tools/bin/../lib/gcc/arm-none-eabi/13.3.1/thumb/v7e-m/nofp/crtn.o
 *(.fini)
 .fini          0x0800b944        0x4 C:/ST/STM32CubeIDE_1.16.0/STM32CubeIDE/plugins/com.st.stm32cube.ide.mcu.externaltools.gnu-tools-for-stm32.13.3.rel1.win32_1.0.0.202411081344/tools/bin/../lib/gcc/arm-none-eabi/13.3.1/thumb/v7e-m/nofp/crti.o
                0x0800b944                _fini
 .fini          0x0800b948        0x8 C:/ST/STM32CubeIDE_1.16.0/STM32CubeIDE/plugins/com.st.stm32cube.ide.mcu.externaltools.gnu-tools-for-stm32.13.3.rel1.win32_1.0.0.202411081344/tools/bin/../lib/gcc/arm-none-eabi/13.3.1/thumb/v7e-m/nofp/crtn.o
                0x0800b950                        . = ALIGN (0x4)
                0x0800b950                        _etext = .

.vfp11_veneer   0x0800b950        0x0
 .vfp11_veneer  0x0800b950        0x0 linker stubs

.v4_bx          0x0800b950        0x0
 .v4_bx         0x0800b950        0x0 linker stubs

.iplt           0x0800b950        0x0
 .iplt          0x0800b950        0x0 C:/ST/STM32CubeIDE_1.16.0/STM32CubeIDE/plugins/com.st.stm32cube.ide.mcu.externaltools.gnu-tools-for-stm32.13.3.rel1.win32_1.0.0.202411081344/tools/bin/../lib/gcc/arm-none-eabi/13.3.1/thumb/v7e-m/nofp/crtbegin.o

.rodata         0x0800b950      0x354
                0x0800b950                        . = ALIGN (0x4)
 *(.rodata)
 .rodata        0x0800b950        0x9 ./Core/Src/sys_app.o
 *fill*         0x0800b959        0x3 
 .rodata        0x0800b95c       0x1c ./Drivers/STM32WLxx_HAL_Driver/Src/stm32wlxx_hal_rcc.o
 .rodata        0x0800b978       0x7c ./Middlewares/Third_Party/SubGHz_Phy/stm32_radio_driver/radio.o
 .rodata        0x0800b9f4       0x57 ./Utilities/misc/stm32_tiny_vsnprintf.o
 *(.rodata*)
 *fill*         0x0800ba4b        0x1 
 .rodata.AHBPrescTable
                0x0800ba4c       0x40 ./Core/Src/system_stm32wlxx.o
                0x0800ba4c                AHBPrescTable
 .rodata.APBPrescTable
                0x0800ba8c       0x20 ./Core/Src/system_stm32wlxx.o
                0x0800ba8c                APBPrescTable
 .rodata.MSIRangeTable
                0x0800baac       0x40 ./Core/Src/system_stm32wlxx.o
                0x0800baac                MSIRangeTable
 .rodata.UTIL_TimerDriver
                0x0800baec       0x2c ./Core/Src/timer_if.o
                0x0800baec                UTIL_TimerDriver
 .rodata.UTIL_SYSTIMDriver
                0x0800bb18       0x14 ./Core/Src/timer_if.o
                0x0800bb18                UTIL_SYSTIMDriver
 .rodata.UTIL_TraceDriver
                0x0800bb2c       0x10 ./Core/Src/usart_if.o
                0x0800bb2c                UTIL_TraceDriver
 .rodata.UARTPrescTable
                0x0800bb3c       0x18 ./Drivers/STM32WLxx_HAL_Driver/Src/stm32wlxx_hal_uart.o
                0x0800bb3c                UARTPrescTable
 .rodata.numerator.1
                0x0800bb54        0x8 ./Drivers/STM32WLxx_HAL_Driver/Src/stm32wlxx_hal_uart_ex.o
 .rodata.denominator.0
                0x0800bb5c        0x8 ./Drivers/STM32WLxx_HAL_Driver/Src/stm32wlxx_hal_uart_ex.o
 .rodata.Radio  0x0800bb64       0x8c ./Middlewares/Third_Party/SubGHz_Phy/stm32_radio_driver/radio.o
                0x0800bb64                Radio
 .rodata.Bandwidths
                0x0800bbf0        0x3 ./Middlewares/Third_Party/SubGHz_Phy/stm32_radio_driver/radio.o
                0x0800bbf0                Bandwidths
 *fill*         0x0800bbf3        0x1 
 .rodata.FskBandwidths
                0x0800bbf4       0xb0 ./Middlewares/Third_Party/SubGHz_Phy/stm32_radio_driver/radio_driver.o
                0x0800bca4                        . = ALIGN (0x4)

.ARM.extab      0x0800bca4        0x0
                0x0800bca4                        . = ALIGN (0x4)
 *(.ARM.extab* .gnu.linkonce.armextab.*)
                0x0800bca4                        . = ALIGN (0x4)

.ARM            0x0800bca4        0x8
                0x0800bca4                        . = ALIGN (0x4)
                0x0800bca4                        __exidx_start = .
 *(.ARM.exidx*)
 .ARM.exidx     0x0800bca4        0x8 C:/ST/STM32CubeIDE_1.16.0/STM32CubeIDE/plugins/com.st.stm32cube.ide.mcu.externaltools.gnu-tools-for-stm32.13.3.rel1.win32_1.0.0.202411081344/tools/bin/../lib/gcc/arm-none-eabi/13.3.1/../../../../arm-none-eabi/lib/thumb/v7e-m/nofp\libc_nano.a(libc_a-strlen.o)
 .ARM.exidx     0x0800bcac        0x0 C:/ST/STM32CubeIDE_1.16.0/STM32CubeIDE/plugins/com.st.stm32cube.ide.mcu.externaltools.gnu-tools-for-stm32.13.3.rel1.win32_1.0.0.202411081344/tools/bin/../lib/gcc/arm-none-eabi/13.3.1/thumb/v7e-m/nofp\libgcc.a(_udivmoddi4.o)
                                  0x8 (size before relaxing)
                0x0800bcac                        __exidx_end = .
                0x0800bcac                        . = ALIGN (0x4)

.preinit_array  0x0800bcac        0x0
                0x0800bcac                        . = ALIGN (0x4)
                0x0800bcac                        PROVIDE (__preinit_array_start = .)
 *(.preinit_array*)
                0x0800bcac                        PROVIDE (__preinit_array_end = .)
                0x0800bcac                        . = ALIGN (0x4)

.init_array     0x0800bcac        0x4
                0x0800bcac                        . = ALIGN (0x4)
                0x0800bcac                        PROVIDE (__init_array_start = .)
 *(SORT_BY_NAME(.init_array.*))
 *(.init_array*)
 .init_array    0x0800bcac        0x4 C:/ST/STM32CubeIDE_1.16.0/STM32CubeIDE/plugins/com.st.stm32cube.ide.mcu.externaltools.gnu-tools-for-stm32.13.3.rel1.win32_1.0.0.202411081344/tools/bin/../lib/gcc/arm-none-eabi/13.3.1/thumb/v7e-m/nofp/crtbegin.o
                0x0800bcb0                        PROVIDE (__init_array_end = .)
                0x0800bcb0                        . = ALIGN (0x4)

.fini_array     0x0800bcb0        0x4
                0x0800bcb0                        . = ALIGN (0x4)
                [!provide]                        PROVIDE (__fini_array_start = .)
 *(SORT_BY_NAME(.fini_array.*))
 *(.fini_array*)
 .fini_array    0x0800bcb0        0x4 C:/ST/STM32CubeIDE_1.16.0/STM32CubeIDE/plugins/com.st.stm32cube.ide.mcu.externaltools.gnu-tools-for-stm32.13.3.rel1.win32_1.0.0.202411081344/tools/bin/../lib/gcc/arm-none-eabi/13.3.1/thumb/v7e-m/nofp/crtbegin.o
                [!provide]                        PROVIDE (__fini_array_end = .)
                0x0800bcb4                        . = ALIGN (0x4)
                0x0800bcb4                        _sidata = LOADADDR (.data)

.rel.dyn        0x0800bcb4        0x0
 .rel.iplt      0x0800bcb4        0x0 C:/ST/STM32CubeIDE_1.16.0/STM32CubeIDE/plugins/com.st.stm32cube.ide.mcu.externaltools.gnu-tools-for-stm32.13.3.rel1.win32_1.0.0.202411081344/tools/bin/../lib/gcc/arm-none-eabi/13.3.1/thumb/v7e-m/nofp/crtbegin.o

.data           0x20000000       0x14 load address 0x0800bcb4
                0x20000000                        . = ALIGN (0x4)
                0x20000000                        _sdata = .
 *(.data)
 *(.data*)
 .data.SystemCoreClock
                0x20000000        0x4 ./Core/Src/system_stm32wlxx.o
                0x20000000                SystemCoreClock
 .data.uwTickPrio
                0x20000004        0x4 ./Drivers/STM32WLxx_HAL_Driver/Src/stm32wlxx_hal.o
                0x20000004                uwTickPrio
 .data.MaxPayloadLength
                0x20000008        0x1 ./Middlewares/Third_Party/SubGHz_Phy/stm32_radio_driver/radio.o
 *fill*         0x20000009        0x3 
 .data.lower_digits
                0x2000000c        0x4 ./Utilities/misc/stm32_tiny_vsnprintf.o
 .data.upper_digits
                0x20000010        0x4 ./Utilities/misc/stm32_tiny_vsnprintf.o
 *(.RamFunc)
 *(.RamFunc*)
                0x20000014                        . = ALIGN (0x4)
                0x20000014                        _edata = .

.igot.plt       0x20000014        0x0 load address 0x0800bcc8
 .igot.plt      0x20000014        0x0 C:/ST/STM32CubeIDE_1.16.0/STM32CubeIDE/plugins/com.st.stm32cube.ide.mcu.externaltools.gnu-tools-for-stm32.13.3.rel1.win32_1.0.0.202411081344/tools/bin/../lib/gcc/arm-none-eabi/13.3.1/thumb/v7e-m/nofp/crtbegin.o
                0x20000014                        . = ALIGN (0x4)

.bss            0x20000014      0x670 load address 0x0800bcc8
                0x20000014                        _sbss = .
                0x20000014                        __bss_start__ = _sbss
 *(.bss)
 .bss           0x20000014       0x1c C:/ST/STM32CubeIDE_1.16.0/STM32CubeIDE/plugins/com.st.stm32cube.ide.mcu.externaltools.gnu-tools-for-stm32.13.3.rel1.win32_1.0.0.202411081344/tools/bin/../lib/gcc/arm-none-eabi/13.3.1/thumb/v7e-m/nofp/crtbegin.o
 *(.bss*)
 .bss.rxDone    0x20000030        0x1 ./Core/Src/rak3172LoRa.o
                0x20000030                rxDone
 .bss.rxTimout  0x20000031        0x1 ./Core/Src/rak3172LoRa.o
                0x20000031                rxTimout
 .bss.txTimout  0x20000032        0x1 ./Core/Src/rak3172LoRa.o
                0x20000032                txTimout
 .bss.txDone    0x20000033        0x1 ./Core/Src/rak3172LoRa.o
                0x20000033                txDone
 .bss.rxerror   0x20000034        0x1 ./Core/Src/rak3172LoRa.o
                0x20000034                rxerror
 *fill*         0x20000035        0x1 
 .bss.rssiVal   0x20000036        0x2 ./Core/Src/rak3172LoRa.o
                0x20000036                rssiVal
 .bss.snrVal    0x20000038        0x1 ./Core/Src/rak3172LoRa.o
                0x20000038                snrVal
 *fill*         0x20000039        0x3 
 .bss.RadioEvents.0
                0x2000003c       0x1c ./Core/Src/rak3172LoRa.o
 .bss.hrtc      0x20000058       0x38 ./Core/Src/rtc.o
                0x20000058                hrtc
 .bss.hsubghz   0x20000090        0xc ./Core/Src/subghz.o
                0x20000090                hsubghz
 .bss.SYS_TimerInitialisedFlag
                0x2000009c        0x1 ./Core/Src/sys_app.o
 .bss.RTC_Initialized
                0x2000009d        0x1 ./Core/Src/timer_if.o
 *fill*         0x2000009e        0x2 
 .bss.RtcTimerContext
                0x200000a0        0x4 ./Core/Src/timer_if.o
 .bss.huart2    0x200000a4       0x94 ./Core/Src/usart.o
                0x200000a4                huart2
 .bss.hdma_usart2_tx
                0x20000138       0x60 ./Core/Src/usart.o
                0x20000138                hdma_usart2_tx
 .bss.charRx    0x20000198        0x1 ./Core/Src/usart_if.o
                0x20000198                charRx
 *fill*         0x20000199        0x3 
 .bss.TxCpltCallback
                0x2000019c        0x4 ./Core/Src/usart_if.o
 .bss.RxCpltCallback
                0x200001a0        0x4 ./Core/Src/usart_if.o
 .bss.RadioBuffer
                0x200001a4       0xff ./Middlewares/Third_Party/SubGHz_Phy/stm32_radio_driver/radio.o
 *fill*         0x200002a3        0x1 
 .bss.RadioEvents
                0x200002a4        0x4 ./Middlewares/Third_Party/SubGHz_Phy/stm32_radio_driver/radio.o
 .bss.SubgRf    0x200002a8       0x5c ./Middlewares/Third_Party/SubGHz_Phy/stm32_radio_driver/radio.o
                0x200002a8                SubgRf
 .bss.TxTimeoutTimer
                0x20000304       0x18 ./Middlewares/Third_Party/SubGHz_Phy/stm32_radio_driver/radio.o
                0x20000304                TxTimeoutTimer
 .bss.RxTimeoutTimer
                0x2000031c       0x18 ./Middlewares/Third_Party/SubGHz_Phy/stm32_radio_driver/radio.o
                0x2000031c                RxTimeoutTimer
 .bss.OperatingMode
                0x20000334        0x1 ./Middlewares/Third_Party/SubGHz_Phy/stm32_radio_driver/radio_driver.o
 .bss.PacketType
                0x20000335        0x1 ./Middlewares/Third_Party/SubGHz_Phy/stm32_radio_driver/radio_driver.o
 .bss.LoRaHeaderType
                0x20000336        0x1 ./Middlewares/Third_Party/SubGHz_Phy/stm32_radio_driver/radio_driver.o
 *fill*         0x20000337        0x1 
 .bss.FrequencyError
                0x20000338        0x4 ./Middlewares/Third_Party/SubGHz_Phy/stm32_radio_driver/radio_driver.o
                0x20000338                FrequencyError
 .bss.ImageCalibrated
                0x2000033c        0x1 ./Middlewares/Third_Party/SubGHz_Phy/stm32_radio_driver/radio_driver.o
 *fill*         0x2000033d        0x3 
 .bss.RadioOnDioIrqCb
                0x20000340        0x4 ./Middlewares/Third_Party/SubGHz_Phy/stm32_radio_driver/radio_driver.o
 .bss.RadioEvents
                0x20000344       0x1c ./SubGHz_Phy/App/subghz_phy_app.o
 .bss.StopModeDisable
                0x20000360        0x4 ./Utilities/lpm/tiny_lpm/stm32_lpm.o
 .bss.OffModeDisable
                0x20000364        0x4 ./Utilities/lpm/tiny_lpm/stm32_lpm.o
 .bss.TimerListHead
                0x20000368        0x4 ./Utilities/timer/stm32_timer.o
 .bss.ADV_TRACE_Ctx
                0x2000036c       0x18 ./Utilities/trace/adv_trace/stm32_adv_trace.o
 .bss.ADV_TRACE_Buffer
                0x20000384      0x200 ./Utilities/trace/adv_trace/stm32_adv_trace.o
 .bss.sztmp     0x20000584      0x100 ./Utilities/trace/adv_trace/stm32_adv_trace.o
 *(COMMON)
                0x20000684                        . = ALIGN (0x4)
                0x20000684                        _ebss = .
                0x20000684                        __bss_end__ = _ebss

._user_heap_stack
                0x20000684      0x604 load address 0x0800bcc8
                0x20000688                        . = ALIGN (0x8)
 *fill*         0x20000684        0x4 
                [!provide]                        PROVIDE (end = .)
                0x20000688                        PROVIDE (_end = .)
                0x20000888                        . = (. + _Min_Heap_Size)
 *fill*         0x20000688      0x200 
                0x20000c88                        . = (. + _Min_Stack_Size)
 *fill*         0x20000888      0x400 
                0x20000c88                        . = ALIGN (0x8)

/DISCARD/
 libc.a(*)
 libm.a(*)
 libgcc.a(*)

.ARM.attributes
                0x00000000       0x2a
 *(.ARM.attributes)
 .ARM.attributes
                0x00000000       0x1e C:/ST/STM32CubeIDE_1.16.0/STM32CubeIDE/plugins/com.st.stm32cube.ide.mcu.externaltools.gnu-tools-for-stm32.13.3.rel1.win32_1.0.0.202411081344/tools/bin/../lib/gcc/arm-none-eabi/13.3.1/thumb/v7e-m/nofp/crti.o
 .ARM.attributes
                0x0000001e       0x2e C:/ST/STM32CubeIDE_1.16.0/STM32CubeIDE/plugins/com.st.stm32cube.ide.mcu.externaltools.gnu-tools-for-stm32.13.3.rel1.win32_1.0.0.202411081344/tools/bin/../lib/gcc/arm-none-eabi/13.3.1/thumb/v7e-m/nofp/crtbegin.o
 .ARM.attributes
                0x0000004c       0x2e ./Core/Src/dma.o
 .ARM.attributes
                0x0000007a       0x2e ./Core/Src/gpio.o
 .ARM.attributes
                0x000000a8       0x2e ./Core/Src/main.o
 .ARM.attributes
                0x000000d6       0x2e ./Core/Src/rak3172LoRa.o
 .ARM.attributes
                0x00000104       0x2e ./Core/Src/rtc.o
 .ARM.attributes
                0x00000132       0x2e ./Core/Src/stm32wlxx_hal_msp.o
 .ARM.attributes
                0x00000160       0x2e ./Core/Src/stm32wlxx_it.o
 .ARM.attributes
                0x0000018e       0x2e ./Core/Src/stm32wlxx_nucleo_radio.o
 .ARM.attributes
                0x000001bc       0x2e ./Core/Src/subghz.o
 .ARM.attributes
                0x000001ea       0x2e ./Core/Src/sys_app.o
 .ARM.attributes
                0x00000218       0x2e ./Core/Src/sys_debug.o
 .ARM.attributes
                0x00000246       0x2e ./Core/Src/system_stm32wlxx.o
 .ARM.attributes
                0x00000274       0x2e ./Core/Src/timer_if.o
 .ARM.attributes
                0x000002a2       0x2e ./Core/Src/usart.o
 .ARM.attributes
                0x000002d0       0x2e ./Core/Src/usart_if.o
 .ARM.attributes
                0x000002fe       0x21 ./Core/Startup/startup_stm32wle5ccux.o
 .ARM.attributes
                0x0000031f       0x2e ./Drivers/STM32WLxx_HAL_Driver/Src/stm32wlxx_hal.o
 .ARM.attributes
                0x0000034d       0x2e ./Drivers/STM32WLxx_HAL_Driver/Src/stm32wlxx_hal_cortex.o
 .ARM.attributes
                0x0000037b       0x2e ./Drivers/STM32WLxx_HAL_Driver/Src/stm32wlxx_hal_dma.o
 .ARM.attributes